 addons

 Timestamp is 58f405e0 (Mon Apr 17 01:01:36 2017)

 Preferred load address is 0000000180000000

 Start         Length     Name                   Class
 0001:00000000 00000070H .text$di                CODE
 0001:00000070 00025050H .text$mn                CODE
 0001:000250c0 00000020H .text$mn$00             CODE
 0001:000250e0 000003e0H .text$x                 CODE
 0001:000254c0 000000fcH .text$yd                CODE
 0002:00000000 000002a0H .idata$5                DATA
 0002:000002a0 00000010H .00cfg                  DATA
 0002:000002b0 00000008H .CRT$XCA                DATA
 0002:000002b8 00000018H .CRT$XCC                DATA
 0002:000002d0 00000010H .CRT$XCL                DATA
 0002:000002e0 00000008H .CRT$XCU                DATA
 0002:000002e8 00000008H .CRT$XCZ                DATA
 0002:000002f0 00000008H .CRT$XIA                DATA
 0002:000002f8 00000030H .CRT$XIC                DATA
 0002:00000328 00000008H .CRT$XIZ                DATA
 0002:00000330 00000008H .CRT$XLA                DATA
 0002:00000338 00000008H .CRT$XLZ                DATA
 0002:00000340 00000008H .CRT$XPA                DATA
 0002:00000348 00000010H .CRT$XPX                DATA
 0002:00000358 00000008H .CRT$XPXA               DATA
 0002:00000360 00000008H .CRT$XPZ                DATA
 0002:00000368 00000008H .CRT$XTA                DATA
 0002:00000370 00000010H .CRT$XTZ                DATA
 0002:00000380 0000f628H .rdata                  DATA
 0002:0000f9a8 00000028H .rdata$T                DATA
 0002:0000f9d0 0000087cH .rdata$r                DATA
 0002:0001024c 0000048cH .rdata$zzzdbg           DATA
 0002:000106d8 00000008H .rtc$IAA                DATA
 0002:000106e0 00000008H .rtc$IZZ                DATA
 0002:000106e8 00000008H .rtc$TAA                DATA
 0002:000106f0 00000010H .rtc$TZZ                DATA
 0002:00010700 00002500H .xdata                  DATA
 0002:00012c00 000002d4H .xdata$x                DATA
 0002:00012ed4 00000020H .didat$2                DATA
 0002:00012ef4 00000024H .didat$3                DATA
 0002:00012f18 000000a0H .didat$4                DATA
 0002:00012fb8 00000470H .didat$6                DATA
 0002:00013428 000000a8H .didat$7                DATA
 0002:000134d0 00000050H .edata                  DATA
 0002:00013520 00000014H .idata$2                DATA
 0002:00013534 00000014H .idata$3                DATA
 0002:00013548 000002a0H .idata$4                DATA
 0002:000137e8 00000610H .idata$6                DATA
 0003:00000000 00000a60H .data                   DATA
 0003:00000a60 000002b8H .data$r                 DATA
 0003:00000d18 000000a8H .didat$5                DATA
 0003:00000dc0 0000184cH .bss                    DATA
 0004:00000000 000027a8H .pdata                  DATA
 0005:00000000 000000b4H .gfids$x                DATA
 0005:000000b4 000000fcH .gfids$y                DATA
 0006:00000000 00000004H .tls                    DATA
 0006:00000004 00000004H .tls$                   DATA
 0006:00000008 00000001H .tls$ZZZ                DATA
 0007:00000000 00000060H .rsrc$01                DATA
 0007:00000060 00000180H .rsrc$02                DATA

  Address         Publics by Value              Rva+Base               Lib:Object

 0000:00000000       __guard_iat_count          0000000000000000     <absolute>
 0000:00000000       __dynamic_value_reloc_table 0000000000000000     <absolute>
 0000:00000000       __guard_iat_table          0000000000000000     <absolute>
 0000:00000000       __guard_longjmp_table      0000000000000000     <absolute>
 0000:00000000       __guard_longjmp_count      0000000000000000     <absolute>
 0000:00000000       __guard_fids_count         0000000000000000     <absolute>
 0000:00000000       ___safe_se_handler_table   0000000000000000     <absolute>
 0000:00000000       ___safe_se_handler_count   0000000000000000     <absolute>
 0000:00000000       __guard_fids_table         0000000000000000     <absolute>
 0000:00000100       __guard_flags              0000000000000100     <absolute>
 0000:00000000       __ImageBase                0000000180000000     <linker-defined>
 0001:00000070       ?what@exception@stdext@@UEBAPEBDXZ 0000000180001070 f i NodeDOMModule.obj
 0001:00000090       _guard_check_icall_nop     0000000180001090 f i LIBCMT:guard_support.obj
 0001:00000090       ?imbue@?$basic_streambuf@DU?$char_traits@D@std@@@std@@MEAAXAEBVlocale@2@@Z 0000000180001090 f i NodeDOMModule.obj
 0001:00000090       __except_validate_context_record 0000000180001090 f i libvcruntime:jbcxrval.obj
 0001:00000090       ?_Lock@?$basic_streambuf@DU?$char_traits@D@std@@@std@@UEAAXXZ 0000000180001090 f i NodeDOMModule.obj
 0001:00000090       ?_Doraise@exception@stdext@@MEBAXXZ 0000000180001090 f i NodeDOMModule.obj
 0001:00000090       ?_Unlock@?$basic_streambuf@DU?$char_traits@D@std@@@std@@UEAAXXZ 0000000180001090 f i NodeDOMModule.obj
 0001:000000a0       ??_Eexception@stdext@@UEAAPEAXI@Z 00000001800010a0 f i * CIL library *:* CIL module *
 0001:000000a0       ??_Gexception@stdext@@UEAAPEAXI@Z 00000001800010a0 f i NodeDOMModule.obj
 0001:000000a0       ??_Eruntime_error@std@@UEAAPEAXI@Z 00000001800010a0 f i * CIL library *:* CIL module *
 0001:000000a0       ??_Gruntime_error@std@@UEAAPEAXI@Z 00000001800010a0 f i NodeDOMModule.obj
 0001:000000d0       ?_Doraise@runtime_error@std@@MEBAXXZ 00000001800010d0 f i NodeDOMModule.obj
 0001:000000d0       ?_Doraise@failure@ios_base@std@@MEBAXXZ 00000001800010d0 f i NodeDOMModule.obj
 0001:000000f0       ?NODE_SET_METHOD@node@@YAXV?$Local@VObject@v8@@@v8@@PEBDP6AXAEBV?$FunctionCallbackInfo@VValue@v8@@@3@@Z@Z 00000001800010f0 f i NodeDOMModule.obj
 0001:000001c0       ??0_Locinfo@std@@QEAA@PEBD@Z 00000001800011c0 f i NodeDOMModule.obj
 0001:00000280       ??1_Locinfo@std@@QEAA@XZ   0000000180001280 f i NodeDOMModule.obj
 0001:00000320       ??_E_Facet_base@std@@UEAAPEAXI@Z 0000000180001320 f i * CIL library *:* CIL module *
 0001:00000320       ??_G_Facet_base@std@@UEAAPEAXI@Z 0000000180001320 f i NodeDOMModule.obj
 0001:00000350       ?_Incref@facet@locale@std@@UEAAXXZ 0000000180001350 f i NodeDOMModule.obj
 0001:00000360       ?_Decref@facet@locale@std@@UEAAPEAV_Facet_base@3@XZ 0000000180001360 f i NodeDOMModule.obj
 0001:00000370       ?name@locale@std@@QEBA?AV?$basic_string@DU?$char_traits@D@std@@V?$allocator@D@2@@2@XZ 0000000180001370 f i NodeDOMModule.obj
 0001:00000530       ?tolower@?$ctype@D@std@@QEBAPEBDPEADPEBD@Z 0000000180001530 f i NodeDOMModule.obj
 0001:000005c0       ?_Getcat@?$ctype@D@std@@SA_KPEAPEBVfacet@locale@2@PEBV42@@Z 00000001800015c0 f i NodeDOMModule.obj
 0001:00000680       ?do_tolower@?$ctype@D@std@@MEBADD@Z 0000000180001680 f i NodeDOMModule.obj
 0001:00000690       ?do_tolower@?$ctype@D@std@@MEBAPEBDPEADPEBD@Z 0000000180001690 f i NodeDOMModule.obj
 0001:000006f0       ?do_toupper@?$ctype@D@std@@MEBADD@Z 00000001800016f0 f i NodeDOMModule.obj
 0001:00000700       ?do_toupper@?$ctype@D@std@@MEBAPEBDPEADPEBD@Z 0000000180001700 f i NodeDOMModule.obj
 0001:00000760       ?do_widen@?$ctype@D@std@@MEBADD@Z 0000000180001760 f i NodeDOMModule.obj
 0001:00000760       ?do_narrow@?$ctype@D@std@@MEBADDD@Z 0000000180001760 f i NodeDOMModule.obj
 0001:00000770       ?do_widen@?$ctype@D@std@@MEBAPEBDPEBD0PEAD@Z 0000000180001770 f i NodeDOMModule.obj
 0001:00000790       ?do_narrow@?$ctype@D@std@@MEBAPEBDPEBD0DPEAD@Z 0000000180001790 f i NodeDOMModule.obj
 0001:000007b0       ??_G?$ctype@D@std@@MEAAPEAXI@Z 00000001800017b0 f i NodeDOMModule.obj
 0001:000007b0       ??_E?$ctype@D@std@@MEAAPEAXI@Z 00000001800017b0 f i * CIL library *:* CIL module *
 0001:00000820       ??_G_Iostream_error_category@std@@UEAAPEAXI@Z 0000000180001820 f i NodeDOMModule.obj
 0001:00000820       ??_Eerror_category@std@@UEAAPEAXI@Z 0000000180001820 f i * CIL library *:* CIL module *
 0001:00000820       ??_E_Iostream_error_category@std@@UEAAPEAXI@Z 0000000180001820 f i * CIL library *:* CIL module *
 0001:00000820       ??_Gerror_category@std@@UEAAPEAXI@Z 0000000180001820 f i NodeDOMModule.obj
 0001:00000850       ?default_error_condition@error_category@std@@UEBA?AVerror_condition@2@H@Z 0000000180001850 f i NodeDOMModule.obj
 0001:00000860       ?equivalent@error_category@std@@UEBA_NHAEBVerror_condition@2@@Z 0000000180001860 f i NodeDOMModule.obj
 0001:00000880       ?equivalent@error_category@std@@UEBA_NAEBVerror_code@2@H@Z 0000000180001880 f i NodeDOMModule.obj
 0001:000008a0       ?_Makestr@_System_error@std@@CA?AV?$basic_string@DU?$char_traits@D@std@@V?$allocator@D@2@@2@Verror_code@2@V32@@Z 00000001800018a0 f i NodeDOMModule.obj
 0001:000009a0       ??_E_System_error@std@@UEAAPEAXI@Z 00000001800019a0 f i * CIL library *:* CIL module *
 0001:000009a0       ??_Gfailure@ios_base@std@@UEAAPEAXI@Z 00000001800019a0 f i NodeDOMModule.obj
 0001:000009a0       ??_G_System_error@std@@UEAAPEAXI@Z 00000001800019a0 f i NodeDOMModule.obj
 0001:000009a0       ??_Efailure@ios_base@std@@UEAAPEAXI@Z 00000001800019a0 f i * CIL library *:* CIL module *
 0001:000009d0       ?name@_Iostream_error_category@std@@UEBAPEBDXZ 00000001800019d0 f i NodeDOMModule.obj
 0001:000009e0       ?message@_Iostream_error_category@std@@UEBA?AV?$basic_string@DU?$char_traits@D@std@@V?$allocator@D@2@@2@H@Z 00000001800019e0 f i NodeDOMModule.obj
 0001:00000a60       ?clear@ios_base@std@@QEAAXH_N@Z 0000000180001a60 f i NodeDOMModule.obj
 0001:00000fa0       ??_Eios_base@std@@UEAAPEAXI@Z 0000000180001fa0 f i * CIL library *:* CIL module *
 0001:00000fa0       ??_Gios_base@std@@UEAAPEAXI@Z 0000000180001fa0 f i NodeDOMModule.obj
 0001:00000fe0       ??_E_Node_endif@std@@UEAAPEAXI@Z 0000000180001fe0 f i * CIL library *:* CIL module *
 0001:00000fe0       ??_G_Node_base@std@@UEAAPEAXI@Z 0000000180001fe0 f i NodeDOMModule.obj
 0001:00000fe0       ??_G_Node_endif@std@@UEAAPEAXI@Z 0000000180001fe0 f i NodeDOMModule.obj
 0001:00000fe0       ??_E_Node_base@std@@UEAAPEAXI@Z 0000000180001fe0 f i * CIL library *:* CIL module *
 0001:00001010       ?_Destroy_node@std@@YAXPEAV_Node_base@1@0@Z 0000000180002010 f i NodeDOMModule.obj
 0001:00001070       ??_G_Root_node@std@@UEAAPEAXI@Z 0000000180002070 f i NodeDOMModule.obj
 0001:00001070       ??_E_Root_node@std@@UEAAPEAXI@Z 0000000180002070 f i * CIL library *:* CIL module *
 0001:000010a0       ??_G_Node_capture@std@@UEAAPEAXI@Z 00000001800020a0 f i NodeDOMModule.obj
 0001:000010a0       ??_E_Node_back@std@@UEAAPEAXI@Z 00000001800020a0 f i * CIL library *:* CIL module *
 0001:000010a0       ??_G_Node_end_rep@std@@UEAAPEAXI@Z 00000001800020a0 f i NodeDOMModule.obj
 0001:000010a0       ??_E_Node_end_group@std@@UEAAPEAXI@Z 00000001800020a0 f i * CIL library *:* CIL module *
 0001:000010a0       ??_G_Node_end_group@std@@UEAAPEAXI@Z 00000001800020a0 f i NodeDOMModule.obj
 0001:000010a0       ??_E_Node_end_rep@std@@UEAAPEAXI@Z 00000001800020a0 f i * CIL library *:* CIL module *
 0001:000010a0       ??_G_Node_back@std@@UEAAPEAXI@Z 00000001800020a0 f i NodeDOMModule.obj
 0001:000010a0       ??_E_Node_capture@std@@UEAAPEAXI@Z 00000001800020a0 f i * CIL library *:* CIL module *
 0001:000010d0       ??1_Node_assert@std@@UEAA@XZ 00000001800020d0 f i NodeDOMModule.obj
 0001:00001150       ??_E_Node_assert@std@@UEAAPEAXI@Z 0000000180002150 f i * CIL library *:* CIL module *
 0001:00001150       ??_G_Node_assert@std@@UEAAPEAXI@Z 0000000180002150 f i NodeDOMModule.obj
 0001:00001190       ??1_Node_if@std@@UEAA@XZ   0000000180002190 f i NodeDOMModule.obj
 0001:00001240       ??_G_Node_if@std@@UEAAPEAXI@Z 0000000180002240 f i NodeDOMModule.obj
 0001:00001240       ??_E_Node_if@std@@UEAAPEAXI@Z 0000000180002240 f i * CIL library *:* CIL module *
 0001:00001280       ??_E_Node_rep@std@@UEAAPEAXI@Z 0000000180002280 f i * CIL library *:* CIL module *
 0001:00001280       ??_G_Node_rep@std@@UEAAPEAXI@Z 0000000180002280 f i NodeDOMModule.obj
 0001:000012b0       ?_Calculate_loop_simplicity@std@@YAXPEAV_Node_base@1@0PEAV_Node_rep@1@@Z 00000001800022b0 f i NodeDOMModule.obj
 0001:00001390       ?parse@TagBuildr@NodeDOM@@AEAAXV?$basic_string@DU?$char_traits@D@std@@V?$allocator@D@2@@std@@@Z 0000000180002390 f   NodeDOMModule.obj
 0001:00001d00       ?buildAttrs@TagBuildr@NodeDOM@@AEAAXXZ 0000000180002d00 f   NodeDOMModule.obj
 0001:000024d0       ?render@TagBuildr@NodeDOM@@QEAA?AV?$basic_string@DU?$char_traits@D@std@@V?$allocator@D@2@@std@@V34@V?$vector@V?$basic_string@DU?$char_traits@D@std@@V?$allocator@D@2@@std@@V?$allocator@V?$basic_string@DU?$char_traits@D@std@@V?$allocator@D@2@@std@@@2@@4@@Z 00000001800034d0 f   NodeDOMModule.obj
 0001:000026d0       ?trim@TagBuildr@NodeDOM@@AEAA?AV?$basic_string@DU?$char_traits@D@std@@V?$allocator@D@2@@std@@V34@@Z 00000001800036d0 f   NodeDOMModule.obj
 0001:00002860       ?handleChildren@NodeDOM@@YA?AV?$vector@V?$basic_string@DU?$char_traits@D@std@@V?$allocator@D@2@@std@@V?$allocator@V?$basic_string@DU?$char_traits@D@std@@V?$allocator@D@2@@std@@@2@@std@@AEBV?$FunctionCallbackInfo@VValue@v8@@@v8@@@Z 0000000180003860 f   NodeDOMModule.obj
 0001:00002cb0       ?Method@NodeDOM@@YAXAEBV?$FunctionCallbackInfo@VValue@v8@@@v8@@@Z 0000000180003cb0 f   NodeDOMModule.obj
 0001:00003260       ??0TagBuildr@NodeDOM@@QEAA@XZ 0000000180004260 f i NodeDOMModule.obj
 0001:000034f0       ?init@NodeDOM@@YAXV?$Local@VObject@v8@@@v8@@@Z 00000001800044f0 f   NodeDOMModule.obj
 0001:00003510       ?str@?$match_results@V?$_String_const_iterator@V?$_String_val@U?$_Simple_types@D@std@@@std@@@std@@V?$allocator@V?$sub_match@V?$_String_const_iterator@V?$_String_val@U?$_Simple_types@D@std@@@std@@@std@@@std@@@2@@std@@QEBA?AV?$basic_string@DU?$char_traits@D@std@@V?$allocator@D@2@@2@_K@Z 0000000180004510 f i NodeDOMModule.obj
 0001:00003630       ??A?$basic_string@DU?$char_traits@D@std@@V?$allocator@D@2@@std@@QEAAAEAD_K@Z 0000000180004630 f i NodeDOMModule.obj
 0001:00003650       ?erase@?$basic_string@DU?$char_traits@D@std@@V?$allocator@D@2@@std@@QEAAAEAV12@_K0@Z 0000000180004650 f i NodeDOMModule.obj
 0001:00003720       ??1?$basic_string@DU?$char_traits@D@std@@V?$allocator@D@2@@std@@QEAA@XZ 0000000180004720 f i NodeDOMModule.obj
 0001:000037b0       ??4?$basic_string@DU?$char_traits@D@std@@V?$allocator@D@2@@std@@QEAAAEAV01@$$QEAV01@@Z 00000001800047b0 f i NodeDOMModule.obj
 0001:00003860       ??1?$basic_stringstream@DU?$char_traits@D@std@@V?$allocator@D@2@@std@@UEAA@XZ 0000000180004860 f i NodeDOMModule.obj
 0001:00003990       ??0?$basic_stringstream@DU?$char_traits@D@std@@V?$allocator@D@2@@std@@QEAA@H@Z 0000000180004990 f i NodeDOMModule.obj
 0001:00003a30       ?seekpos@?$basic_stringbuf@DU?$char_traits@D@std@@V?$allocator@D@2@@std@@MEAA?AV?$fpos@U_Mbstatet@@@2@V32@H@Z 0000000180004a30 f i NodeDOMModule.obj
 0001:00003b40       ?seekoff@?$basic_stringbuf@DU?$char_traits@D@std@@V?$allocator@D@2@@std@@MEAA?AV?$fpos@U_Mbstatet@@@2@_JHH@Z 0000000180004b40 f i NodeDOMModule.obj
 0001:00003cd0       ?underflow@?$basic_stringbuf@DU?$char_traits@D@std@@V?$allocator@D@2@@std@@MEAAHXZ 0000000180004cd0 f i NodeDOMModule.obj
 0001:00003d30       ?pbackfail@?$basic_stringbuf@DU?$char_traits@D@std@@V?$allocator@D@2@@std@@MEAAHH@Z 0000000180004d30 f i NodeDOMModule.obj
 0001:00003d80       ?overflow@?$basic_stringbuf@DU?$char_traits@D@std@@V?$allocator@D@2@@std@@MEAAHH@Z 0000000180004d80 f i NodeDOMModule.obj
 0001:00003ff0       ?sync@?$basic_streambuf@DU?$char_traits@D@std@@@std@@MEAAHXZ 0000000180004ff0 f i NodeDOMModule.obj
 0001:00003ff0       ?showmanyc@?$basic_streambuf@DU?$char_traits@D@std@@@std@@MEAA_JXZ 0000000180004ff0 f i NodeDOMModule.obj
 0001:00004000       ?setbuf@?$basic_streambuf@DU?$char_traits@D@std@@@std@@MEAAPEAV12@PEAD_J@Z 0000000180005000 f i NodeDOMModule.obj
 0001:00004010       ?seekoff@?$basic_streambuf@DU?$char_traits@D@std@@@std@@MEAA?AV?$fpos@U_Mbstatet@@@2@_JHH@Z 0000000180005010 f i NodeDOMModule.obj
 0001:00004010       ?seekpos@?$basic_streambuf@DU?$char_traits@D@std@@@std@@MEAA?AV?$fpos@U_Mbstatet@@@2@V32@H@Z 0000000180005010 f i NodeDOMModule.obj
 0001:00004030       ?xsputn@?$basic_streambuf@DU?$char_traits@D@std@@@std@@MEAA_JPEBD_J@Z 0000000180005030 f i NodeDOMModule.obj
 0001:000040f0       ?xsgetn@?$basic_streambuf@DU?$char_traits@D@std@@@std@@MEAA_JPEAD_J@Z 00000001800050f0 f i NodeDOMModule.obj
 0001:000041f0       ?uflow@?$basic_streambuf@DU?$char_traits@D@std@@@std@@MEAAHXZ 00000001800051f0 f i NodeDOMModule.obj
 0001:00004230       ?underflow@?$basic_streambuf@DU?$char_traits@D@std@@@std@@MEAAHXZ 0000000180005230 f i NodeDOMModule.obj
 0001:00004230       ?pbackfail@?$basic_streambuf@DU?$char_traits@D@std@@@std@@MEAAHH@Z 0000000180005230 f i NodeDOMModule.obj
 0001:00004230       ?overflow@?$basic_streambuf@DU?$char_traits@D@std@@@std@@MEAAHH@Z 0000000180005230 f i NodeDOMModule.obj
 0001:00004240       ??_G?$basic_stringstream@DU?$char_traits@D@std@@V?$allocator@D@2@@std@@UEAAPEAXI@Z 0000000180005240 f i NodeDOMModule.obj
 0001:00004240       ??_E?$basic_stringstream@DU?$char_traits@D@std@@V?$allocator@D@2@@std@@UEAAPEAXI@Z 0000000180005240 f i * CIL library *:* CIL module *
 0001:00004290       ??_E?$basic_stringbuf@DU?$char_traits@D@std@@V?$allocator@D@2@@std@@UEAAPEAXI@Z 0000000180005290 f i * CIL library *:* CIL module *
 0001:00004290       ??_G?$basic_stringbuf@DU?$char_traits@D@std@@V?$allocator@D@2@@std@@UEAAPEAXI@Z 0000000180005290 f i NodeDOMModule.obj
 0001:00004320       ??_E?$basic_iostream@DU?$char_traits@D@std@@@std@@UEAAPEAXI@Z 0000000180005320 f i * CIL library *:* CIL module *
 0001:00004320       ??_G?$basic_iostream@DU?$char_traits@D@std@@@std@@UEAAPEAXI@Z 0000000180005320 f i NodeDOMModule.obj
 0001:00004360       ??_G?$basic_ostream@DU?$char_traits@D@std@@@std@@UEAAPEAXI@Z 0000000180005360 f i NodeDOMModule.obj
 0001:00004360       ??_E?$basic_ostream@DU?$char_traits@D@std@@@std@@UEAAPEAXI@Z 0000000180005360 f i * CIL library *:* CIL module *
 0001:000043d0       ??_E?$basic_istream@DU?$char_traits@D@std@@@std@@UEAAPEAXI@Z 00000001800053d0 f i * CIL library *:* CIL module *
 0001:000043d0       ??_G?$basic_istream@DU?$char_traits@D@std@@@std@@UEAAPEAXI@Z 00000001800053d0 f i NodeDOMModule.obj
 0001:00004440       ??_E?$basic_streambuf@DU?$char_traits@D@std@@@std@@UEAAPEAXI@Z 0000000180005440 f i * CIL library *:* CIL module *
 0001:00004440       ??_G?$basic_streambuf@DU?$char_traits@D@std@@@std@@UEAAPEAXI@Z 0000000180005440 f i NodeDOMModule.obj
 0001:000044c0       ??_Glocale@std@@QEAAPEAXI@Z 00000001800054c0 f i NodeDOMModule.obj
 0001:00004520       ??_G?$basic_ios@DU?$char_traits@D@std@@@std@@UEAAPEAXI@Z 0000000180005520 f i NodeDOMModule.obj
 0001:00004520       ??_E?$basic_ios@DU?$char_traits@D@std@@@std@@UEAAPEAXI@Z 0000000180005520 f i * CIL library *:* CIL module *
 0001:00004560       ??_D?$basic_iostream@DU?$char_traits@D@std@@@std@@QEAAXXZ 0000000180005560 f i NodeDOMModule.obj
 0001:000045f0       ??0?$vector@V?$sub_match@V?$_String_const_iterator@V?$_String_val@U?$_Simple_types@D@std@@@std@@@std@@@std@@V?$allocator@V?$sub_match@V?$_String_const_iterator@V?$_String_val@U?$_Simple_types@D@std@@@std@@@std@@@std@@@2@@std@@QEAA@AEBV01@@Z 00000001800055f0 f i NodeDOMModule.obj
 0001:000046d0       ?_Tidy@?$vector@V?$basic_string@DU?$char_traits@D@std@@V?$allocator@D@2@@std@@V?$allocator@V?$basic_string@DU?$char_traits@D@std@@V?$allocator@D@2@@std@@@2@@std@@IEAAXXZ 00000001800056d0 f i NodeDOMModule.obj
 0001:00004770       ?_Reserve@?$vector@V?$basic_string@DU?$char_traits@D@std@@V?$allocator@D@2@@std@@V?$allocator@V?$basic_string@DU?$char_traits@D@std@@V?$allocator@D@2@@std@@@2@@std@@IEAAX_K@Z 0000000180005770 f i NodeDOMModule.obj
 0001:00004800       ?_Tidy@?$basic_string@DU?$char_traits@D@std@@V?$allocator@D@2@@std@@QEAAX_N_K@Z 0000000180005800 f i NodeDOMModule.obj
 0001:000048b0       ?find@?$basic_string@DU?$char_traits@D@std@@V?$allocator@D@2@@std@@QEBA_KPEBD_K1@Z 00000001800058b0 f i NodeDOMModule.obj
 0001:00004980       ?assign@?$basic_string@DU?$char_traits@D@std@@V?$allocator@D@2@@std@@QEAAAEAV12@PEBD_K@Z 0000000180005980 f i NodeDOMModule.obj
 0001:00004ab0       ?assign@?$basic_string@DU?$char_traits@D@std@@V?$allocator@D@2@@std@@QEAAAEAV12@AEBV12@_K1@Z 0000000180005ab0 f i NodeDOMModule.obj
 0001:00004be0       ?append@?$basic_string@DU?$char_traits@D@std@@V?$allocator@D@2@@std@@QEAAAEAV12@PEBD_K@Z 0000000180005be0 f i NodeDOMModule.obj
 0001:00004d30       ?append@?$basic_string@DU?$char_traits@D@std@@V?$allocator@D@2@@std@@QEAAAEAV12@AEBV12@_K1@Z 0000000180005d30 f i NodeDOMModule.obj
 0001:00004e60       ?_Assign_rv@?$basic_string@DU?$char_traits@D@std@@V?$allocator@D@2@@std@@QEAAX$$QEAV12@@Z 0000000180005e60 f i NodeDOMModule.obj
 0001:00004ee0       ?_Tidy@?$basic_stringbuf@DU?$char_traits@D@std@@V?$allocator@D@2@@std@@IEAAXXZ 0000000180005ee0 f i NodeDOMModule.obj
 0001:00004fa0       ?str@?$basic_stringbuf@DU?$char_traits@D@std@@V?$allocator@D@2@@std@@QEBA?AV?$basic_string@DU?$char_traits@D@std@@V?$allocator@D@2@@2@XZ 0000000180005fa0 f i NodeDOMModule.obj
 0001:00005130       ?allocate@?$allocator@D@std@@QEAAPEAD_K@Z 0000000180006130 f i NodeDOMModule.obj
 0001:00005190       ?deallocate@?$allocator@D@std@@QEAAXPEAD_K@Z 0000000180006190 f i NodeDOMModule.obj
 0001:000051f0       ??0?$basic_iostream@DU?$char_traits@D@std@@@std@@QEAA@PEAV?$basic_streambuf@DU?$char_traits@D@std@@@1@@Z 00000001800061f0 f i NodeDOMModule.obj
 0001:00005280       ?_Pnavail@?$basic_streambuf@DU?$char_traits@D@std@@@std@@IEBA_JXZ 0000000180006280 f i NodeDOMModule.obj
 0001:000052a0       ?_Gnavail@?$basic_streambuf@DU?$char_traits@D@std@@@std@@IEBA_JXZ 00000001800062a0 f i NodeDOMModule.obj
 0001:000052c0       ?deallocate@?$_Wrap_alloc@V?$allocator@V?$sub_match@V?$_String_const_iterator@V?$_String_val@U?$_Simple_types@D@std@@@std@@@std@@@std@@@std@@@std@@QEAAXPEAV?$sub_match@V?$_String_const_iterator@V?$_String_val@U?$_Simple_types@D@std@@@std@@@std@@@2@_K@Z 00000001800062c0 f i NodeDOMModule.obj
 0001:00005330       ?allocate@?$_Wrap_alloc@V?$allocator@V?$basic_string@DU?$char_traits@D@std@@V?$allocator@D@2@@std@@@std@@@std@@QEAAPEAV?$basic_string@DU?$char_traits@D@std@@V?$allocator@D@2@@2@_K@Z 0000000180006330 f i NodeDOMModule.obj
 0001:000053a0       ?_Reallocate@?$vector@V?$basic_string@DU?$char_traits@D@std@@V?$allocator@D@2@@std@@V?$allocator@V?$basic_string@DU?$char_traits@D@std@@V?$allocator@D@2@@std@@@2@@std@@IEAAX_K@Z 00000001800063a0 f i NodeDOMModule.obj
 0001:00005520       ?append@?$basic_string@DU?$char_traits@D@std@@V?$allocator@D@2@@std@@QEAAAEAV12@_KD@Z 0000000180006520 f i NodeDOMModule.obj
 0001:00005630       ??0?$basic_streambuf@DU?$char_traits@D@std@@@std@@IEAA@XZ 0000000180006630 f i NodeDOMModule.obj
 0001:000056d0       ?allocate@?$_Wrap_alloc@V?$allocator@V?$sub_match@V?$_String_const_iterator@V?$_String_val@U?$_Simple_types@D@std@@@std@@@std@@@std@@@std@@@std@@QEAAPEAV?$sub_match@V?$_String_const_iterator@V?$_String_val@U?$_Simple_types@D@std@@@std@@@std@@@2@_K@Z 00000001800066d0 f i NodeDOMModule.obj
 0001:00005740       ?do_hash@?$collate@D@std@@MEBAJPEBD0@Z 0000000180006740 f i NodeDOMModule.obj
 0001:00005780       ?do_transform@?$collate@D@std@@MEBA?AV?$basic_string@DU?$char_traits@D@std@@V?$allocator@D@2@@2@PEBD0@Z 0000000180006780 f i NodeDOMModule.obj
 0001:000058a0       ?do_compare@?$collate@D@std@@MEBAHPEBD000@Z 00000001800068a0 f i NodeDOMModule.obj
 0001:000058f0       ?_Copy@?$basic_string@DU?$char_traits@D@std@@V?$allocator@D@2@@std@@QEAAX_K0@Z 00000001800068f0 f i NodeDOMModule.obj
 0001:00005a70       ?init@?$basic_ios@DU?$char_traits@D@std@@@std@@IEAAXPEAV?$basic_streambuf@DU?$char_traits@D@std@@@2@_N@Z 0000000180006a70 f i NodeDOMModule.obj
 0001:00005b10       ??_G?$collate@D@std@@MEAAPEAXI@Z 0000000180006b10 f i NodeDOMModule.obj
 0001:00005b10       ??_E?$collate@D@std@@MEAAPEAXI@Z 0000000180006b10 f i * CIL library *:* CIL module *
 0001:00005b60       ?widen@?$basic_ios@DU?$char_traits@D@std@@@std@@QEBADD@Z 0000000180006b60 f i NodeDOMModule.obj
 0001:00005be0       ??$use_facet@V?$ctype@D@std@@@std@@YAAEBV?$ctype@D@0@AEBVlocale@0@@Z 0000000180006be0 f i NodeDOMModule.obj
 0001:00005d10       ??$_Immortalize@V_Iostream_error_category@std@@@std@@YAAEAV_Iostream_error_category@0@XZ 0000000180006d10 f i NodeDOMModule.obj
 0001:00005d90       ??$?6U?$char_traits@D@std@@@std@@YAAEAV?$basic_ostream@DU?$char_traits@D@std@@@0@AEAV10@PEBD@Z 0000000180006d90 f i NodeDOMModule.obj
 0001:00006010       ??$?6DU?$char_traits@D@std@@V?$allocator@D@1@@std@@YAAEAV?$basic_ostream@DU?$char_traits@D@std@@@0@AEAV10@AEBV?$basic_string@DU?$char_traits@D@std@@V?$allocator@D@2@@0@@Z 0000000180007010 f i NodeDOMModule.obj
 0001:00006290       ??$_Regex_search1@V?$_String_const_iterator@V?$_String_val@U?$_Simple_types@D@std@@@std@@@std@@V?$allocator@V?$sub_match@V?$_String_const_iterator@V?$_String_val@U?$_Simple_types@D@std@@@std@@@std@@@std@@@2@DV?$regex_traits@D@2@V12@@std@@YA_NV?$_String_const_iterator@V?$_String_val@U?$_Simple_types@D@std@@@std@@@0@0PEAV?$match_results@V?$_String_const_iterator@V?$_String_val@U?$_Simple_types@D@std@@@std@@@std@@V?$allocator@V?$sub_match@V?$_String_const_iterator@V?$_String_val@U?$_Simple_types@D@std@@@std@@@std@@@std@@@2@@0@AEBV?$basic_regex@DV?$regex_traits@D@std@@@0@W4match_flag_type@regex_constants@0@0@Z 0000000180007290 f i NodeDOMModule.obj
 0001:00006480       ??$use_facet@V?$collate@D@std@@@std@@YAAEBV?$collate@D@0@AEBVlocale@0@@Z 0000000180007480 f i NodeDOMModule.obj
 0001:000065b0       ??0?$_Matcher@V?$_String_const_iterator@V?$_String_val@U?$_Simple_types@D@std@@@std@@@std@@DV?$regex_traits@D@2@V12@@std@@QEAA@V?$_String_const_iterator@V?$_String_val@U?$_Simple_types@D@std@@@std@@@1@0AEBV?$regex_traits@D@1@PEAV_Root_node@1@IW4syntax_option_type@regex_constants@1@W4match_flag_type@61@@Z 00000001800075b0 f i NodeDOMModule.obj
 0001:00006690       ??0sentry@?$basic_ostream@DU?$char_traits@D@std@@@std@@QEAA@AEAV12@@Z 0000000180007690 f i NodeDOMModule.obj
 0001:00006710       ?_Getcat@?$collate@D@std@@SA_KPEAPEBVfacet@locale@2@PEBV42@@Z 0000000180007710 f i NodeDOMModule.obj
 0001:00006850       ?reserve@?$basic_string@DU?$char_traits@D@std@@V?$allocator@D@2@@std@@QEAAX_K@Z 0000000180007850 f i NodeDOMModule.obj
 0001:00006900       ?_Tidy@?$vector@U_Grp_t@?$_Tgt_state_t@V?$_String_const_iterator@V?$_String_val@U?$_Simple_types@D@std@@@std@@@std@@@std@@V?$allocator@U_Grp_t@?$_Tgt_state_t@V?$_String_const_iterator@V?$_String_val@U?$_Simple_types@D@std@@@std@@@std@@@std@@@3@@std@@IEAAXXZ 0000000180007900 f i NodeDOMModule.obj
 0001:00006900       ?_Tidy@?$vector@U_Loop_vals_t@std@@V?$allocator@U_Loop_vals_t@std@@@2@@std@@IEAAXXZ 0000000180007900 f i NodeDOMModule.obj
 0001:00006990       ?resize@?$vector@U_Loop_vals_t@std@@V?$allocator@U_Loop_vals_t@std@@@2@@std@@QEAAX_K@Z 0000000180007990 f i NodeDOMModule.obj
 0001:00006a90       ?insert@?$basic_string@DU?$char_traits@D@std@@V?$allocator@D@2@@std@@QEAAAEAV12@_KPEBD0@Z 0000000180007a90 f i NodeDOMModule.obj
 0001:00006c10       ?insert@?$basic_string@DU?$char_traits@D@std@@V?$allocator@D@2@@std@@QEAAAEAV12@_KAEBV12@00@Z 0000000180007c10 f i NodeDOMModule.obj
 0001:00006db0       ?flush@?$basic_ostream@DU?$char_traits@D@std@@@std@@QEAAAEAV12@XZ 0000000180007db0 f i NodeDOMModule.obj
 0001:00006ed0       ?deallocate@?$_Wrap_alloc@V?$allocator@U_Grp_t@?$_Tgt_state_t@V?$_String_const_iterator@V?$_String_val@U?$_Simple_types@D@std@@@std@@@std@@@std@@@std@@@std@@QEAAXPEAU_Grp_t@?$_Tgt_state_t@V?$_String_const_iterator@V?$_String_val@U?$_Simple_types@D@std@@@std@@@std@@@2@_K@Z 0000000180007ed0 f i NodeDOMModule.obj
 0001:00006f40       ?_Reallocate@?$vector@U_Loop_vals_t@std@@V?$allocator@U_Loop_vals_t@std@@@2@@std@@IEAAX_K@Z 0000000180007f40 f i NodeDOMModule.obj
 0001:00007080       ?deallocate@?$_Wrap_alloc@V?$allocator@I@std@@@std@@QEAAXPEAI_K@Z 0000000180008080 f i NodeDOMModule.obj
 0001:000070f0       ?_Buy@?$vector@IV?$allocator@_N@std@@@std@@IEAA_N_K@Z 00000001800080f0 f i NodeDOMModule.obj
 0001:00007150       ?allocate@?$_Wrap_alloc@V?$allocator@I@std@@@std@@QEAAPEAI_K@Z 0000000180008150 f i NodeDOMModule.obj
 0001:000071c0       ??$_Move_unchecked1@PEAV?$basic_string@DU?$char_traits@D@std@@V?$allocator@D@2@@std@@PEAV12@@std@@YAPEAV?$basic_string@DU?$char_traits@D@std@@V?$allocator@D@2@@0@PEAV10@00U_General_ptr_iterator_tag@0@@Z 00000001800081c0 f i NodeDOMModule.obj
 0001:00007290       ??$_Construct@PEBV?$basic_string@DU?$char_traits@D@std@@V?$allocator@D@2@@std@@@?$vector@V?$basic_string@DU?$char_traits@D@std@@V?$allocator@D@2@@std@@V?$allocator@V?$basic_string@DU?$char_traits@D@std@@V?$allocator@D@2@@std@@@2@@std@@QEAAXPEBV?$basic_string@DU?$char_traits@D@std@@V?$allocator@D@2@@1@0Uforward_iterator_tag@1@@Z 0000000180008290 f i NodeDOMModule.obj
 0001:00007330       ?_Skip@?$_Matcher@V?$_String_const_iterator@V?$_String_val@U?$_Simple_types@D@std@@@std@@@std@@DV?$regex_traits@D@2@V12@@std@@QEAA?AV?$_String_const_iterator@V?$_String_val@U?$_Simple_types@D@std@@@std@@@2@V32@0PEAV_Node_base@2@@Z 0000000180008330 f i NodeDOMModule.obj
 0001:00007700       ??$_Match@V?$allocator@V?$sub_match@V?$_String_const_iterator@V?$_String_val@U?$_Simple_types@D@std@@@std@@@std@@@std@@@std@@@?$_Matcher@V?$_String_const_iterator@V?$_String_val@U?$_Simple_types@D@std@@@std@@@std@@DV?$regex_traits@D@2@V12@@std@@QEAA_NPEAV?$match_results@V?$_String_const_iterator@V?$_String_val@U?$_Simple_types@D@std@@@std@@@std@@V?$allocator@V?$sub_match@V?$_String_const_iterator@V?$_String_val@U?$_Simple_types@D@std@@@std@@@std@@@std@@@2@@1@_N@Z 0000000180008700 f i NodeDOMModule.obj
 0001:000078d0       ?_Compile@?$_Parser@PEBDDV?$regex_traits@D@std@@@std@@QEAAPEAV_Root_node@2@XZ 00000001800088d0 f i NodeDOMModule.obj
 0001:000079b0       ??$_Destroy_range1@V?$allocator@V?$basic_string@DU?$char_traits@D@std@@V?$allocator@D@2@@std@@@std@@PEAV?$basic_string@DU?$char_traits@D@std@@V?$allocator@D@2@@2@@std@@YAXPEAV?$basic_string@DU?$char_traits@D@std@@V?$allocator@D@2@@0@0AEAU?$_Wrap_alloc@V?$allocator@V?$basic_string@DU?$char_traits@D@std@@V?$allocator@D@2@@std@@@std@@@0@U?$integral_constant@_N$0A@@0@@Z 00000001800089b0 f i NodeDOMModule.obj
 0001:00007a70       ??1?$_Node_class@DV?$regex_traits@D@std@@@std@@UEAA@XZ 0000000180008a70 f i NodeDOMModule.obj
 0001:00007b60       ?resize@?$vector@U_Grp_t@?$_Tgt_state_t@V?$_String_const_iterator@V?$_String_val@U?$_Simple_types@D@std@@@std@@@std@@@std@@V?$allocator@U_Grp_t@?$_Tgt_state_t@V?$_String_const_iterator@V?$_String_val@U?$_Simple_types@D@std@@@std@@@std@@@std@@@3@@std@@QEAAX_K@Z 0000000180008b60 f i NodeDOMModule.obj
 0001:00007c70       ?resize@?$vector@_NV?$allocator@_N@std@@@std@@QEAAX_K_N@Z 0000000180008c70 f i NodeDOMModule.obj
 0001:00007e20       ?translate@?$_Regex_traits@D@std@@QEBADD@Z 0000000180008e20 f i NodeDOMModule.obj
 0001:00007ee0       ??_E?$_Node_class@DV?$regex_traits@D@std@@@std@@UEAAPEAXI@Z 0000000180008ee0 f i * CIL library *:* CIL module *
 0001:00007ee0       ??_G?$_Node_class@DV?$regex_traits@D@std@@@std@@UEAAPEAXI@Z 0000000180008ee0 f i NodeDOMModule.obj
 0001:00007f20       ?resize@?$vector@V?$sub_match@V?$_String_const_iterator@V?$_String_val@U?$_Simple_types@D@std@@@std@@@std@@@std@@V?$allocator@V?$sub_match@V?$_String_const_iterator@V?$_String_val@U?$_Simple_types@D@std@@@std@@@std@@@std@@@2@@std@@QEAAX_K@Z 0000000180008f20 f i NodeDOMModule.obj
 0001:00008020       ?_Trim@?$vector@_NV?$allocator@_N@std@@@std@@QEAAX_K@Z 0000000180009020 f i NodeDOMModule.obj
 0001:000080e0       ?_Insert_n@?$vector@_NV?$allocator@_N@std@@@std@@QEAA?AV?$_Vb_iterator@U?$_Wrap_alloc@V?$allocator@I@std@@@std@@@2@V?$_Vb_const_iterator@U?$_Wrap_alloc@V?$allocator@I@std@@@std@@@2@_KAEB_N@Z 00000001800090e0 f i NodeDOMModule.obj
 0001:00008290       ?erase@?$vector@_NV?$allocator@_N@std@@@std@@QEAA?AV?$_Vb_iterator@U?$_Wrap_alloc@V?$allocator@I@std@@@std@@@2@V?$_Vb_const_iterator@U?$_Wrap_alloc@V?$allocator@I@std@@@std@@@2@0@Z 0000000180009290 f i NodeDOMModule.obj
 0001:000084f0       ?_Reallocate@?$vector@U_Grp_t@?$_Tgt_state_t@V?$_String_const_iterator@V?$_String_val@U?$_Simple_types@D@std@@@std@@@std@@@std@@V?$allocator@U_Grp_t@?$_Tgt_state_t@V?$_String_const_iterator@V?$_String_val@U?$_Simple_types@D@std@@@std@@@std@@@std@@@3@@std@@IEAAX_K@Z 00000001800094f0 f i NodeDOMModule.obj
 0001:00008640       ?_Reserve@?$vector@V?$sub_match@V?$_String_const_iterator@V?$_String_val@U?$_Simple_types@D@std@@@std@@@std@@@std@@V?$allocator@V?$sub_match@V?$_String_const_iterator@V?$_String_val@U?$_Simple_types@D@std@@@std@@@std@@@std@@@2@@std@@IEAAX_K@Z 0000000180009640 f i NodeDOMModule.obj
 0001:00008710       ?_Insert_x@?$vector@_NV?$allocator@_N@std@@@std@@QEAA_KV?$_Vb_const_iterator@U?$_Wrap_alloc@V?$allocator@I@std@@@std@@@2@_K@Z 0000000180009710 f i NodeDOMModule.obj
 0001:00008930       ?allocate@?$_Wrap_alloc@V?$allocator@U_Grp_t@?$_Tgt_state_t@V?$_String_const_iterator@V?$_String_val@U?$_Simple_types@D@std@@@std@@@std@@@std@@@std@@@std@@QEAAPEAU_Grp_t@?$_Tgt_state_t@V?$_String_const_iterator@V?$_String_val@U?$_Simple_types@D@std@@@std@@@std@@@2@_K@Z 0000000180009930 f i NodeDOMModule.obj
 0001:000089a0       ?_Reallocate@?$vector@V?$sub_match@V?$_String_const_iterator@V?$_String_val@U?$_Simple_types@D@std@@@std@@@std@@@std@@V?$allocator@V?$sub_match@V?$_String_const_iterator@V?$_String_val@U?$_Simple_types@D@std@@@std@@@std@@@std@@@2@@std@@IEAAX_K@Z 00000001800099a0 f i NodeDOMModule.obj
 0001:00008ae0       ?resize@?$vector@IV?$allocator@_N@std@@@std@@QEAAX_KAEBI@Z 0000000180009ae0 f i NodeDOMModule.obj
 0001:00008c80       ?_Reallocate@?$vector@IV?$allocator@_N@std@@@std@@IEAAX_K@Z 0000000180009c80 f i NodeDOMModule.obj
 0001:00008d60       ?_Match_pat@?$_Matcher@V?$_String_const_iterator@V?$_String_val@U?$_Simple_types@D@std@@@std@@@std@@DV?$regex_traits@D@2@V12@@std@@AEAA_NPEAV_Node_base@2@@Z 0000000180009d60 f i NodeDOMModule.obj
 0001:00009320       ?_Trans@?$_Parser@PEBDDV?$regex_traits@D@std@@@std@@AEAAXXZ 000000018000a320 f i NodeDOMModule.obj
 0001:00009570       ?_Disjunction@?$_Parser@PEBDDV?$regex_traits@D@std@@@std@@AEAAXXZ 000000018000a570 f i NodeDOMModule.obj
 0001:00009750       ?_End_group@?$_Builder@PEBDDV?$regex_traits@D@std@@@std@@QEAAXPEAV_Node_base@2@@Z 000000018000a750 f i NodeDOMModule.obj
 0001:00009800       ?_Begin_capture_group@?$_Builder@PEBDDV?$regex_traits@D@std@@@std@@QEAAPEAV_Node_base@2@I@Z 000000018000a800 f i NodeDOMModule.obj
 0001:00009880       ??$_Find_unchecked1@PEAV?$basic_string@DU?$char_traits@D@std@@V?$allocator@D@2@@std@@V12@@std@@YAPEAV?$basic_string@DU?$char_traits@D@std@@V?$allocator@D@2@@0@PEAV10@0AEBV10@U?$integral_constant@_N$0A@@0@@Z 000000018000a880 f i NodeDOMModule.obj
 0001:00009920       ??$_Uninitialized_copy_al_unchecked@PEBV?$basic_string@DU?$char_traits@D@std@@V?$allocator@D@2@@std@@PEAV12@V?$allocator@V?$basic_string@DU?$char_traits@D@std@@V?$allocator@D@2@@std@@@2@@std@@YAPEAV?$basic_string@DU?$char_traits@D@std@@V?$allocator@D@2@@0@PEBV10@0PEAV10@AEAU?$_Wrap_alloc@V?$allocator@V?$basic_string@DU?$char_traits@D@std@@V?$allocator@D@2@@std@@@std@@@0@@Z 000000018000a920 f i NodeDOMModule.obj
 0001:000099b0       ??$_Compare@V?$_String_const_iterator@V?$_String_val@U?$_Simple_types@D@std@@@std@@@std@@PEBDV?$regex_traits@D@2@@std@@YA?AV?$_String_const_iterator@V?$_String_val@U?$_Simple_types@D@std@@@std@@@0@V10@0PEBD1AEBV?$regex_traits@D@0@W4syntax_option_type@regex_constants@0@@Z 000000018000a9b0 f i NodeDOMModule.obj
 0001:00009b00       ??4?$_Tgt_state_t@V?$_String_const_iterator@V?$_String_val@U?$_Simple_types@D@std@@@std@@@std@@@std@@QEAAAEAV01@AEBV01@@Z 000000018000ab00 f i NodeDOMModule.obj
 0001:00009b50       ??4?$vector@U_Grp_t@?$_Tgt_state_t@V?$_String_const_iterator@V?$_String_val@U?$_Simple_types@D@std@@@std@@@std@@@std@@V?$allocator@U_Grp_t@?$_Tgt_state_t@V?$_String_const_iterator@V?$_String_val@U?$_Simple_types@D@std@@@std@@@std@@@std@@@3@@std@@QEAAAEAV01@AEBV01@@Z 000000018000ab50 f i NodeDOMModule.obj
 0001:00009c80       ?_Buy@?$vector@U_Grp_t@?$_Tgt_state_t@V?$_String_const_iterator@V?$_String_val@U?$_Simple_types@D@std@@@std@@@std@@@std@@V?$allocator@U_Grp_t@?$_Tgt_state_t@V?$_String_const_iterator@V?$_String_val@U?$_Simple_types@D@std@@@std@@@std@@@std@@@3@@std@@IEAA_N_K@Z 000000018000ac80 f i NodeDOMModule.obj
 0001:00009cf0       ??4?$vector@IV?$allocator@_N@std@@@std@@QEAAAEAV01@AEBV01@@Z 000000018000acf0 f i NodeDOMModule.obj
 0001:00009e20       ??0?$vector@IV?$allocator@_N@std@@@std@@QEAA@AEBV01@@Z 000000018000ae20 f i NodeDOMModule.obj
 0001:00009ed0       ?_Do_if@?$_Matcher@V?$_String_const_iterator@V?$_String_val@U?$_Simple_types@D@std@@@std@@@std@@DV?$regex_traits@D@2@V12@@std@@AEAA_NPEAV_Node_if@2@@Z 000000018000aed0 f i NodeDOMModule.obj
 0001:0000a2c0       ?_Do_rep@?$_Matcher@V?$_String_const_iterator@V?$_String_val@U?$_Simple_types@D@std@@@std@@@std@@DV?$regex_traits@D@2@V12@@std@@AEAA_NPEAV_Node_rep@2@_NH@Z 000000018000b2c0 f i NodeDOMModule.obj
 0001:0000a580       ?_Do_class@?$_Matcher@V?$_String_const_iterator@V?$_String_val@U?$_Simple_types@D@std@@@std@@@std@@DV?$regex_traits@D@2@V12@@std@@AEAA_NPEAV_Node_base@2@@Z 000000018000b580 f i NodeDOMModule.obj
 0001:0000a770       ?_Better_match@?$_Matcher@V?$_String_const_iterator@V?$_String_val@U?$_Simple_types@D@std@@@std@@@std@@DV?$regex_traits@D@2@V12@@std@@AEAA_NXZ 000000018000b770 f i NodeDOMModule.obj
 0001:0000a860       ?_Is_esc@?$_Parser@PEBDDV?$regex_traits@D@std@@@std@@AEBA_NXZ 000000018000b860 f i NodeDOMModule.obj
 0001:0000a8a0       ?_Next@?$_Parser@PEBDDV?$regex_traits@D@std@@@std@@AEAAXXZ 000000018000b8a0 f i NodeDOMModule.obj
 0001:0000a8f0       ?_Alternative@?$_Parser@PEBDDV?$regex_traits@D@std@@@std@@AEAA_NXZ 000000018000b8f0 f i NodeDOMModule.obj
 0001:0000ad90       ?_Beg_expr@?$_Builder@PEBDDV?$regex_traits@D@std@@@std@@QEBA_NXZ 000000018000bd90 f i NodeDOMModule.obj
 0001:0000add0       ?_Begin_group@?$_Builder@PEBDDV?$regex_traits@D@std@@@std@@QEAAPEAV_Node_base@2@XZ 000000018000bdd0 f i NodeDOMModule.obj
 0001:0000ae40       ?_Begin_if@?$_Builder@PEBDDV?$regex_traits@D@std@@@std@@QEAAPEAV_Node_base@2@PEAV32@@Z 000000018000be40 f i NodeDOMModule.obj
 0001:0000af20       ??$_Compare@V?$_String_const_iterator@V?$_String_val@U?$_Simple_types@D@std@@@std@@@std@@V12@V?$regex_traits@D@2@@std@@YA?AV?$_String_const_iterator@V?$_String_val@U?$_Simple_types@D@std@@@std@@@0@V10@000AEBV?$regex_traits@D@0@W4syntax_option_type@regex_constants@0@@Z 000000018000bf20 f i NodeDOMModule.obj
 0001:0000b060       ??$_Cmp_chrange@V?$_String_const_iterator@V?$_String_val@U?$_Simple_types@D@std@@@std@@@std@@PEBDU?$_Cmp_icase@V?$regex_traits@D@std@@@2@@std@@YA?AV?$_String_const_iterator@V?$_String_val@U?$_Simple_types@D@std@@@std@@@0@V10@0PEBD1U?$_Cmp_icase@V?$regex_traits@D@std@@@0@@Z 000000018000c060 f i NodeDOMModule.obj
 0001:0000b140       ??0?$vector@U_Grp_t@?$_Tgt_state_t@V?$_String_const_iterator@V?$_String_val@U?$_Simple_types@D@std@@@std@@@std@@@std@@V?$allocator@U_Grp_t@?$_Tgt_state_t@V?$_String_const_iterator@V?$_String_val@U?$_Simple_types@D@std@@@std@@@std@@@std@@@3@@std@@QEAA@AEBV01@@Z 000000018000c140 f i NodeDOMModule.obj
 0001:0000b1f0       ?_Do_rep0@?$_Matcher@V?$_String_const_iterator@V?$_String_val@U?$_Simple_types@D@std@@@std@@@std@@DV?$regex_traits@D@2@V12@@std@@AEAA_NPEAV_Node_rep@2@_N@Z 000000018000c1f0 f i NodeDOMModule.obj
 0001:0000b660       ?_Expect@?$_Parser@PEBDDV?$regex_traits@D@std@@@std@@AEAAXW4_Meta_type@2@W4error_type@regex_constants@2@@Z 000000018000c660 f i NodeDOMModule.obj
 0001:0000b6c0       ?_CharacterClass@?$_Parser@PEBDDV?$regex_traits@D@std@@@std@@AEAAXXZ 000000018000c6c0 f i NodeDOMModule.obj
 0001:0000b7b0       ?_AtomEscape@?$_Parser@PEBDDV?$regex_traits@D@std@@@std@@AEAAXXZ 000000018000c7b0 f i NodeDOMModule.obj
 0001:0000b8a0       ?_Wrapped_disjunction@?$_Parser@PEBDDV?$regex_traits@D@std@@@std@@AEAA_NXZ 000000018000c8a0 f i NodeDOMModule.obj
 0001:0000ba00       ?_Quantifier@?$_Parser@PEBDDV?$regex_traits@D@std@@@std@@AEAAXXZ 000000018000ca00 f i NodeDOMModule.obj
 0001:0000bb90       ?_Add_wbound@?$_Builder@PEBDDV?$regex_traits@D@std@@@std@@QEAAXXZ 000000018000cb90 f i NodeDOMModule.obj
 0001:0000bc00       ?_Add_char@?$_Builder@PEBDDV?$regex_traits@D@std@@@std@@QEAAXD@Z 000000018000cc00 f i NodeDOMModule.obj
 0001:0000bcd0       ??$_Cmp_chrange@V?$_String_const_iterator@V?$_String_val@U?$_Simple_types@D@std@@@std@@@std@@V12@U?$_Cmp_icase@V?$regex_traits@D@std@@@2@@std@@YA?AV?$_String_const_iterator@V?$_String_val@U?$_Simple_types@D@std@@@std@@@0@V10@000U?$_Cmp_icase@V?$regex_traits@D@std@@@0@@Z 000000018000ccd0 f i NodeDOMModule.obj
 0001:0000bda0       ?_DecimalDigits@?$_Parser@PEBDDV?$regex_traits@D@std@@@std@@AEAA_NXZ 000000018000cda0 f i NodeDOMModule.obj
 0001:0000be50       ?_CharacterClassEscape@?$_Parser@PEBDDV?$regex_traits@D@std@@@std@@AEAA_N_N@Z 000000018000ce50 f i NodeDOMModule.obj
 0001:0000bf40       ?_ClassRanges@?$_Parser@PEBDDV?$regex_traits@D@std@@@std@@AEAAXXZ 000000018000cf40 f i NodeDOMModule.obj
 0001:0000c0a0       ?_CharacterEscape@?$_Parser@PEBDDV?$regex_traits@D@std@@@std@@AEAA_NXZ 000000018000d0a0 f i NodeDOMModule.obj
 0001:0000c450       ?_Do_capture_group@?$_Parser@PEBDDV?$regex_traits@D@std@@@std@@AEAAXXZ 000000018000d450 f i NodeDOMModule.obj
 0001:0000c4d0       ?_Do_noncapture_group@?$_Parser@PEBDDV?$regex_traits@D@std@@@std@@AEAAXXZ 000000018000d4d0 f i NodeDOMModule.obj
 0001:0000c560       ?_Do_assert_group@?$_Parser@PEBDDV?$regex_traits@D@std@@@std@@AEAAX_N@Z 000000018000d560 f i NodeDOMModule.obj
 0001:0000c5b0       ?_Add_class@?$_Builder@PEBDDV?$regex_traits@D@std@@@std@@QEAAXXZ 000000018000d5b0 f i NodeDOMModule.obj
 0001:0000c640       ?_Add_backreference@?$_Builder@PEBDDV?$regex_traits@D@std@@@std@@QEAAXI@Z 000000018000d640 f i NodeDOMModule.obj
 0001:0000c6c0       ?_Add_rep@?$_Builder@PEBDDV?$regex_traits@D@std@@@std@@QEAAXHH_N@Z 000000018000d6c0 f i NodeDOMModule.obj
 0001:0000c970       ?_Add_str_node@?$_Builder@PEBDDV?$regex_traits@D@std@@@std@@AEAAXXZ 000000018000d970 f i NodeDOMModule.obj
 0001:0000c9f0       ??_G?$_Node_str@D@std@@UEAAPEAXI@Z 000000018000d9f0 f i NodeDOMModule.obj
 0001:0000c9f0       ??_E?$_Node_str@D@std@@UEAAPEAXI@Z 000000018000d9f0 f i * CIL library *:* CIL module *
 0001:0000ca40       ?_OctalDigits@?$_Parser@PEBDDV?$regex_traits@D@std@@@std@@AEAA_NXZ 000000018000da40 f i NodeDOMModule.obj
 0001:0000cae0       ?_ClassAtom@?$_Parser@PEBDDV?$regex_traits@D@std@@@std@@AEAA?AW4_Prs_ret@2@XZ 000000018000dae0 f i NodeDOMModule.obj
 0001:0000cd30       ?_IdentityEscape@?$_Parser@PEBDDV?$regex_traits@D@std@@@std@@AEAA_NXZ 000000018000dd30 f i NodeDOMModule.obj
 0001:0000cdb0       ?_Do_ffn@?$_Parser@PEBDDV?$regex_traits@D@std@@@std@@AEAA_ND@Z 000000018000ddb0 f i NodeDOMModule.obj
 0001:0000ce00       ?_Add_range@?$_Builder@PEBDDV?$regex_traits@D@std@@@std@@QEAAXDD@Z 000000018000de00 f i NodeDOMModule.obj
 0001:0000cfd0       ?_Begin_assert_group@?$_Builder@PEBDDV?$regex_traits@D@std@@@std@@QEAAPEAV_Node_base@2@_N@Z 000000018000dfd0 f i NodeDOMModule.obj
 0001:0000d0a0       ?_Add_char_to_bitmap@?$_Builder@PEBDDV?$regex_traits@D@std@@@std@@AEAAXD@Z 000000018000e0a0 f i NodeDOMModule.obj
 0001:0000d140       ?_Add_char_to_array@?$_Builder@PEBDDV?$regex_traits@D@std@@@std@@AEAAXD@Z 000000018000e140 f i NodeDOMModule.obj
 0001:0000d200       ??$lookup_classname@PEBD@?$_Regex_traits@D@std@@QEBAFPEBD0_N@Z 000000018000e200 f i NodeDOMModule.obj
 0001:0000d2d0       ?_Do_ex_class@?$_Parser@PEBDDV?$regex_traits@D@std@@@std@@AEAAXW4_Meta_type@2@@Z 000000018000e2d0 f i NodeDOMModule.obj
 0001:0000d4f0       ?_ClassEscape@?$_Parser@PEBDDV?$regex_traits@D@std@@@std@@AEAA?AW4_Prs_ret@2@_N@Z 000000018000e4f0 f i NodeDOMModule.obj
 0001:0000d5c0       ?_IsIdentityEscape@?$_Parser@PEBDDV?$regex_traits@D@std@@@std@@AEBA_NXZ 000000018000e5c0 f i NodeDOMModule.obj
 0001:0000d6e0       ?_Add_elts@?$_Builder@PEBDDV?$regex_traits@D@std@@@std@@AEAAXPEAV?$_Node_class@DV?$regex_traits@D@std@@@2@F_N@Z 000000018000e6e0 f i NodeDOMModule.obj
 0001:0000d7d0       ?_Add_equiv@?$_Builder@PEBDDV?$regex_traits@D@std@@@std@@QEAAXPEBD0_J@Z 000000018000e7d0 f i NodeDOMModule.obj
 0001:0000da00       ?_Char_to_elts@?$_Builder@PEBDDV?$regex_traits@D@std@@@std@@AEAAXPEBD0_JPEAPEAU?$_Sequence@D@2@@Z 000000018000ea00 f i NodeDOMModule.obj
 0001:0000daa0       ??$transform_primary@PEAD@?$_Regex_traits@D@std@@QEBA?AV?$basic_string@DU?$char_traits@D@std@@V?$allocator@D@2@@1@PEAD0@Z 000000018000eaa0 f i NodeDOMModule.obj
 0001:0000daa0       ??$transform_primary@PEBD@?$_Regex_traits@D@std@@QEBA?AV?$basic_string@DU?$char_traits@D@std@@V?$allocator@D@2@@1@PEBD0@Z 000000018000eaa0 f i NodeDOMModule.obj
 0001:0000dcd0       ??$_Insert@PEBD@?$_Buf@D@std@@QEAAXPEBD0@Z 000000018000ecd0 f i NodeDOMModule.obj
 0001:0000dd60       ??$_Equal_unchecked1@PEBDPEBDU?$_Cmp_icase@V?$_Regex_traits@D@std@@@std@@@std@@YA_NPEBD00AEAU?$_Cmp_icase@V?$_Regex_traits@D@std@@@0@U?$integral_constant@_N$0A@@0@@Z 000000018000ed60 f i NodeDOMModule.obj
 0001:0000de2c       ??_E?$basic_ostream@DU?$char_traits@D@std@@@std@@$4PPPPPPPM@A@EAAPEAXI@Z 000000018000ee2c f i NodeDOMModule.obj
 0001:0000de38       ??_E?$basic_stringstream@DU?$char_traits@D@std@@V?$allocator@D@2@@std@@$4PPPPPPPM@A@EAAPEAXI@Z 000000018000ee38 f i NodeDOMModule.obj
 0001:0000de44       ??_E?$basic_istream@DU?$char_traits@D@std@@@std@@$4PPPPPPPM@A@EAAPEAXI@Z 000000018000ee44 f i NodeDOMModule.obj
 0001:0000de50       ??_E?$basic_iostream@DU?$char_traits@D@std@@@std@@$4PPPPPPPM@A@EAAPEAXI@Z 000000018000ee50 f i NodeDOMModule.obj
 0001:0000deac       __imp_load_?ThrowException@Isolate@v8@@QEAA?AV?$Local@VValue@v8@@@2@V32@@Z 000000018000eeac f   node:node.exe
 0001:0000deb8       __tailMerge_node_exe       000000018000eeb8 f i node:node.exe
 0001:0000df31       __imp_load_?GetCurrent@Isolate@v8@@SAPEAV12@XZ 000000018000ef31 f   node:node.exe
 0001:0000df3d       __imp_load_??1HandleScope@v8@@QEAA@XZ 000000018000ef3d f   node:node.exe
 0001:0000df49       __imp_load_??0HandleScope@v8@@QEAA@PEAVIsolate@1@@Z 000000018000ef49 f   node:node.exe
 0001:0000df55       __imp_load_?Error@Exception@v8@@SA?AV?$Local@VValue@v8@@@2@V?$Local@VString@v8@@@2@@Z 000000018000ef55 f   node:node.exe
 0001:0000df61       __imp_load_?TypeError@Exception@v8@@SA?AV?$Local@VValue@v8@@@2@V?$Local@VString@v8@@@2@@Z 000000018000ef61 f   node:node.exe
 0001:0000df6d       __imp_load_?Length@Array@v8@@QEBAIXZ 000000018000ef6d f   node:node.exe
 0001:0000df79       __imp_load_?GetFunction@FunctionTemplate@v8@@QEAA?AV?$Local@VFunction@v8@@@2@XZ 000000018000ef79 f   node:node.exe
 0001:0000df85       __imp_load_?New@FunctionTemplate@v8@@SA?AV?$Local@VFunctionTemplate@v8@@@2@PEAVIsolate@2@P6AXAEBV?$FunctionCallbackInfo@VValue@v8@@@2@@ZV?$Local@VValue@v8@@@2@V?$Local@VSignature@v8@@@2@HW4ConstructorBehavior@2@@Z 000000018000ef85 f   node:node.exe
 0001:0000df91       __imp_load_?IsNumber@Value@v8@@QEBA_NXZ 000000018000ef91 f   node:node.exe
 0001:0000df9d       __imp_load_?IsArray@Value@v8@@QEBA_NXZ 000000018000ef9d f   node:node.exe
 0001:0000dfa9       __imp_load_??1Utf8Value@String@v8@@QEAA@XZ 000000018000efa9 f   node:node.exe
 0001:0000dfb5       __imp_load_??0Utf8Value@String@v8@@QEAA@V?$Local@VValue@v8@@@2@@Z 000000018000efb5 f   node:node.exe
 0001:0000dfc1       __imp_load_?NewFromUtf8@String@v8@@SA?AV?$Local@VString@v8@@@2@PEAVIsolate@2@PEBDW4NewStringType@12@H@Z 000000018000efc1 f   node:node.exe
 0001:0000dfcd       __imp_load_?Get@Object@v8@@QEAA?AV?$Local@VValue@v8@@@2@I@Z 000000018000efcd f   node:node.exe
 0001:0000dfd9       __imp_load_?Set@Object@v8@@QEAA_NV?$Local@VValue@v8@@@2@0@Z 000000018000efd9 f   node:node.exe
 0001:0000dfe5       __imp_load_?SetName@Function@v8@@QEAAXV?$Local@VString@v8@@@2@@Z 000000018000efe5 f   node:node.exe
 0001:0000dff1       __imp_load_node_module_register 000000018000eff1 f   node:node.exe
 0001:0000dffd       __imp_load_?ToString@Value@v8@@QEBA?AV?$Local@VString@v8@@@2@XZ 000000018000effd f   node:node.exe
 0001:0000e00c       _Strxfrm                   000000018000f00c f   libcpmt:xstrxfrm.obj
 0001:0000e10c       ??0_Init_locks@std@@QEAA@XZ 000000018000f10c f   libcpmt:xlock.obj
 0001:0000e158       ??0_Lockit@std@@QEAA@H@Z   000000018000f158 f   libcpmt:xlock.obj
 0001:0000e194       ??1_Init_locks@std@@QEAA@XZ 000000018000f194 f   libcpmt:xlock.obj
 0001:0000e1d8       ??1_Lockit@std@@QEAA@XZ    000000018000f1d8 f   libcpmt:xlock.obj
 0001:0000e20c       ??4?$_Yarn@D@std@@QEAAAEAV01@PEBD@Z 000000018000f20c f i libcpmt:locale0.obj
 0001:0000e284       ??_G_Fac_node@std@@QEAAPEAXI@Z 000000018000f284 f i libcpmt:locale0.obj
 0001:0000e310       ??_E_Locimp@locale@std@@MEAAPEAXI@Z 000000018000f310 f i libcpmt:locale0.obj
 0001:0000e310       ??_G_Locimp@locale@std@@MEAAPEAXI@Z 000000018000f310 f i libcpmt:locale0.obj
 0001:0000e37c       ?_Facet_Register@std@@YAXPEAV_Facet_base@1@@Z 000000018000f37c f   libcpmt:locale0.obj
 0001:0000e3b4       ?_Getgloballocale@locale@std@@CAPEAV_Locimp@12@XZ 000000018000f3b4 f   libcpmt:locale0.obj
 0001:0000e3bc       ?_Init@locale@std@@CAPEAV_Locimp@12@_N@Z 000000018000f3bc f   libcpmt:locale0.obj
 0001:0000e478       ?_Locimp_dtor@_Locimp@locale@std@@CAXPEAV123@@Z 000000018000f478 f   libcpmt:locale0.obj
 0001:0000e520       ?_Locinfo_ctor@_Locinfo@std@@SAXPEAV12@PEBD@Z 000000018000f520 f   libcpmt:locale0.obj
 0001:0000e58c       ?_Locinfo_dtor@_Locinfo@std@@SAXPEAV12@@Z 000000018000f58c f   libcpmt:locale0.obj
 0001:0000e5b0       ?_New_Locimp@_Locimp@locale@std@@CAPEAV123@_N@Z 000000018000f5b0 f   libcpmt:locale0.obj
 0001:0000e620       ?_Setgloballocale@locale@std@@CAXPEAX@Z 000000018000f620 f   libcpmt:locale0.obj
 0001:0000e654       _Deletegloballocale        000000018000f654 f   libcpmt:locale0.obj
 0001:0000e6dc       ??0bad_alloc@std@@QEAA@AEBV01@@Z 000000018000f6dc f i libcpmt:xthrow.obj
 0001:0000e71c       ??0bad_alloc@std@@QEAA@XZ  000000018000f71c f i libcpmt:xthrow.obj
 0001:0000e73c       ??0exception@std@@QEAA@AEBV01@@Z 000000018000f73c f i libcpmt:xthrow.obj
 0001:0000e774       ??0length_error@std@@QEAA@AEBV01@@Z 000000018000f774 f i libcpmt:xthrow.obj
 0001:0000e7b4       ??0length_error@std@@QEAA@PEBD@Z 000000018000f7b4 f i libcpmt:xthrow.obj
 0001:0000e800       ??0logic_error@std@@QEAA@AEBV01@@Z 000000018000f800 f i libcpmt:xthrow.obj
 0001:0000e840       ??0out_of_range@std@@QEAA@AEBV01@@Z 000000018000f840 f i libcpmt:xthrow.obj
 0001:0000e880       ??0out_of_range@std@@QEAA@PEBD@Z 000000018000f880 f i libcpmt:xthrow.obj
 0001:0000e8cc       ??0regex_error@std@@QEAA@AEBV01@@Z 000000018000f8cc f i libcpmt:xthrow.obj
 0001:0000e91c       ??0regex_error@std@@QEAA@W4error_type@regex_constants@1@@Z 000000018000f91c f i libcpmt:xthrow.obj
 0001:0000e984       ??0runtime_error@std@@QEAA@AEBV01@@Z 000000018000f984 f i libcpmt:xthrow.obj
 0001:0000e9c4       ??_Elogic_error@std@@UEAAPEAXI@Z 000000018000f9c4 f i libcpmt:xthrow.obj
 0001:0000e9c4       ??_Eexception@std@@UEAAPEAXI@Z 000000018000f9c4 f i libcpmt:xthrow.obj
 0001:0000e9c4       ??_Gout_of_range@std@@UEAAPEAXI@Z 000000018000f9c4 f i libcpmt:xthrow.obj
 0001:0000e9c4       ??_Ebad_array_new_length@std@@UEAAPEAXI@Z 000000018000f9c4 f i LIBCMT:throw_bad_alloc.obj
 0001:0000e9c4       ??_Eout_of_range@std@@UEAAPEAXI@Z 000000018000f9c4 f i libcpmt:xthrow.obj
 0001:0000e9c4       ??_Gbad_alloc@std@@UEAAPEAXI@Z 000000018000f9c4 f i libcpmt:xthrow.obj
 0001:0000e9c4       ??_Elength_error@std@@UEAAPEAXI@Z 000000018000f9c4 f i libcpmt:xthrow.obj
 0001:0000e9c4       ??_Ebad_exception@std@@UEAAPEAXI@Z 000000018000f9c4 f i libvcruntime:frame.obj
 0001:0000e9c4       ??_Gbad_exception@std@@UEAAPEAXI@Z 000000018000f9c4 f i libvcruntime:frame.obj
 0001:0000e9c4       ??_Glength_error@std@@UEAAPEAXI@Z 000000018000f9c4 f i libcpmt:xthrow.obj
 0001:0000e9c4       ??_Gbad_array_new_length@std@@UEAAPEAXI@Z 000000018000f9c4 f i LIBCMT:throw_bad_alloc.obj
 0001:0000e9c4       ??_Ebad_alloc@std@@UEAAPEAXI@Z 000000018000f9c4 f i libcpmt:xthrow.obj
 0001:0000e9c4       ??_Glogic_error@std@@UEAAPEAXI@Z 000000018000f9c4 f i libcpmt:xthrow.obj
 0001:0000e9c4       ??_Gexception@std@@UEAAPEAXI@Z 000000018000f9c4 f i libcpmt:xthrow.obj
 0001:0000ea08       ??_Gregex_error@std@@UEAAPEAXI@Z 000000018000fa08 f i libcpmt:xthrow.obj
 0001:0000ea08       ??_Eregex_error@std@@UEAAPEAXI@Z 000000018000fa08 f i libcpmt:xthrow.obj
 0001:0000ea4c       ?_Stringify@regex_error@std@@CAPEBDW4error_type@regex_constants@2@@Z 000000018000fa4c f i libcpmt:xthrow.obj
 0001:0000eb18       ?_Xlength_error@std@@YAXPEBD@Z 000000018000fb18 f   libcpmt:xthrow.obj
 0001:0000eb3c       ?_Xout_of_range@std@@YAXPEBD@Z 000000018000fb3c f   libcpmt:xthrow.obj
 0001:0000eb60       ?_Xregex_error@std@@YAXW4error_type@regex_constants@1@@Z 000000018000fb60 f   libcpmt:xthrow.obj
 0001:0000eb84       ?what@exception@std@@UEBAPEBDXZ 000000018000fb84 f i libcpmt:xthrow.obj
 0001:0000eb98       ?_Ios_base_dtor@ios_base@std@@CAXPEAV12@@Z 000000018000fb98 f   libcpmt:ios.obj
 0001:0000ebdc       ?_Tidy@ios_base@std@@AEAAXXZ 000000018000fbdc f i libcpmt:ios.obj
 0001:0000ec6c       ?_Syserror_map@std@@YAPEBDH@Z 000000018000fc6c f   libcpmt:syserror.obj
 0001:0000ec94       _Getctype                  000000018000fc94 f   libcpmt:_tolower.obj
 0001:0000ed54       _Tolower                   000000018000fd54 f   libcpmt:_tolower.obj
 0001:0000ee7c       _Getcoll                   000000018000fe7c f   libcpmt:xstrcoll.obj
 0001:0000eeb0       _Strcoll                   000000018000feb0 f   libcpmt:xstrcoll.obj
 0001:0000ef80       _Toupper                   000000018000ff80 f   libcpmt:_toupper.obj
 0001:0000f0b8       __crtLCMapStringA          00000001800100b8 f   libcpmt:StlLCMapStringA.obj
 0001:0000f3a4       _Mtxdst                    00000001800103a4 f   libcpmt:xmtx.obj
 0001:0000f3ac       _Mtxinit                   00000001800103ac f   libcpmt:xmtx.obj
 0001:0000f3bc       _Mtxlock                   00000001800103bc f   libcpmt:xmtx.obj
 0001:0000f3c4       _Mtxunlock                 00000001800103c4 f   libcpmt:xmtx.obj
 0001:0000f3cc       ?_Atexit@@YAXP6AXXZ@Z      00000001800103cc f   libcpmt:iosptrs.obj
 0001:0000f40c       __local_stdio_printf_options 000000018001040c f i libcpmt:locale.obj
 0001:0000f414       __crtCompareStringA        0000000180010414 f   libcpmt:StlCompareStringA.obj
 0001:0000f774       GetTableIndexFromLocaleName 0000000180010774 f   libcpmt:winapinls.obj
 0001:0000f800       __crtCompareStringEx       0000000180010800 f   libcpmt:winapinls.obj
 0001:0000f8bc       __crtDownlevelLocaleNameToLCID 00000001800108bc f   libcpmt:winapinls.obj
 0001:0000f8f0       __crtLCMapStringEx         00000001800108f0 f   libcpmt:winapinls.obj
 0001:0000f9ac       __wcsnicmp_ascii           00000001800109ac f   libcpmt:winapinls.obj
 0001:0000fed4       __crtInitializeCriticalSectionEx 0000000180010ed4 f   libcpmt:winapisupp.obj
 0001:0000ff50       __security_check_cookie    0000000180010f50 f   LIBCMT:_amdsecgs_.obj
 0001:0000ff74       ??3@YAXPEAX_K@Z            0000000180010f74 f   LIBCMT:delete_scalar_size.obj
 0001:0000ff74       ??_V@YAXPEAX@Z             0000000180010f74 f   LIBCMT:delete_array.obj
 0001:000100c4       _Init_thread_footer        00000001800110c4 f   LIBCMT:thread_safe_statics.obj
 0001:00010124       _Init_thread_header        0000000180011124 f   LIBCMT:thread_safe_statics.obj
 0001:0001018c       _Init_thread_notify        000000018001118c f   LIBCMT:thread_safe_statics.obj
 0001:000101e8       _Init_thread_wait          00000001800111e8 f   LIBCMT:thread_safe_statics.obj
 0001:00010280       ??2@YAPEAX_K@Z             0000000180011280 f   LIBCMT:new_scalar.obj
 0001:000102bc       __scrt_acquire_startup_lock 00000001800112bc f   LIBCMT:utility.obj
 0001:000102f8       __scrt_dllmain_after_initialize_c 00000001800112f8 f   LIBCMT:utility.obj
 0001:0001032c       __scrt_dllmain_before_initialize_c 000000018001132c f   LIBCMT:utility.obj
 0001:00010344       __scrt_dllmain_crt_thread_attach 0000000180011344 f   LIBCMT:utility.obj
 0001:0001036c       __scrt_dllmain_crt_thread_detach 000000018001136c f   LIBCMT:utility.obj
 0001:00010384       __scrt_dllmain_exception_filter 0000000180011384 f   LIBCMT:utility.obj
 0001:000103e8       __scrt_dllmain_uninitialize_c 00000001800113e8 f   LIBCMT:utility.obj
 0001:00010418       __scrt_dllmain_uninitialize_critical 0000000180011418 f   LIBCMT:utility.obj
 0001:0001042c       __scrt_initialize_crt      000000018001142c f   LIBCMT:utility.obj
 0001:00010478       __scrt_initialize_onexit_tables 0000000180011478 f   LIBCMT:utility.obj
 0001:00010544       __scrt_is_nonwritable_in_current_image 0000000180011544 f   LIBCMT:utility.obj
 0001:000105e0       __scrt_release_startup_lock 00000001800115e0 f   LIBCMT:utility.obj
 0001:00010604       __scrt_uninitialize_crt    0000000180011604 f   LIBCMT:utility.obj
 0001:00010630       _onexit                    0000000180011630 f   LIBCMT:utility.obj
 0001:00010680       atexit                     0000000180011680 f   LIBCMT:utility.obj
 0001:00010698       ??3@YAXPEAX@Z              0000000180011698 f   LIBCMT:delete_scalar.obj
 0001:000109ec       _DllMainCRTStartup         00000001800119ec f   LIBCMT:dll_dllmain.obj
 0001:00010a2c       _guard_check_icall         0000000180011a2c f i LIBCMT:checkcfg.obj
 0001:00010a34       ??_Etype_info@@UEAAPEAXI@Z 0000000180011a34 f i LIBCMT:std_type_info_static.obj
 0001:00010a34       ??_Gtype_info@@UEAAPEAXI@Z 0000000180011a34 f i LIBCMT:std_type_info_static.obj
 0001:00010a60       __GSHandlerCheck           0000000180011a60 f   LIBCMT:_gshandler_.obj
 0001:00010a80       __GSHandlerCheckCommon     0000000180011a80 f   LIBCMT:_gshandler_.obj
 0001:00010af0       _alloca_probe              0000000180011af0 f   LIBCMT:_chkstk_.obj
 0001:00010af0       __chkstk                   0000000180011af0 f   LIBCMT:_chkstk_.obj
 0001:00010b44       __raise_securityfailure    0000000180011b44 f   LIBCMT:gs_report.obj
 0001:00010b78       __report_gsfailure         0000000180011b78 f   LIBCMT:gs_report.obj
 0001:00010c4c       __report_rangecheckfailure 0000000180011c4c f   LIBCMT:gs_report.obj
 0001:00010c60       __report_securityfailure   0000000180011c60 f   LIBCMT:gs_report.obj
 0001:00010de0       __crt_debugger_hook        0000000180011de0 f   LIBCMT:utility_desktop.obj
 0001:00010de8       __scrt_fastfail            0000000180011de8 f   LIBCMT:utility_desktop.obj
 0001:00010f30       ??0bad_array_new_length@std@@QEAA@AEBV01@@Z 0000000180011f30 f i LIBCMT:throw_bad_alloc.obj
 0001:00010f70       ??0bad_array_new_length@std@@QEAA@XZ 0000000180011f70 f i LIBCMT:throw_bad_alloc.obj
 0001:00010f90       ??1regex_error@std@@UEAA@XZ 0000000180011f90 f i libcpmt:xthrow.obj
 0001:00010f90       ??1bad_alloc@std@@UEAA@XZ  0000000180011f90 f i libcpmt:xthrow.obj
 0001:00010f90       ??1bad_exception@std@@UEAA@XZ 0000000180011f90 f i libvcruntime:frame.obj
 0001:00010f90       ??1length_error@std@@UEAA@XZ 0000000180011f90 f i libcpmt:xthrow.obj
 0001:00010f90       ??1out_of_range@std@@UEAA@XZ 0000000180011f90 f i libcpmt:xthrow.obj
 0001:00010f90       ??1bad_array_new_length@std@@UEAA@XZ 0000000180011f90 f i LIBCMT:throw_bad_alloc.obj
 0001:00010fa4       ?_Xbad_alloc@std@@YAXXZ    0000000180011fa4 f   libcpmt:xthrow.obj
 0001:00010fa4       ?__scrt_throw_std_bad_alloc@@YAXXZ 0000000180011fa4 f   LIBCMT:throw_bad_alloc.obj
 0001:00010fc4       ?__scrt_throw_std_bad_array_new_length@@YAXXZ 0000000180011fc4 f   LIBCMT:throw_bad_alloc.obj
 0001:00010fe4       __isa_available_init       0000000180011fe4 f   LIBCMT:_cpu_disp_.obj
 0001:000111ac       _get_startup_argv_mode     00000001800121ac f   LIBCMT:argv_mode.obj
 0001:000111ac       DllMain                    00000001800121ac f   LIBCMT:dll_dllmain_stub.obj
 0001:000111b4       __scrt_is_ucrt_dll_in_use  00000001800121b4 f   LIBCMT:ucrt_detection.obj
 0001:000111c0       __security_init_cookie     00000001800121c0 f   LIBCMT:gs_support.obj
 0001:0001126c       ?__scrt_initialize_type_info@@YAXXZ 000000018001226c f   LIBCMT:tncleanup.obj
 0001:0001127c       ?__scrt_uninitialize_type_info@@YAXXZ 000000018001227c f   LIBCMT:tncleanup.obj
 0001:00011288       __local_stdio_scanf_options 0000000180012288 f i LIBCMT:default_local_stdio_options.obj
 0001:00011290       __scrt_initialize_default_local_stdio_options 0000000180012290 f   LIBCMT:default_local_stdio_options.obj
 0001:000112ac       __scrt_get_dyn_tls_init_callback 00000001800122ac f   LIBCMT:dyn_tls_init.obj
 0001:000112b4       _RTC_Initialize            00000001800122b4 f   LIBCMT:_initsect_.obj
 0001:00011300       _RTC_Terminate             0000000180012300 f   LIBCMT:_initsect_.obj
 0001:00011360       memmove                    0000000180012360 f   libvcruntime:memcpy.obj
 0001:00011360       memcpy                     0000000180012360 f   libvcruntime:memcpy.obj
 0001:00011798       _purecall                  0000000180012798 f   libvcruntime:purevirt.obj
 0001:000117d4       memchr                     00000001800127d4 f   libvcruntime:memchr.obj
 0001:000117f0       strchr                     00000001800127f0 f   libvcruntime:strchr.obj
 0001:0001187c       __DestructExceptionObject  000000018001287c f   libvcruntime:frame.obj
 0001:00011904       ??0bad_exception@std@@QEAA@AEBV01@@Z 0000000180012904 f i libvcruntime:frame.obj
 0001:00011944       ??0bad_exception@std@@QEAA@XZ 0000000180012944 f i libvcruntime:frame.obj
 0001:000122c0       ?_CallMemberFunction0@@YAXPEAXP6AX0@Z@Z 00000001800132c0 f i libvcruntime:frame.obj
 0001:000122c4       ?_CallMemberFunction1@@YAXPEAXP6AX0@Z0@Z 00000001800132c4 f i libvcruntime:frame.obj
 0001:000122d0       ?_CallMemberFunction2@@YAXPEAXP6AX0@Z0H@Z 00000001800132d0 f i libvcruntime:frame.obj
 0001:000122e0       __AdjustPointer            00000001800132e0 f   libvcruntime:frame.obj
 0001:00012304       __BuildCatchObject         0000000180013304 f   libvcruntime:frame.obj
 0001:000123c8       __BuildCatchObjectHelper   00000001800133c8 f   libvcruntime:frame.obj
 0001:000125a8       __CxxCallCatchBlock        00000001800135a8 f   libvcruntime:frame.obj
 0001:00012794       __FrameUnwindFilter        0000000180013794 f   libvcruntime:frame.obj
 0001:000127e0       __FrameUnwindToState       00000001800137e0 f   libvcruntime:frame.obj
 0001:00012974       __InternalCxxFrameHandler  0000000180013974 f   libvcruntime:frame.obj
 0001:00012bcc       __TypeMatch                0000000180013bcc f   libvcruntime:frame.obj
 0001:00012d0c       __std_terminate            0000000180013d0c f   libvcruntime:frame.obj
 0001:00012d18       ?_ExecutionInCatch@@YAHPEAU_xDISPATCHER_CONTEXT@@PEBU_s_FuncInfo@@@Z 0000000180013d18 f   libvcruntime:trnsctrl.obj
 0001:00012d8c       ?_GetEstablisherFrame@@YAPEA_KPEA_KPEAU_xDISPATCHER_CONTEXT@@PEBU_s_FuncInfo@@0@Z 0000000180013d8c f   libvcruntime:trnsctrl.obj
 0001:00012e58       ?_GetRangeOfTrysToCheck@@YAPEBU_s_TryBlockMapEntry@@PEA_KPEBU_s_FuncInfo@@HHPEAI2PEAU_xDISPATCHER_CONTEXT@@@Z 0000000180013e58 f   libvcruntime:trnsctrl.obj
 0001:00012f84       ?__FrameUnwindToEmptyState@@YAXPEA_KPEAU_xDISPATCHER_CONTEXT@@PEBU_s_FuncInfo@@@Z 0000000180013f84 f   libvcruntime:trnsctrl.obj
 0001:00013018       ?__SehTransFilter@@YAHPEAU_EXCEPTION_POINTERS@@PEAUEHExceptionRecord@@PEA_KPEAU_CONTEXT@@PEAU_xDISPATCHER_CONTEXT@@PEBU_s_FuncInfo@@PEAH@Z 0000000180014018 f   libvcruntime:trnsctrl.obj
 0001:000130b0       _CallSETranslator          00000001800140b0 f   libvcruntime:trnsctrl.obj
 0001:00013108       _CreateFrameInfo           0000000180014108 f   libvcruntime:trnsctrl.obj
 0001:00013144       _FindAndUnlinkFrame        0000000180014144 f   libvcruntime:trnsctrl.obj
 0001:0001319c       _GetImageBase              000000018001419c f   libvcruntime:trnsctrl.obj
 0001:000131b0       _GetThrowImageBase         00000001800141b0 f   libvcruntime:trnsctrl.obj
 0001:000131c4       _IsExceptionObjectToBeDestroyed 00000001800141c4 f   libvcruntime:trnsctrl.obj
 0001:000131f4       _SetImageBase              00000001800141f4 f   libvcruntime:trnsctrl.obj
 0001:0001320c       _SetThrowImageBase         000000018001420c f   libvcruntime:trnsctrl.obj
 0001:00013224       _UnwindNestedFrames        0000000180014224 f   libvcruntime:trnsctrl.obj
 0001:00013348       __CxxFrameHandler3         0000000180014348 f   libvcruntime:trnsctrl.obj
 0001:000133c8       __std_exception_copy       00000001800143c8 f   libvcruntime:std_exception.obj
 0001:00013458       __std_exception_destroy    0000000180014458 f   libvcruntime:std_exception.obj
 0001:00013480       _CxxThrowException         0000000180014480 f   libvcruntime:throw.obj
 0001:00013570       memcmp                     0000000180014570 f   libvcruntime:memcmp.obj
 0001:00013650       memset                     0000000180014650 f   libvcruntime:memset.obj
 0001:000139b8       __vcrt_FlsAlloc            00000001800149b8 f   libvcruntime:winapi_downlevel.obj
 0001:00013a0c       __vcrt_FlsFree             0000000180014a0c f   libvcruntime:winapi_downlevel.obj
 0001:00013a60       __vcrt_FlsGetValue         0000000180014a60 f   libvcruntime:winapi_downlevel.obj
 0001:00013ab4       __vcrt_FlsSetValue         0000000180014ab4 f   libvcruntime:winapi_downlevel.obj
 0001:00013b1c       __vcrt_InitializeCriticalSectionEx 0000000180014b1c f   libvcruntime:winapi_downlevel.obj
 0001:00013b94       __vcrt_initialize_winapi_thunks 0000000180014b94 f   libvcruntime:winapi_downlevel.obj
 0001:00013be0       __vcrt_uninitialize_winapi_thunks 0000000180014be0 f   libvcruntime:winapi_downlevel.obj
 0001:00013c20       __vcrt_initialize          0000000180014c20 f   libvcruntime:initialization.obj
 0001:00013c54       __vcrt_thread_attach       0000000180014c54 f   libvcruntime:initialization.obj
 0001:00013c68       __vcrt_thread_detach       0000000180014c68 f   libvcruntime:initialization.obj
 0001:00013c7c       __vcrt_uninitialize        0000000180014c7c f   libvcruntime:initialization.obj
 0001:00013c9c       __vcrt_uninitialize_critical 0000000180014c9c f   libvcruntime:initialization.obj
 0001:00013cac       __C_specific_handler       0000000180014cac f   libvcruntime:_chandler_.obj
 0001:00013ea8       __std_type_info_compare    0000000180014ea8 f   libvcruntime:std_type_info.obj
 0001:00013ed0       __std_type_info_destroy_list 0000000180014ed0 f   libvcruntime:std_type_info.obj
 0001:00013efc       __vcrt_initialize_pure_virtual_call_handler 0000000180014efc f   libvcruntime:purevirt_data.obj
 0001:00013f20       __vcrt_freefls             0000000180014f20 f   libvcruntime:per_thread_data.obj
 0001:00013f40       __vcrt_freeptd             0000000180014f40 f   libvcruntime:per_thread_data.obj
 0001:00013f90       __vcrt_getptd              0000000180014f90 f   libvcruntime:per_thread_data.obj
 0001:00013fac       __vcrt_getptd_noexit       0000000180014fac f   libvcruntime:per_thread_data.obj
 0001:00014064       __vcrt_initialize_ptd      0000000180015064 f   libvcruntime:per_thread_data.obj
 0001:000140a4       __vcrt_uninitialize_ptd    00000001800150a4 f   libvcruntime:per_thread_data.obj
 0001:000140c8       ?__GetCurrentState@@YAHPEA_KPEAU_xDISPATCHER_CONTEXT@@PEBU_s_FuncInfo@@@Z 00000001800150c8 f   libvcruntime:ehstate.obj
 0001:000140f0       ?__GetUnwindTryBlock@@YAHPEA_KPEAU_xDISPATCHER_CONTEXT@@PEBU_s_FuncInfo@@@Z 00000001800150f0 f   libvcruntime:ehstate.obj
 0001:0001411c       ?__SetState@@YAXPEA_KPEAU_xDISPATCHER_CONTEXT@@PEBU_s_FuncInfo@@H@Z 000000018001511c f   libvcruntime:ehstate.obj
 0001:00014128       ?__SetUnwindTryBlock@@YAXPEA_KPEAU_xDISPATCHER_CONTEXT@@PEBU_s_FuncInfo@@H@Z 0000000180015128 f   libvcruntime:ehstate.obj
 0001:00014164       ?__StateFromControlPc@@YAHPEBU_s_FuncInfo@@PEAU_xDISPATCHER_CONTEXT@@@Z 0000000180015164 f   libvcruntime:ehstate.obj
 0001:0001416c       ?__StateFromIp@@YAHPEBU_s_FuncInfo@@PEAU_xDISPATCHER_CONTEXT@@_J@Z 000000018001516c f   libvcruntime:ehstate.obj
 0001:000141f0       _CallSettingFrame          00000001800151f0 f   libvcruntime:handlers.obj
 0001:00014240       _local_unwind              0000000180015240 f   libvcruntime:_jmpuwind_.obj
 0001:00014270       _NLG_Notify                0000000180015270 f   libvcruntime:_jmpuwind_.obj
 0001:00014290       __NLG_Dispatch2            0000000180015290 f   libvcruntime:_jmpuwind_.obj
 0001:000142a0       __NLG_Return2              00000001800152a0 f   libvcruntime:_jmpuwind_.obj
 0001:000142a4       __vcrt_initialize_locks    00000001800152a4 f   libvcruntime:locks.obj
 0001:000142ec       __vcrt_uninitialize_locks  00000001800152ec f   libvcruntime:locks.obj
 0001:00014324       abort                      0000000180015324 f   libucrt:abort.obj
 0001:0001437c       __acrt_call_reportfault    000000018001537c f   libucrt:invalid_parameter.obj
 0001:000144d8       __acrt_initialize_invalid_parameter_handler 00000001800154d8 f   libucrt:invalid_parameter.obj
 0001:000144e0       _invalid_parameter         00000001800154e0 f   libucrt:invalid_parameter.obj
 0001:00014588       _invalid_parameter_noinfo  0000000180015588 f   libucrt:invalid_parameter.obj
 0001:000145a8       _invalid_parameter_noinfo_noreturn 00000001800155a8 f   libucrt:invalid_parameter.obj
 0001:000145d8       _invoke_watson             00000001800155d8 f   libucrt:invalid_parameter.obj
 0001:00014620       realloc                    0000000180015620 f   libucrt:realloc.obj
 0001:00014628       free                       0000000180015628 f   libucrt:free.obj
 0001:00014630       ??0_LocaleUpdate@@QEAA@QEAU__crt_locale_pointers@@@Z 0000000180015630 f i libucrt:stricmp.obj
 0001:000146c0       __ascii_stricmp            00000001800156c0 f   libucrt:stricmp.obj
 0001:000146fc       _stricmp                   00000001800156fc f   libucrt:stricmp.obj
 0001:00014744       _stricmp_l                 0000000180015744 f   libucrt:stricmp.obj
 0001:000147f8       ___lc_codepage_func        00000001800157f8 f   libucrt:initctype.obj
 0001:00014828       ___lc_collate_cp_func      0000000180015828 f   libucrt:initctype.obj
 0001:00014858       ___lc_locale_name_func     0000000180015858 f   libucrt:initctype.obj
 0001:0001488c       __acrt_locale_initialize_ctype 000000018001588c f   libucrt:initctype.obj
 0001:00014e60       __acrt_initialize_locks    0000000180015e60 f   libucrt:locks.obj
 0001:00014ea8       __acrt_lock                0000000180015ea8 f   libucrt:locks.obj
 0001:00014ec4       __acrt_uninitialize_locks  0000000180015ec4 f   libucrt:locks.obj
 0001:00014efc       __acrt_unlock              0000000180015efc f   libucrt:locks.obj
 0001:00014f18       _lock_locales              0000000180015f18 f   libucrt:locks.obj
 0001:00014f28       _unlock_locales            0000000180015f28 f   libucrt:locks.obj
 0001:00014f38       malloc                     0000000180015f38 f   libucrt:malloc.obj
 0001:00015028       setlocale                  0000000180016028 f   libucrt:setlocale.obj
 0001:000151f4       _calloc_base               00000001800161f4 f   libucrt:calloc_base.obj
 0001:0001526c       __pctype_func              000000018001626c f   libucrt:ctype.obj
 0001:0001529c       islower                    000000018001629c f i libucrt:_ctype.obj
 0001:00015310       isupper                    0000000180016310 f i libucrt:_ctype.obj
 0001:00015384       _wcsdup                    0000000180016384 f   libucrt:wcsdup.obj
 0001:00015408       __acrt_errno_from_os_error 0000000180016408 f   libucrt:errno.obj
 0001:00015450       __acrt_errno_map_os_error  0000000180016450 f   libucrt:errno.obj
 0001:000154a0       __doserrno                 00000001800164a0 f   libucrt:errno.obj
 0001:000154c0       _errno                     00000001800164c0 f   libucrt:errno.obj
 0001:000154e0       __strncnt                  00000001800164e0 f   libucrt:strncnt.obj
 0001:000154f8       _free_base                 00000001800164f8 f   libucrt:free_base.obj
 0001:00015538       _malloc_base               0000000180016538 f   libucrt:malloc_base.obj
 0001:00015598       _realloc_base              0000000180016598 f   libucrt:realloc_base.obj
 0001:00015620       pow                        0000000180016620 f   libucrt:pow.obj
 0001:00016cc0       powf                       0000000180017cc0 f   libucrt:powf.obj
 0001:00017b88       wcscpy_s                   0000000180018b88 f   libucrt:wcscpy_s.obj
 0001:00017bf0       wcsnlen                    0000000180018bf0 f   libucrt:strnlen.obj
 0001:00017e58       _ismbblead                 0000000180018e58 f   libucrt:ismbbyte.obj
 0001:00017ebc       _tolower_l                 0000000180018ebc f   libucrt:tolower_toupper.obj
 0001:00017ffc       __acrt_initialize_new_handler 0000000180018ffc f   libucrt:new_handler.obj
 0001:00018004       _callnewh                  0000000180019004 f   libucrt:new_handler.obj
 0001:00018044       _query_new_handler         0000000180019044 f   libucrt:new_handler.obj
 0001:00018078       _seh_filter_dll            0000000180019078 f   libucrt:exception_filter.obj
 0001:0001808c       _seh_filter_exe            000000018001908c f   libucrt:exception_filter.obj
 0001:0001844c       __acrt_initialize_thread_local_exit_callback 000000018001944c f   libucrt:exit.obj
 0001:00018454       _cexit                     0000000180019454 f   libucrt:exit.obj
 0001:00018464       _exit                      0000000180019464 f   libucrt:exit.obj
 0001:00018470       _is_c_termination_complete 0000000180019470 f   libucrt:exit.obj
 0001:00018634       __acrt_allocate_buffer_for_argv 0000000180019634 f   libucrt:argv_parsing.obj
 0001:00018698       _configure_narrow_argv     0000000180019698 f   libucrt:argv_parsing.obj
 0001:000189f4       __dcrt_uninitialize_environments_nolock 00000001800199f4 f   libucrt:environment_initialization.obj
 0001:00018a2c       _initialize_narrow_environment 0000000180019a2c f   libucrt:environment_initialization.obj
 0001:00018a34       ??$?RV<lambda_b8c45f8f788dd370798f47cfe8ac3a86>@@AEAV<lambda_4e60a939b0d047cfe11ddc22648dfba9>@@V<lambda_332c3edc96d0294ec56c57d38c1cdfd5>@@@?$__crt_seh_guarded_call@H@@QEAAH$$QEAV<lambda_b8c45f8f788dd370798f47cfe8ac3a86>@@AEAV<lambda_4e60a939b0d047cfe11ddc22648dfba9>@@$$QEAV<lambda_332c3edc96d0294ec56c57d38c1cdfd5>@@@Z 0000000180019a34 f i libucrt:onexit.obj
 0001:00018a70       ??$?RV<lambda_e24bbb7b643b32fcea6fa61b31d4c984>@@AEAV<lambda_275893d493268fdec8709772e3fcec0e>@@V<lambda_9d71df4d7cf3f480f8d633942495c3b0>@@@?$__crt_seh_guarded_call@H@@QEAAH$$QEAV<lambda_e24bbb7b643b32fcea6fa61b31d4c984>@@AEAV<lambda_275893d493268fdec8709772e3fcec0e>@@$$QEAV<lambda_9d71df4d7cf3f480f8d633942495c3b0>@@@Z 0000000180019a70 f i libucrt:onexit.obj
 0001:00018dec       _crt_atexit                0000000180019dec f   libucrt:onexit.obj
 0001:00018dfc       _execute_onexit_table      0000000180019dfc f   libucrt:onexit.obj
 0001:00018e38       _initialize_onexit_table   0000000180019e38 f   libucrt:onexit.obj
 0001:00018e78       _register_onexit_function  0000000180019e78 f   libucrt:onexit.obj
 0001:00018ff4       __acrt_initialize          0000000180019ff4 f   libucrt:initialization.obj
 0001:00019008       __acrt_thread_attach       000000018001a008 f   libucrt:initialization.obj
 0001:0001901c       __acrt_thread_detach       000000018001a01c f   libucrt:initialization.obj
 0001:0001902c       __acrt_uninitialize        000000018001a02c f   libucrt:initialization.obj
 0001:00019040       __acrt_uninitialize_critical 000000018001a040 f   libucrt:initialization.obj
 0001:00019050       _initterm                  000000018001a050 f   libucrt:initterm.obj
 0001:000190c8       _initterm_e                000000018001a0c8 f   libucrt:initterm.obj
 0001:00019114       terminate                  000000018001a114 f   libucrt:terminate.obj
 0001:0001913c       strcpy_s                   000000018001a13c f   libucrt:strcpy_s.obj
 0001:0001919c       ??$is_overflow_condition@K@__crt_strtox@@YA_NIK@Z 000000018001a19c f i libucrt:atox.obj
 0001:000191c8       ??$make_c_string_character_source@_W$$T@__crt_strtox@@YA?AV?$c_string_character_source@_W@0@QEB_W$$T@Z 000000018001a1c8 f i libucrt:atox.obj
 0001:000191dc       ??$parse_integer@KV?$c_string_character_source@_W@__crt_strtox@@@__crt_strtox@@YAKQEAU__crt_locale_pointers@@V?$c_string_character_source@_W@0@H_N@Z 000000018001a1dc f i libucrt:atox.obj
 0001:000198b0       _wtol                      000000018001a8b0 f   libucrt:atox.obj
 0001:000198dc       ??$?RV<lambda_c36588078e9f5dfd39652860aa6b3aaf>@@AEAV<lambda_ec61778202f4f5fc7e7711acc23c3bca>@@V<lambda_dc9d2797ccde5d239b4a0efae8ebd7db>@@@?$__crt_seh_guarded_call@P6AXH@Z@@QEAAP6AXH@Z$$QEAV<lambda_c36588078e9f5dfd39652860aa6b3aaf>@@AEAV<lambda_ec61778202f4f5fc7e7711acc23c3bca>@@$$QEAV<lambda_dc9d2797ccde5d239b4a0efae8ebd7db>@@@Z 000000018001a8dc f i libucrt:signal.obj
 0001:00019924       __acrt_get_sigabrt_handler 000000018001a924 f   libucrt:signal.obj
 0001:00019954       __acrt_initialize_signal_handlers 000000018001a954 f   libucrt:signal.obj
 0001:00019974       raise                      000000018001a974 f   libucrt:signal.obj
 0001:00019c10       ??$?RV<lambda_46352004c1216016012b18bd6f87e700>@@AEAV<lambda_3bd07e1a1191394380780325891bf33f>@@V<lambda_334532d3f185bcaa59b5be82d7d22bff>@@@?$__crt_seh_guarded_call@X@@QEAAX$$QEAV<lambda_46352004c1216016012b18bd6f87e700>@@AEAV<lambda_3bd07e1a1191394380780325891bf33f>@@$$QEAV<lambda_334532d3f185bcaa59b5be82d7d22bff>@@@Z 000000018001ac10 f i libucrt:per_thread_data.obj
 0001:00019c70       ??$?RV<lambda_5e887d1dcbef67a5eb4283622ba103bf>@@AEAV<lambda_4466841279450cc726390878d4a41900>@@V<lambda_341c25c0346d94847f1f3c463c57e077>@@@?$__crt_seh_guarded_call@X@@QEAAX$$QEAV<lambda_5e887d1dcbef67a5eb4283622ba103bf>@@AEAV<lambda_4466841279450cc726390878d4a41900>@@$$QEAV<lambda_341c25c0346d94847f1f3c463c57e077>@@@Z 000000018001ac70 f i libucrt:per_thread_data.obj
 0001:00019cb8       ??$?RV<lambda_72d1df2b273a38828b1ce30cbf4cdab5>@@AEAV<lambda_876a65b173b8412d3a47c70a915b0cf4>@@V<lambda_41932305e351933ebe8f8be3ed8bb5dc>@@@?$__crt_seh_guarded_call@X@@QEAAX$$QEAV<lambda_72d1df2b273a38828b1ce30cbf4cdab5>@@AEAV<lambda_876a65b173b8412d3a47c70a915b0cf4>@@$$QEAV<lambda_41932305e351933ebe8f8be3ed8bb5dc>@@@Z 000000018001acb8 f i libucrt:per_thread_data.obj
 0001:00019cf8       ??$?RV<lambda_fb3a7dec4e47f37f22dae91bb15c9095>@@AEAV<lambda_698284760c8add0bfb0756c19673e34b>@@V<lambda_dfb8eca1e75fef3034a8fb18dd509707>@@@?$__crt_seh_guarded_call@X@@QEAAX$$QEAV<lambda_fb3a7dec4e47f37f22dae91bb15c9095>@@AEAV<lambda_698284760c8add0bfb0756c19673e34b>@@$$QEAV<lambda_dfb8eca1e75fef3034a8fb18dd509707>@@@Z 000000018001acf8 f i libucrt:per_thread_data.obj
 0001:00019f88       __acrt_freeptd             000000018001af88 f   libucrt:per_thread_data.obj
 0001:00019fcc       __acrt_getptd              000000018001afcc f   libucrt:per_thread_data.obj
 0001:0001a060       __acrt_getptd_noexit       000000018001b060 f   libucrt:per_thread_data.obj
 0001:0001a100       __acrt_initialize_ptd      000000018001b100 f   libucrt:per_thread_data.obj
 0001:0001a13c       __acrt_uninitialize_ptd    000000018001b13c f   libucrt:per_thread_data.obj
 0001:0001a160       __acrt_update_locale_info  000000018001b160 f   libucrt:locale_update.obj
 0001:0001a194       __acrt_update_multibyte_info 000000018001b194 f   libucrt:locale_update.obj
 0001:0001a1c8       ??$?RV<lambda_5df02c53a8f32f81fd64e5bbb78039f1>@@AEAV<lambda_2af78c5f5901b1372d98f9ab3177dfa6>@@AEAV<lambda_f51fe5fd7c79a33db34fc9310f277369>@@@?$__crt_seh_guarded_call@X@@QEAAX$$QEAV<lambda_5df02c53a8f32f81fd64e5bbb78039f1>@@AEAV<lambda_2af78c5f5901b1372d98f9ab3177dfa6>@@AEAV<lambda_f51fe5fd7c79a33db34fc9310f277369>@@@Z 000000018001b1c8 f i libucrt:wsetlocale.obj
[...]
 0004:00002394       $pdata$__acrt_lowio_destroy_handle_array 0000000180040394     libucrt:osfinfo.obj
 0004:000023a0       $pdata$__acrt_lowio_ensure_fh_exists 00000001800403a0     libucrt:osfinfo.obj
 0004:000023ac       $pdata$_free_osfhnd        00000001800403ac     libucrt:osfinfo.obj
 0004:000023b8       $pdata$_get_osfhandle      00000001800403b8     libucrt:osfinfo.obj
 0004:000023c4       $pdata$_call_matherr       00000001800403c4     libucrt:libm_error.obj
 0004:000023d0       $pdata$_exception_enabled  00000001800403d0     libucrt:libm_error.obj
 0004:000023dc       $pdata$_handle_error       00000001800403dc     libucrt:libm_error.obj
 0004:000023e8       $pdata$_handle_errorf      00000001800403e8     libucrt:libm_error.obj
 0004:000023f4       $pdata$_towlower_l         00000001800403f4     libucrt:towlower.obj
 0004:00002400       $pdata$?shortsort@@YAXPEAD0_KP6AHPEBX2@Z@Z 0000000180040400     libucrt:qsort.obj
 0004:0000240c       $pdata$2$?shortsort@@YAXPEAD0_KP6AHPEBX2@Z@Z 000000018004040c     libucrt:qsort.obj
 0004:00002418       $pdata$3$?shortsort@@YAXPEAD0_KP6AHPEBX2@Z@Z 0000000180040418     libucrt:qsort.obj
 0004:00002424       $pdata$qsort               0000000180040424     libucrt:qsort.obj
 0004:00002430       $pdata$4$qsort             0000000180040430     libucrt:qsort.obj
 0004:0000243c       $pdata$5$qsort             000000018004043c     libucrt:qsort.obj
 0004:00002448       $pdata$strpbrk             0000000180040448     libucrt:strpbrk.obj
 0004:00002454       $pdata$_mbsdec_l           0000000180040454     libucrt:mbsdec.obj
 0004:00002460       $pdata$?initialize_multibyte@@YAHXZ 0000000180040460     libucrt:multibyte_initializer.obj
 0004:0000246c       $pdata$_msize              000000018004046c     libucrt:msize.obj
 0004:00002478       $pdata$??$common_xtox@K_W@@YAHKQEA_W_KI_N@Z 0000000180040478     libucrt:xtoa.obj
 0004:00002484       $pdata$??$common_xtox_s@K_W@@YAHKQEA_W_KI_N@Z 0000000180040484     libucrt:xtoa.obj
 0004:00002490       $pdata$_itow_s             0000000180040490     libucrt:xtoa.obj
 0004:0000249c       $pdata$_wcsnicmp           000000018004049c     libucrt:wcsnicmp.obj
 0004:000024a8       $pdata$_wcsnicmp_l         00000001800404a8     libucrt:wcsnicmp.obj
 0004:000024c0       $pdata$?write_double_translated_ansi_nolock@@YA?AUwrite_result@?A0x9c548279@@HQEBDI@Z 00000001800404c0     libucrt:write.obj
 0004:000024cc       $pdata$?write_text_ansi_nolock@@YA?AUwrite_result@?A0x9c548279@@HQEBDI@Z 00000001800404cc     libucrt:write.obj
 0004:000024d8       $pdata$?write_text_utf16le_nolock@@YA?AUwrite_result@?A0x9c548279@@HQEBDI@Z 00000001800404d8     libucrt:write.obj
 0004:000024e4       $pdata$?write_text_utf8_nolock@@YA?AUwrite_result@?A0x9c548279@@HQEBDI@Z 00000001800404e4     libucrt:write.obj
 0004:000024f0       $pdata$_write              00000001800404f0     libucrt:write.obj
 0004:000024fc       $pdata$_write_nolock       00000001800404fc     libucrt:write.obj
 0004:00002508       $pdata$??$common_lseek_nolock@_J@@YA_JH_JH@Z 0000000180040508     libucrt:lseek.obj
 0004:00002514       $pdata$_fclose_nolock      0000000180040514     libucrt:fclose.obj
 0004:00002520       $pdata$fclose              0000000180040520     libucrt:fclose.obj
 0004:0000252c       $pdata$??$?RV<lambda_b521505b218e5242e90febf6bfebc422>@@AEAV<lambda_6978c1fb23f02e42e1d9e99668cc68aa>@@V<lambda_314360699dd331753a4119843814e9a7>@@@?$__crt_seh_guarded_call@H@@QEAAH$$QEAV<lambda_b521505b218e5242e90febf6bfebc422>@@AEAV<lambda_6978c1fb23f02e42e1d9e99668cc68aa>@@$$QEAV<lambda_314360699dd331753a4119843814e9a7>@@@Z 000000018004052c     libucrt:commit.obj
 0004:00002538       $pdata$_commit             0000000180040538     libucrt:commit.obj
 0004:00002544       $pdata$__acrt_LCMapStringW 0000000180040544     libucrt:lcmapstringw.obj
 0004:00002550       $pdata$_log10_special      0000000180040550     libucrt:log_special.obj
 0004:0000255c       $pdata$_log_special_common 000000018004055c     libucrt:log_special.obj
 0004:00002568       $pdata$_putwch_nolock      0000000180040568     libucrt:putwch.obj
 0004:00002574       $pdata$??$?RV<lambda_bfedae4ebbf01fab1bb6dcc6a9e276e0>@@AEAV<lambda_2fe9b910cf3cbf4a0ab98a02ba45b3ec>@@V<lambda_237c231691f317818eb88cc1d5d642d6>@@@?$__crt_seh_guarded_call@H@@QEAAH$$QEAV<lambda_bfedae4ebbf01fab1bb6dcc6a9e276e0>@@AEAV<lambda_2fe9b910cf3cbf4a0ab98a02ba45b3ec>@@$$QEAV<lambda_237c231691f317818eb88cc1d5d642d6>@@@Z 0000000180040574     libucrt:close.obj
 0004:00002580       $pdata$_close              0000000180040580     libucrt:close.obj
 0004:0000258c       $pdata$_close_nolock       000000018004058c     libucrt:close.obj
 0004:00002598       $pdata$__dcrt_lowio_initialize_console_output 0000000180040598     libucrt:initcon.obj
 0004:000025a4       $pdata$__dcrt_terminate_console_output 00000001800405a4     libucrt:initcon.obj
 0004:000025b0       $pdata$?DloadAcquireSectionWriteAccess@@YAXXZ 00000001800405b0     DelayImp:delayhlp.obj
 0004:000025bc       $pdata$?DloadGetSRWLockFunctionPointers@@YAEXZ 00000001800405bc     DelayImp:delayhlp.obj
 0004:000025c8       $pdata$?DloadMakePermanentImageCommit@@YAXPEAX_K@Z 00000001800405c8     DelayImp:delayhlp.obj
 0004:000025d4       $pdata$?DloadObtainSection@@YAPEAXPEAK0@Z 00000001800405d4     DelayImp:delayhlp.obj
 0004:000025e0       $pdata$?DloadProtectSection@@YAXKPEAK@Z 00000001800405e0     DelayImp:delayhlp.obj
 0004:000025ec       $pdata$?DloadReleaseSectionWriteAccess@@YAXXZ 00000001800405ec     DelayImp:delayhlp.obj
 0004:000025f8       $pdata$__delayLoadHelper2  00000001800405f8     DelayImp:delayhlp.obj
 0004:00002604       $pdata$_IsNonwritableInCurrentImage 0000000180040604     LIBCMT:pesect.obj
 0004:00002610       $pdata$wcschr              0000000180040610     libvcruntime:wcschr.obj
 0004:00002628       $pdata$__scrt_is_nonwritable_in_current_image$filt$0 0000000180040628     LIBCMT:utility.obj
 0004:00002634       $pdata$?fin$0@?0??dllmain_crt_process_attach@@YAHQEAUHINSTANCE__@@QEAX@Z@4HA 0000000180040634     LIBCMT:dll_dllmain.obj
 0004:00002640       $pdata$?fin$0@?0??dllmain_crt_process_detach@@YAH_N@Z@4HA 0000000180040640     LIBCMT:dll_dllmain.obj
 0004:0000264c       $pdata$?filt$0@?0??dllmain_dispatch@@YAHQEAUHINSTANCE__@@KQEAX@Z@4HA 000000018004064c     LIBCMT:dll_dllmain.obj
 0004:00002658       $pdata$__CxxCallCatchBlock$filt$0 0000000180040658     libvcruntime:frame.obj
 0004:00002664       $pdata$__CxxCallCatchBlock$fin$1 0000000180040664     libvcruntime:frame.obj
 0004:00002670       $pdata$__DestructExceptionObject$filt$0 0000000180040670     libvcruntime:frame.obj
 0004:0000267c       $pdata$__FrameUnwindToState$filt$0 000000018004067c     libvcruntime:frame.obj
 0004:00002688       $pdata$__FrameUnwindToState$fin$1 0000000180040688     libvcruntime:frame.obj
 0004:00002694       $pdata$_CallSETranslator$filt$0 0000000180040694     libvcruntime:trnsctrl.obj
 0004:000026a0       $pdata$setlocale$fin$0     00000001800406a0     libucrt:setlocale.obj
 0004:000026ac       $pdata$_query_new_handler$fin$0 00000001800406ac     libucrt:new_handler.obj
 0004:000026b8       $pdata$?filt$0@?0??common_exit@@YAXHW4_crt_exit_cleanup_mode@@W4_crt_exit_return_mode@@@Z@4HA 00000001800406b8     libucrt:exit.obj
 0004:000026c4       $pdata$?fin$1@?0??common_exit@@YAXHW4_crt_exit_cleanup_mode@@W4_crt_exit_return_mode@@@Z@4HA 00000001800406c4     libucrt:exit.obj
 0004:000026d0       $pdata$?fin$0@?0???$?RV<lambda_e24bbb7b643b32fcea6fa61b31d4c984>@@AEAV<lambda_275893d493268fdec8709772e3fcec0e>@@V<lambda_9d71df4d7cf3f480f8d633942495c3b0>@@@?$__crt_seh_guarded_call@H@@QEAAH$$QEAV<lambda_e24bbb7b643b32fcea6fa61b31d4c984>@@AEAV<lambda_275893d493268fdec8709772e3fcec0e>@@$$QEAV<lambda_9d71df4d7cf3f480f8d633942495c3b0>@@@Z@4HA 00000001800406d0     libucrt:onexit.obj
 0004:000026dc       $pdata$raise$fin$0         00000001800406dc     libucrt:signal.obj
 0004:000026e8       $pdata$?fin$0@?0???$?RV<lambda_5e887d1dcbef67a5eb4283622ba103bf>@@AEAV<lambda_4466841279450cc726390878d4a41900>@@V<lambda_341c25c0346d94847f1f3c463c57e077>@@@?$__crt_seh_guarded_call@X@@QEAAX$$QEAV<lambda_5e887d1dcbef67a5eb4283622ba103bf>@@AEAV<lambda_4466841279450cc726390878d4a41900>@@$$QEAV<lambda_341c25c0346d94847f1f3c463c57e077>@@@Z@4HA 00000001800406e8     libucrt:per_thread_data.obj
 0004:000026e8       $pdata$?fin$0@?0???$?RV<lambda_fb3a7dec4e47f37f22dae91bb15c9095>@@AEAV<lambda_698284760c8add0bfb0756c19673e34b>@@V<lambda_dfb8eca1e75fef3034a8fb18dd509707>@@@?$__crt_seh_guarded_call@X@@QEAAX$$QEAV<lambda_fb3a7dec4e47f37f22dae91bb15c9095>@@AEAV<lambda_698284760c8add0bfb0756c19673e34b>@@$$QEAV<lambda_dfb8eca1e75fef3034a8fb18dd509707>@@@Z@4HA 00000001800406e8     libucrt:per_thread_data.obj
 0004:000026e8       $pdata$?fin$0@?0???$?RV<lambda_c36588078e9f5dfd39652860aa6b3aaf>@@AEAV<lambda_ec61778202f4f5fc7e7711acc23c3bca>@@V<lambda_dc9d2797ccde5d239b4a0efae8ebd7db>@@@?$__crt_seh_guarded_call@P6AXH@Z@@QEAAP6AXH@Z$$QEAV<lambda_c36588078e9f5dfd39652860aa6b3aaf>@@AEAV<lambda_ec61778202f4f5fc7e7711acc23c3bca>@@$$QEAV<lambda_dc9d2797ccde5d239b4a0efae8ebd7db>@@@Z@4HA 00000001800406e8     libucrt:signal.obj
 0004:000026e8       $pdata$?fin$0@?0???$?RV<lambda_630b2aca97f6d20d5b5ea6529ea6b6af>@@AEAV<lambda_af91936f1d075d609f72d9d8cba980af>@@V<lambda_e82fa975f615b5c7c7b0e4d178fdae67>@@@?$__crt_seh_guarded_call@H@@QEAAH$$QEAV<lambda_630b2aca97f6d20d5b5ea6529ea6b6af>@@AEAV<lambda_af91936f1d075d609f72d9d8cba980af>@@$$QEAV<lambda_e82fa975f615b5c7c7b0e4d178fdae67>@@@Z@4HA 00000001800406e8     libucrt:winapi_thunks.obj
 0004:000026e8       $pdata$?fin$0@?0???$?RV<lambda_d67e8342c384adda8f857579ab50b2ae>@@AEAV<lambda_30712929f77e709619002f448b6a9510>@@V<lambda_4525336fd7e478d965fb7ca7a337cad8>@@@?$__crt_seh_guarded_call@X@@QEAAX$$QEAV<lambda_d67e8342c384adda8f857579ab50b2ae>@@AEAV<lambda_30712929f77e709619002f448b6a9510>@@$$QEAV<lambda_4525336fd7e478d965fb7ca7a337cad8>@@@Z@4HA 00000001800406e8     libucrt:wsetlocale.obj
 0004:000026e8       $pdata$?fin$0@?0???$?RV<lambda_46352004c1216016012b18bd6f87e700>@@AEAV<lambda_3bd07e1a1191394380780325891bf33f>@@V<lambda_334532d3f185bcaa59b5be82d7d22bff>@@@?$__crt_seh_guarded_call@X@@QEAAX$$QEAV<lambda_46352004c1216016012b18bd6f87e700>@@AEAV<lambda_3bd07e1a1191394380780325891bf33f>@@$$QEAV<lambda_334532d3f185bcaa59b5be82d7d22bff>@@@Z@4HA 00000001800406e8     libucrt:per_thread_data.obj
 0004:000026e8       $pdata$?fin$0@?0???$?RV<lambda_72d1df2b273a38828b1ce30cbf4cdab5>@@AEAV<lambda_876a65b173b8412d3a47c70a915b0cf4>@@V<lambda_41932305e351933ebe8f8be3ed8bb5dc>@@@?$__crt_seh_guarded_call@X@@QEAAX$$QEAV<lambda_72d1df2b273a38828b1ce30cbf4cdab5>@@AEAV<lambda_876a65b173b8412d3a47c70a915b0cf4>@@$$QEAV<lambda_41932305e351933ebe8f8be3ed8bb5dc>@@@Z@4HA 00000001800406e8     libucrt:per_thread_data.obj
 0004:000026e8       $pdata$?fin$0@?0???$?RV<lambda_b8c45f8f788dd370798f47cfe8ac3a86>@@AEAV<lambda_4e60a939b0d047cfe11ddc22648dfba9>@@V<lambda_332c3edc96d0294ec56c57d38c1cdfd5>@@@?$__crt_seh_guarded_call@H@@QEAAH$$QEAV<lambda_b8c45f8f788dd370798f47cfe8ac3a86>@@AEAV<lambda_4e60a939b0d047cfe11ddc22648dfba9>@@$$QEAV<lambda_332c3edc96d0294ec56c57d38c1cdfd5>@@@Z@4HA 00000001800406e8     libucrt:onexit.obj
 0004:000026e8       $pdata$?fin$0@?0???$?RV<lambda_99476a1ad63dd22509b5d3e65b0ffc95>@@AEAV<lambda_ad1ced32f4ac17aa236e5ef05d6b3b7c>@@V<lambda_f7424dd8d45958661754dc4f2697e9c3>@@@?$__crt_seh_guarded_call@X@@QEAAX$$QEAV<lambda_99476a1ad63dd22509b5d3e65b0ffc95>@@AEAV<lambda_ad1ced32f4ac17aa236e5ef05d6b3b7c>@@$$QEAV<lambda_f7424dd8d45958661754dc4f2697e9c3>@@@Z@4HA 00000001800406e8     libucrt:mbctype.obj
 0004:000026f4       $pdata$?fin$0@?0???$?RV<lambda_5df02c53a8f32f81fd64e5bbb78039f1>@@AEAV<lambda_2af78c5f5901b1372d98f9ab3177dfa6>@@AEAV<lambda_f51fe5fd7c79a33db34fc9310f277369>@@@?$__crt_seh_guarded_call@X@@QEAAX$$QEAV<lambda_5df02c53a8f32f81fd64e5bbb78039f1>@@AEAV<lambda_2af78c5f5901b1372d98f9ab3177dfa6>@@AEAV<lambda_f51fe5fd7c79a33db34fc9310f277369>@@@Z@4HA 00000001800406f4     libucrt:wsetlocale.obj
 0004:00002700       $pdata$_ctrlfp$filt$0      0000000180040700     libucrt:fpctrl.obj
 0004:0000270c       $pdata$__acrt_lowio_ensure_fh_exists$fin$0 000000018004070c     libucrt:osfinfo.obj
 0004:0000270c       $pdata$__acrt_initialize_lowio$fin$0 000000018004070c     libucrt:ioinit.obj
 0004:00002718       $pdata$__acrt_update_thread_multibyte_data$fin$0 0000000180040718     libucrt:mbctype.obj
 0004:00002724       $pdata$__acrt_update_thread_locale_data$fin$0 0000000180040724     libucrt:locale_refcounting.obj
 0004:00002724       $pdata$__acrt_uninitialize_locale$fin$0 0000000180040724     libucrt:wsetlocale.obj
 0004:00002730       $pdata$_fcloseall$fin$0    0000000180040730     libucrt:closeall.obj
 0004:0000273c       $pdata$common_flush_all$fin$0 000000018004073c     libucrt:fflush.obj
 0004:00002748       $pdata$common_flush_all$fin$1 0000000180040748     libucrt:fflush.obj
 0004:00002754       $pdata$_write$fin$0        0000000180040754     libucrt:write.obj
 0004:00002760       $pdata$fclose$fin$0        0000000180040760     libucrt:fclose.obj
 0004:0000276c       $pdata$?fin$0@?0???$?RV<lambda_bfedae4ebbf01fab1bb6dcc6a9e276e0>@@AEAV<lambda_2fe9b910cf3cbf4a0ab98a02ba45b3ec>@@V<lambda_237c231691f317818eb88cc1d5d642d6>@@@?$__crt_seh_guarded_call@H@@QEAAH$$QEAV<lambda_bfedae4ebbf01fab1bb6dcc6a9e276e0>@@AEAV<lambda_2fe9b910cf3cbf4a0ab98a02ba45b3ec>@@$$QEAV<lambda_237c231691f317818eb88cc1d5d642d6>@@@Z@4HA 000000018004076c     libucrt:close.obj
 0004:0000276c       $pdata$?fin$0@?0???$?RV<lambda_b521505b218e5242e90febf6bfebc422>@@AEAV<lambda_6978c1fb23f02e42e1d9e99668cc68aa>@@V<lambda_314360699dd331753a4119843814e9a7>@@@?$__crt_seh_guarded_call@H@@QEAAH$$QEAV<lambda_b521505b218e5242e90febf6bfebc422>@@AEAV<lambda_6978c1fb23f02e42e1d9e99668cc68aa>@@$$QEAV<lambda_314360699dd331753a4119843814e9a7>@@@Z@4HA 000000018004076c     libucrt:commit.obj
 0004:00002778       $pdata$_IsNonwritableInCurrentImage$filt$0 0000000180040778     LIBCMT:pesect.obj
 0004:00002784       $pdata$??__F_Fac_tidy_reg@std@@YAXXZ 0000000180040784     libcpmt:locale0.obj
 0004:00002790       $pdata$??__Fclassic_locale@std@@YAXXZ 0000000180040790     libcpmt:locale0.obj
 0004:0000279c       $pdata$??__Finit_atexit@@YAXXZ 000000018004079c     libcpmt:iosptrs.obj
 0005:00000000       __guard_fids__             0000000180041000     libucrt:initialization.obj
 0005:00000060       __guard_fids___acrt_initialize_ptd 0000000180041060     libucrt:per_thread_data.obj
 0005:00000064       __guard_fids__             0000000180041064     libucrt:wsetlocale.obj
 0005:0000007c       __guard_fids_??$?RV<lambda_630b2aca97f6d20d5b5ea6529ea6b6af>@@AEAV<lambda_af91936f1d075d609f72d9d8cba980af>@@V<lambda_e82fa975f615b5c7c7b0e4d178fdae67>@@@?$__crt_seh_guarded_call@H@@QEAAH$$QEAV<lambda_630b2aca97f6d20d5b5ea6529ea6b6af>@@AEAV<lambda_af91936f1d075d609f72d9d8cba980af>@@$$QEAV<lambda_e82fa975f615b5c7c7b0e4d178fdae67>@@@Z 000000018004107c     libucrt:winapi_thunks.obj
 0005:00000080       __guard_fids_??$expand_argument_wildcards@D@@YAHQEAD0AEAV?$argument_list@D@?A0xca0879c4@@@Z 0000000180041080     libucrt:argv_wildcards.obj
 0005:00000084       __guard_fids__             0000000180041084     libucrt:locale_initializer.obj
 0005:00000088       __guard_fids_GetLocaleNameFromLangCountry 0000000180041088     libucrt:get_qualified_locale.obj
 0005:0000008c       __guard_fids_GetLocaleNameFromLanguage 000000018004108c     libucrt:get_qualified_locale.obj
 0005:00000090       __guard_fids___acrt_get_qualified_locale_downlevel 0000000180041090     libucrt:getqloc_downlevel.obj
 0005:00000094       __guard_fids_GetLcidFromLangCountry 0000000180041094     libucrt:getqloc_downlevel.obj
 0005:00000098       __guard_fids_GetLcidFromLanguage 0000000180041098     libucrt:getqloc_downlevel.obj
 0005:0000009c       __guard_fids__             000000018004109c     libucrt:stdio_initializer.obj
 0005:000000a0       __guard_fids__             00000001800410a0     libucrt:stdio_initializer.obj
 0005:000000a4       __guard_fids__             00000001800410a4     libucrt:fma3_initializer.obj
 0005:000000a8       __guard_fids__             00000001800410a8     libucrt:timeset_initializer.obj
 0005:000000ac       __guard_fids__             00000001800410ac     libucrt:multibyte_initializer.obj
 0005:000000b0       __guard_fids__             00000001800410b0     libucrt:console_output_initializer.obj
 0005:000000b4       __guard_fids_??__Einitlocks@std@@YAXXZ 00000001800410b4     libcpmt:xlock.obj
 0005:000000b8       __guard_fids__             00000001800410b8     libcpmt:xlock.obj
 0005:000000bc       __guard_fids_??__E_Fac_tidy_reg@std@@YAXXZ 00000001800410bc     libcpmt:locale0.obj
 0005:000000c0       __guard_fids_?_Setgloballocale@locale@std@@CAXPEAX@Z 00000001800410c0     libcpmt:locale0.obj
 0005:000000c4       __guard_fids_??__Eclassic_locale@std@@YAXXZ 00000001800410c4     libcpmt:locale0.obj
 0005:000000c8       __guard_fids__             00000001800410c8     libcpmt:locale0.obj
 0005:000000d4       __guard_fids__             00000001800410d4     libcpmt:locale0.obj
 0005:000000e0       __guard_fids__             00000001800410e0     libcpmt:locale0.obj
 0005:000000e4       __guard_fids__             00000001800410e4     libcpmt:locale0.obj
 0005:000000e8       __guard_fids__             00000001800410e8     libcpmt:xthrow.obj
 0005:000000f0       __guard_fids__             00000001800410f0     libcpmt:xthrow.obj
 0005:000000f8       __guard_fids__             00000001800410f8     libcpmt:xthrow.obj
 0005:00000100       __guard_fids__             0000000180041100     libcpmt:xthrow.obj
 0005:00000108       __guard_fids__             0000000180041108     libcpmt:xthrow.obj
 0005:00000110       __guard_fids__             0000000180041110     libcpmt:xthrow.obj
 0005:00000118       __guard_fids__             0000000180041118     libcpmt:xthrow.obj
 0005:00000120       __guard_fids_??__Einitlocks@std@@YAXXZ 0000000180041120     libcpmt:iosptrs.obj
 0005:00000124       __guard_fids_??__Einit_atexit@@YAXXZ 0000000180041124     libcpmt:iosptrs.obj
 0005:00000128       __guard_fids__             0000000180041128     libcpmt:iosptrs.obj
 0005:0000012c       __guard_fids__             000000018004112c     libcpmt:iosptrs.obj
 0005:00000130       __guard_fids__             0000000180041130     libcpmt:locale.obj
 0005:0000015c       __guard_fids__             000000018004115c     libcpmt:winapisupp.obj
 0005:00000160       __guard_fids__             0000000180041160     libcpmt:xlocale.obj
 0005:00000178       __guard_fids__             0000000180041178     LIBCMT:thread_safe_statics.obj
 0005:0000017c       __guard_fids_?__scrt_initialize_thread_safe_statics@@YAHXZ 000000018004117c     LIBCMT:thread_safe_statics.obj
 0005:00000180       __guard_fids_?dllmain_crt_process_attach@@YAHQEAUHINSTANCE__@@QEAX@Z 0000000180041180     LIBCMT:dll_dllmain.obj
 0005:00000188       __guard_fids_?dllmain_dispatch@@YAHQEAUHINSTANCE__@@KQEAX@Z 0000000180041188     LIBCMT:dll_dllmain.obj
 0005:0000018c       __guard_fids__             000000018004118c     LIBCMT:std_type_info_static.obj
 0005:00000190       __guard_fids__             0000000180041190     LIBCMT:throw_bad_alloc.obj
 0005:00000198       __guard_fids__             0000000180041198     LIBCMT:guard_support.obj
 0005:0000019c       __guard_fids__             000000018004119c     libvcruntime:frame.obj
 0005:000001a0       __guard_fids__             00000001800411a0     libvcruntime:frame.obj
 0005:000001a8       __guard_fids__UnwindNestedFrames 00000001800411a8     libvcruntime:trnsctrl.obj
 0005:000001ac       __guard_fids___vcrt_initialize_ptd 00000001800411ac     libvcruntime:per_thread_data.obj
 0007:00000060       $R000000                   0000000180043060     * linker generated manifest res *

 Exports

  ordinal    name

        1    _register_addon_
