 addons

 Timestamp is 58f3f830 (Mon Apr 17 00:03:12 2017)

 Preferred load address is 0000000180000000

 Start         Length     Name                   Class
 0001:00000000 00000070H .text$di                CODE
 0001:00000070 00024ea0H .text$mn                CODE
 0001:00024f10 00000020H .text$mn$00             CODE
 0001:00024f30 000003e0H .text$x                 CODE
 0001:00025310 000000fcH .text$yd                CODE
 0002:00000000 000002a0H .idata$5                DATA
 0002:000002a0 00000010H .00cfg                  DATA
 0002:000002b0 00000008H .CRT$XCA                DATA
 0002:000002b8 00000018H .CRT$XCC                DATA
 0002:000002d0 00000010H .CRT$XCL                DATA
 0002:000002e0 00000008H .CRT$XCU                DATA
 0002:000002e8 00000008H .CRT$XCZ                DATA
 0002:000002f0 00000008H .CRT$XIA                DATA
 0002:000002f8 00000030H .CRT$XIC                DATA
 0002:00000328 00000008H .CRT$XIZ                DATA
 0002:00000330 00000008H .CRT$XLA                DATA
 0002:00000338 00000008H .CRT$XLZ                DATA
 0002:00000340 00000008H .CRT$XPA                DATA
 0002:00000348 00000010H .CRT$XPX                DATA
 0002:00000358 00000008H .CRT$XPXA               DATA
 0002:00000360 00000008H .CRT$XPZ                DATA
 0002:00000368 00000008H .CRT$XTA                DATA
 0002:00000370 00000010H .CRT$XTZ                DATA
 0002:00000380 0000f628H .rdata                  DATA
 0002:0000f9a8 00000028H .rdata$T                DATA
 0002:0000f9d0 0000087cH .rdata$r                DATA
 0002:0001024c 0000048cH .rdata$zzzdbg           DATA
 0002:000106d8 00000008H .rtc$IAA                DATA
 0002:000106e0 00000008H .rtc$IZZ                DATA
 0002:000106e8 00000008H .rtc$TAA                DATA
 0002:000106f0 00000010H .rtc$TZZ                DATA
 0002:00010700 000024a0H .xdata                  DATA
 0002:00012ba0 000002d4H .xdata$x                DATA
 0002:00012e74 00000020H .didat$2                DATA
 0002:00012e94 00000024H .didat$3                DATA
 0002:00012eb8 000000a0H .didat$4                DATA
 0002:00012f58 00000470H .didat$6                DATA
 0002:000133c8 000000a8H .didat$7                DATA
 0002:00013470 00000050H .edata                  DATA
 0002:000134c0 00000014H .idata$2                DATA
 0002:000134d4 00000014H .idata$3                DATA
 0002:000134e8 000002a0H .idata$4                DATA
 0002:00013788 00000610H .idata$6                DATA
 0003:00000000 00000a60H .data                   DATA
 0003:00000a60 000002b8H .data$r                 DATA
 0003:00000d18 000000a8H .didat$5                DATA
 0003:00000dc0 0000184cH .bss                    DATA
 0004:00000000 00002784H .pdata                  DATA
 0005:00000000 000000b4H .gfids$x                DATA
 0005:000000b4 000000fcH .gfids$y                DATA
 0006:00000000 00000004H .tls                    DATA
 0006:00000004 00000004H .tls$                   DATA
 0006:00000008 00000001H .tls$ZZZ                DATA
 0007:00000000 00000060H .rsrc$01                DATA
 0007:00000060 00000180H .rsrc$02                DATA

  Address         Publics by Value              Rva+Base               Lib:Object

 0000:00000000       __guard_iat_count          0000000000000000     <absolute>
 0000:00000000       __dynamic_value_reloc_table 0000000000000000     <absolute>
 0000:00000000       __guard_iat_table          0000000000000000     <absolute>
 0000:00000000       __guard_longjmp_table      0000000000000000     <absolute>
 0000:00000000       __guard_longjmp_count      0000000000000000     <absolute>
 0000:00000000       __guard_fids_count         0000000000000000     <absolute>
 0000:00000000       ___safe_se_handler_table   0000000000000000     <absolute>
 0000:00000000       ___safe_se_handler_count   0000000000000000     <absolute>
 0000:00000000       __guard_fids_table         0000000000000000     <absolute>
 0000:00000100       __guard_flags              0000000000000100     <absolute>
 0000:00000000       __ImageBase                0000000180000000     <linker-defined>
 0001:00000070       ?what@exception@stdext@@UEBAPEBDXZ 0000000180001070 f i NodeDOMModule.obj
 0001:00000090       ?_Unlock@?$basic_streambuf@DU?$char_traits@D@std@@@std@@UEAAXXZ 0000000180001090 f i NodeDOMModule.obj
 0001:00000090       ?_Doraise@exception@stdext@@MEBAXXZ 0000000180001090 f i NodeDOMModule.obj
 0001:00000090       ?_Lock@?$basic_streambuf@DU?$char_traits@D@std@@@std@@UEAAXXZ 0000000180001090 f i NodeDOMModule.obj
 0001:00000090       _guard_check_icall_nop     0000000180001090 f i LIBCMT:guard_support.obj
 0001:00000090       ?imbue@?$basic_streambuf@DU?$char_traits@D@std@@@std@@MEAAXAEBVlocale@2@@Z 0000000180001090 f i NodeDOMModule.obj
 0001:00000090       __except_validate_context_record 0000000180001090 f i libvcruntime:jbcxrval.obj
 0001:000000a0       ??_Gruntime_error@std@@UEAAPEAXI@Z 00000001800010a0 f i NodeDOMModule.obj
 0001:000000a0       ??_Gexception@stdext@@UEAAPEAXI@Z 00000001800010a0 f i NodeDOMModule.obj
 0001:000000a0       ??_Eruntime_error@std@@UEAAPEAXI@Z 00000001800010a0 f i * CIL library *:* CIL module *
 0001:000000a0       ??_Eexception@stdext@@UEAAPEAXI@Z 00000001800010a0 f i * CIL library *:* CIL module *
 0001:000000d0       ?_Doraise@failure@ios_base@std@@MEBAXXZ 00000001800010d0 f i NodeDOMModule.obj
 0001:000000d0       ?_Doraise@runtime_error@std@@MEBAXXZ 00000001800010d0 f i NodeDOMModule.obj
 0001:000000f0       ?NODE_SET_METHOD@node@@YAXV?$Local@VObject@v8@@@v8@@PEBDP6AXAEBV?$FunctionCallbackInfo@VValue@v8@@@3@@Z@Z 00000001800010f0 f i NodeDOMModule.obj
 0001:000001c0       ??0_Locinfo@std@@QEAA@PEBD@Z 00000001800011c0 f i NodeDOMModule.obj
 0001:00000280       ??1_Locinfo@std@@QEAA@XZ   0000000180001280 f i NodeDOMModule.obj
 0001:00000320       ??_G_Facet_base@std@@UEAAPEAXI@Z 0000000180001320 f i NodeDOMModule.obj
 0001:00000320       ??_E_Facet_base@std@@UEAAPEAXI@Z 0000000180001320 f i * CIL library *:* CIL module *
 0001:00000350       ?_Incref@facet@locale@std@@UEAAXXZ 0000000180001350 f i NodeDOMModule.obj
 0001:00000360       ?_Decref@facet@locale@std@@UEAAPEAV_Facet_base@3@XZ 0000000180001360 f i NodeDOMModule.obj
 0001:00000370       ?name@locale@std@@QEBA?AV?$basic_string@DU?$char_traits@D@std@@V?$allocator@D@2@@2@XZ 0000000180001370 f i NodeDOMModule.obj
 0001:00000530       ?tolower@?$ctype@D@std@@QEBAPEBDPEADPEBD@Z 0000000180001530 f i NodeDOMModule.obj
 0001:000005c0       ?_Getcat@?$ctype@D@std@@SA_KPEAPEBVfacet@locale@2@PEBV42@@Z 00000001800015c0 f i NodeDOMModule.obj
 0001:00000680       ?do_tolower@?$ctype@D@std@@MEBADD@Z 0000000180001680 f i NodeDOMModule.obj
 0001:00000690       ?do_tolower@?$ctype@D@std@@MEBAPEBDPEADPEBD@Z 0000000180001690 f i NodeDOMModule.obj
 0001:000006f0       ?do_toupper@?$ctype@D@std@@MEBADD@Z 00000001800016f0 f i NodeDOMModule.obj
 0001:00000700       ?do_toupper@?$ctype@D@std@@MEBAPEBDPEADPEBD@Z 0000000180001700 f i NodeDOMModule.obj
 0001:00000760       ?do_narrow@?$ctype@D@std@@MEBADDD@Z 0000000180001760 f i NodeDOMModule.obj
 0001:00000760       ?do_widen@?$ctype@D@std@@MEBADD@Z 0000000180001760 f i NodeDOMModule.obj
 0001:00000770       ?do_widen@?$ctype@D@std@@MEBAPEBDPEBD0PEAD@Z 0000000180001770 f i NodeDOMModule.obj
 0001:00000790       ?do_narrow@?$ctype@D@std@@MEBAPEBDPEBD0DPEAD@Z 0000000180001790 f i NodeDOMModule.obj
 0001:000007b0       ??_E?$ctype@D@std@@MEAAPEAXI@Z 00000001800017b0 f i * CIL library *:* CIL module *
 0001:000007b0       ??_G?$ctype@D@std@@MEAAPEAXI@Z 00000001800017b0 f i NodeDOMModule.obj
 0001:00000820       ??_Eerror_category@std@@UEAAPEAXI@Z 0000000180001820 f i * CIL library *:* CIL module *
 0001:00000820       ??_G_Iostream_error_category@std@@UEAAPEAXI@Z 0000000180001820 f i NodeDOMModule.obj
 0001:00000820       ??_Gerror_category@std@@UEAAPEAXI@Z 0000000180001820 f i NodeDOMModule.obj
 0001:00000820       ??_E_Iostream_error_category@std@@UEAAPEAXI@Z 0000000180001820 f i * CIL library *:* CIL module *
 0001:00000850       ?default_error_condition@error_category@std@@UEBA?AVerror_condition@2@H@Z 0000000180001850 f i NodeDOMModule.obj
 0001:00000860       ?equivalent@error_category@std@@UEBA_NHAEBVerror_condition@2@@Z 0000000180001860 f i NodeDOMModule.obj
 0001:00000880       ?equivalent@error_category@std@@UEBA_NAEBVerror_code@2@H@Z 0000000180001880 f i NodeDOMModule.obj
 0001:000008a0       ?_Makestr@_System_error@std@@CA?AV?$basic_string@DU?$char_traits@D@std@@V?$allocator@D@2@@2@Verror_code@2@V32@@Z 00000001800018a0 f i NodeDOMModule.obj
 0001:000009a0       ??_Gfailure@ios_base@std@@UEAAPEAXI@Z 00000001800019a0 f i NodeDOMModule.obj
 0001:000009a0       ??_G_System_error@std@@UEAAPEAXI@Z 00000001800019a0 f i NodeDOMModule.obj
 0001:000009a0       ??_Efailure@ios_base@std@@UEAAPEAXI@Z 00000001800019a0 f i * CIL library *:* CIL module *
 0001:000009a0       ??_E_System_error@std@@UEAAPEAXI@Z 00000001800019a0 f i * CIL library *:* CIL module *
 0001:000009d0       ?name@_Iostream_error_category@std@@UEBAPEBDXZ 00000001800019d0 f i NodeDOMModule.obj
 0001:000009e0       ?message@_Iostream_error_category@std@@UEBA?AV?$basic_string@DU?$char_traits@D@std@@V?$allocator@D@2@@2@H@Z 00000001800019e0 f i NodeDOMModule.obj
 0001:00000a60       ?clear@ios_base@std@@QEAAXH_N@Z 0000000180001a60 f i NodeDOMModule.obj
 0001:00000fa0       ??_Gios_base@std@@UEAAPEAXI@Z 0000000180001fa0 f i NodeDOMModule.obj
 0001:00000fa0       ??_Eios_base@std@@UEAAPEAXI@Z 0000000180001fa0 f i * CIL library *:* CIL module *
 0001:00000fe0       ??_G_Node_base@std@@UEAAPEAXI@Z 0000000180001fe0 f i NodeDOMModule.obj
 0001:00000fe0       ??_E_Node_endif@std@@UEAAPEAXI@Z 0000000180001fe0 f i * CIL library *:* CIL module *
 0001:00000fe0       ??_E_Node_base@std@@UEAAPEAXI@Z 0000000180001fe0 f i * CIL library *:* CIL module *
 0001:00000fe0       ??_G_Node_endif@std@@UEAAPEAXI@Z 0000000180001fe0 f i NodeDOMModule.obj
 0001:00001010       ?_Destroy_node@std@@YAXPEAV_Node_base@1@0@Z 0000000180002010 f i NodeDOMModule.obj
 0001:00001070       ??_E_Root_node@std@@UEAAPEAXI@Z 0000000180002070 f i * CIL library *:* CIL module *
 0001:00001070       ??_G_Root_node@std@@UEAAPEAXI@Z 0000000180002070 f i NodeDOMModule.obj
 0001:000010a0       ??_E_Node_end_group@std@@UEAAPEAXI@Z 00000001800020a0 f i * CIL library *:* CIL module *
 0001:000010a0       ??_G_Node_end_group@std@@UEAAPEAXI@Z 00000001800020a0 f i NodeDOMModule.obj
 0001:000010a0       ??_G_Node_capture@std@@UEAAPEAXI@Z 00000001800020a0 f i NodeDOMModule.obj
 0001:000010a0       ??_E_Node_end_rep@std@@UEAAPEAXI@Z 00000001800020a0 f i * CIL library *:* CIL module *
 0001:000010a0       ??_E_Node_capture@std@@UEAAPEAXI@Z 00000001800020a0 f i * CIL library *:* CIL module *
 0001:000010a0       ??_G_Node_back@std@@UEAAPEAXI@Z 00000001800020a0 f i NodeDOMModule.obj
 0001:000010a0       ??_E_Node_back@std@@UEAAPEAXI@Z 00000001800020a0 f i * CIL library *:* CIL module *
 0001:000010a0       ??_G_Node_end_rep@std@@UEAAPEAXI@Z 00000001800020a0 f i NodeDOMModule.obj
 0001:000010d0       ??1_Node_assert@std@@UEAA@XZ 00000001800020d0 f i NodeDOMModule.obj
 0001:00001150       ??_E_Node_assert@std@@UEAAPEAXI@Z 0000000180002150 f i * CIL library *:* CIL module *
 0001:00001150       ??_G_Node_assert@std@@UEAAPEAXI@Z 0000000180002150 f i NodeDOMModule.obj
 0001:00001190       ??1_Node_if@std@@UEAA@XZ   0000000180002190 f i NodeDOMModule.obj
 0001:00001240       ??_G_Node_if@std@@UEAAPEAXI@Z 0000000180002240 f i NodeDOMModule.obj
 0001:00001240       ??_E_Node_if@std@@UEAAPEAXI@Z 0000000180002240 f i * CIL library *:* CIL module *
 0001:00001280       ??_E_Node_rep@std@@UEAAPEAXI@Z 0000000180002280 f i * CIL library *:* CIL module *
 0001:00001280       ??_G_Node_rep@std@@UEAAPEAXI@Z 0000000180002280 f i NodeDOMModule.obj
 0001:000012b0       ?_Calculate_loop_simplicity@std@@YAXPEAV_Node_base@1@0PEAV_Node_rep@1@@Z 00000001800022b0 f i NodeDOMModule.obj
 0001:00001390       ?parse@TagBuildr@NodeDOM@@AEAAXV?$basic_string@DU?$char_traits@D@std@@V?$allocator@D@2@@std@@@Z 0000000180002390 f   NodeDOMModule.obj
 0001:00001d00       ?buildAttrs@TagBuildr@NodeDOM@@AEAAXXZ 0000000180002d00 f   NodeDOMModule.obj
 0001:000024d0       ?render@TagBuildr@NodeDOM@@QEAA?AV?$basic_string@DU?$char_traits@D@std@@V?$allocator@D@2@@std@@V34@V?$vector@V?$basic_string@DU?$char_traits@D@std@@V?$allocator@D@2@@std@@V?$allocator@V?$basic_string@DU?$char_traits@D@std@@V?$allocator@D@2@@std@@@2@@4@@Z 00000001800034d0 f   NodeDOMModule.obj
 0001:000026e0       ?trim@TagBuildr@NodeDOM@@AEAA?AV?$basic_string@DU?$char_traits@D@std@@V?$allocator@D@2@@std@@V34@@Z 00000001800036e0 f   NodeDOMModule.obj
 0001:00002870       ?handleChildren@NodeDOM@@YA?AV?$vector@V?$basic_string@DU?$char_traits@D@std@@V?$allocator@D@2@@std@@V?$allocator@V?$basic_string@DU?$char_traits@D@std@@V?$allocator@D@2@@std@@@2@@std@@AEBV?$FunctionCallbackInfo@VValue@v8@@@v8@@@Z 0000000180003870 f   NodeDOMModule.obj
 0001:00002cc0       ?Method@NodeDOM@@YAXAEBV?$FunctionCallbackInfo@VValue@v8@@@v8@@@Z 0000000180003cc0 f   NodeDOMModule.obj
 0001:00003220       ??0TagBuildr@NodeDOM@@QEAA@XZ 0000000180004220 f i NodeDOMModule.obj
 0001:00003370       ??1TagBuildr@NodeDOM@@QEAA@XZ 0000000180004370 f i NodeDOMModule.obj
 0001:00003490       ?init@NodeDOM@@YAXV?$Local@VObject@v8@@@v8@@@Z 0000000180004490 f   NodeDOMModule.obj
 0001:000034b0       ?str@?$match_results@V?$_String_const_iterator@V?$_String_val@U?$_Simple_types@D@std@@@std@@@std@@V?$allocator@V?$sub_match@V?$_String_const_iterator@V?$_String_val@U?$_Simple_types@D@std@@@std@@@std@@@std@@@2@@std@@QEBA?AV?$basic_string@DU?$char_traits@D@std@@V?$allocator@D@2@@2@_K@Z 00000001800044b0 f i NodeDOMModule.obj
 0001:000035d0       ??A?$basic_string@DU?$char_traits@D@std@@V?$allocator@D@2@@std@@QEAAAEAD_K@Z 00000001800045d0 f i NodeDOMModule.obj
 0001:000035f0       ?erase@?$basic_string@DU?$char_traits@D@std@@V?$allocator@D@2@@std@@QEAAAEAV12@_K0@Z 00000001800045f0 f i NodeDOMModule.obj
 0001:000036c0       ??1?$basic_string@DU?$char_traits@D@std@@V?$allocator@D@2@@std@@QEAA@XZ 00000001800046c0 f i NodeDOMModule.obj
 0001:00003750       ??4?$basic_string@DU?$char_traits@D@std@@V?$allocator@D@2@@std@@QEAAAEAV01@$$QEAV01@@Z 0000000180004750 f i NodeDOMModule.obj
 0001:00003800       ??1?$basic_stringstream@DU?$char_traits@D@std@@V?$allocator@D@2@@std@@UEAA@XZ 0000000180004800 f i NodeDOMModule.obj
 0001:00003930       ??0?$basic_stringstream@DU?$char_traits@D@std@@V?$allocator@D@2@@std@@QEAA@H@Z 0000000180004930 f i NodeDOMModule.obj
 0001:000039d0       ?seekpos@?$basic_stringbuf@DU?$char_traits@D@std@@V?$allocator@D@2@@std@@MEAA?AV?$fpos@U_Mbstatet@@@2@V32@H@Z 00000001800049d0 f i NodeDOMModule.obj
 0001:00003ae0       ?seekoff@?$basic_stringbuf@DU?$char_traits@D@std@@V?$allocator@D@2@@std@@MEAA?AV?$fpos@U_Mbstatet@@@2@_JHH@Z 0000000180004ae0 f i NodeDOMModule.obj
 0001:00003c70       ?underflow@?$basic_stringbuf@DU?$char_traits@D@std@@V?$allocator@D@2@@std@@MEAAHXZ 0000000180004c70 f i NodeDOMModule.obj
 0001:00003cd0       ?pbackfail@?$basic_stringbuf@DU?$char_traits@D@std@@V?$allocator@D@2@@std@@MEAAHH@Z 0000000180004cd0 f i NodeDOMModule.obj
 0001:00003d20       ?overflow@?$basic_stringbuf@DU?$char_traits@D@std@@V?$allocator@D@2@@std@@MEAAHH@Z 0000000180004d20 f i NodeDOMModule.obj
 0001:00003f90       ?sync@?$basic_streambuf@DU?$char_traits@D@std@@@std@@MEAAHXZ 0000000180004f90 f i NodeDOMModule.obj
 0001:00003f90       ?showmanyc@?$basic_streambuf@DU?$char_traits@D@std@@@std@@MEAA_JXZ 0000000180004f90 f i NodeDOMModule.obj
 0001:00003fa0       ?setbuf@?$basic_streambuf@DU?$char_traits@D@std@@@std@@MEAAPEAV12@PEAD_J@Z 0000000180004fa0 f i NodeDOMModule.obj
 0001:00003fb0       ?seekoff@?$basic_streambuf@DU?$char_traits@D@std@@@std@@MEAA?AV?$fpos@U_Mbstatet@@@2@_JHH@Z 0000000180004fb0 f i NodeDOMModule.obj
 0001:00003fb0       ?seekpos@?$basic_streambuf@DU?$char_traits@D@std@@@std@@MEAA?AV?$fpos@U_Mbstatet@@@2@V32@H@Z 0000000180004fb0 f i NodeDOMModule.obj
 0001:00003fd0       ?xsputn@?$basic_streambuf@DU?$char_traits@D@std@@@std@@MEAA_JPEBD_J@Z 0000000180004fd0 f i NodeDOMModule.obj
 0001:00004090       ?xsgetn@?$basic_streambuf@DU?$char_traits@D@std@@@std@@MEAA_JPEAD_J@Z 0000000180005090 f i NodeDOMModule.obj
 0001:00004190       ?uflow@?$basic_streambuf@DU?$char_traits@D@std@@@std@@MEAAHXZ 0000000180005190 f i NodeDOMModule.obj
 0001:000041d0       ?pbackfail@?$basic_streambuf@DU?$char_traits@D@std@@@std@@MEAAHH@Z 00000001800051d0 f i NodeDOMModule.obj
 0001:000041d0       ?underflow@?$basic_streambuf@DU?$char_traits@D@std@@@std@@MEAAHXZ 00000001800051d0 f i NodeDOMModule.obj
 0001:000041d0       ?overflow@?$basic_streambuf@DU?$char_traits@D@std@@@std@@MEAAHH@Z 00000001800051d0 f i NodeDOMModule.obj
 0001:000041e0       ??_G?$basic_stringstream@DU?$char_traits@D@std@@V?$allocator@D@2@@std@@UEAAPEAXI@Z 00000001800051e0 f i NodeDOMModule.obj
 0001:000041e0       ??_E?$basic_stringstream@DU?$char_traits@D@std@@V?$allocator@D@2@@std@@UEAAPEAXI@Z 00000001800051e0 f i * CIL library *:* CIL module *
 0001:00004230       ??_G?$basic_stringbuf@DU?$char_traits@D@std@@V?$allocator@D@2@@std@@UEAAPEAXI@Z 0000000180005230 f i NodeDOMModule.obj
 0001:00004230       ??_E?$basic_stringbuf@DU?$char_traits@D@std@@V?$allocator@D@2@@std@@UEAAPEAXI@Z 0000000180005230 f i * CIL library *:* CIL module *
 0001:000042c0       ??_E?$basic_iostream@DU?$char_traits@D@std@@@std@@UEAAPEAXI@Z 00000001800052c0 f i * CIL library *:* CIL module *
 0001:000042c0       ??_G?$basic_iostream@DU?$char_traits@D@std@@@std@@UEAAPEAXI@Z 00000001800052c0 f i NodeDOMModule.obj
 0001:00004300       ??_E?$basic_ostream@DU?$char_traits@D@std@@@std@@UEAAPEAXI@Z 0000000180005300 f i * CIL library *:* CIL module *
 0001:00004300       ??_G?$basic_ostream@DU?$char_traits@D@std@@@std@@UEAAPEAXI@Z 0000000180005300 f i NodeDOMModule.obj
 0001:00004370       ??_E?$basic_istream@DU?$char_traits@D@std@@@std@@UEAAPEAXI@Z 0000000180005370 f i * CIL library *:* CIL module *
 0001:00004370       ??_G?$basic_istream@DU?$char_traits@D@std@@@std@@UEAAPEAXI@Z 0000000180005370 f i NodeDOMModule.obj
 0001:000043e0       ??_G?$basic_streambuf@DU?$char_traits@D@std@@@std@@UEAAPEAXI@Z 00000001800053e0 f i NodeDOMModule.obj
 0001:000043e0       ??_E?$basic_streambuf@DU?$char_traits@D@std@@@std@@UEAAPEAXI@Z 00000001800053e0 f i * CIL library *:* CIL module *
 0001:00004460       ??_Glocale@std@@QEAAPEAXI@Z 0000000180005460 f i NodeDOMModule.obj
 0001:000044c0       ??_E?$basic_ios@DU?$char_traits@D@std@@@std@@UEAAPEAXI@Z 00000001800054c0 f i * CIL library *:* CIL module *
 0001:000044c0       ??_G?$basic_ios@DU?$char_traits@D@std@@@std@@UEAAPEAXI@Z 00000001800054c0 f i NodeDOMModule.obj
 0001:00004500       ??_D?$basic_iostream@DU?$char_traits@D@std@@@std@@QEAAXXZ 0000000180005500 f i NodeDOMModule.obj
 0001:00004590       ??0?$vector@V?$sub_match@V?$_String_const_iterator@V?$_String_val@U?$_Simple_types@D@std@@@std@@@std@@@std@@V?$allocator@V?$sub_match@V?$_String_const_iterator@V?$_String_val@U?$_Simple_types@D@std@@@std@@@std@@@std@@@2@@std@@QEAA@AEBV01@@Z 0000000180005590 f i NodeDOMModule.obj
 0001:00004670       ?_Tidy@?$vector@V?$basic_string@DU?$char_traits@D@std@@V?$allocator@D@2@@std@@V?$allocator@V?$basic_string@DU?$char_traits@D@std@@V?$allocator@D@2@@std@@@2@@std@@IEAAXXZ 0000000180005670 f i NodeDOMModule.obj
 0001:00004710       ?_Reserve@?$vector@V?$basic_string@DU?$char_traits@D@std@@V?$allocator@D@2@@std@@V?$allocator@V?$basic_string@DU?$char_traits@D@std@@V?$allocator@D@2@@std@@@2@@std@@IEAAX_K@Z 0000000180005710 f i NodeDOMModule.obj
 0001:000047a0       ?_Tidy@?$basic_string@DU?$char_traits@D@std@@V?$allocator@D@2@@std@@QEAAX_N_K@Z 00000001800057a0 f i NodeDOMModule.obj
 0001:00004850       ?find@?$basic_string@DU?$char_traits@D@std@@V?$allocator@D@2@@std@@QEBA_KPEBD_K1@Z 0000000180005850 f i NodeDOMModule.obj
 0001:00004920       ?assign@?$basic_string@DU?$char_traits@D@std@@V?$allocator@D@2@@std@@QEAAAEAV12@PEBD_K@Z 0000000180005920 f i NodeDOMModule.obj
 0001:00004a50       ?assign@?$basic_string@DU?$char_traits@D@std@@V?$allocator@D@2@@std@@QEAAAEAV12@AEBV12@_K1@Z 0000000180005a50 f i NodeDOMModule.obj
 0001:00004b80       ?append@?$basic_string@DU?$char_traits@D@std@@V?$allocator@D@2@@std@@QEAAAEAV12@PEBD_K@Z 0000000180005b80 f i NodeDOMModule.obj
 0001:00004cd0       ?append@?$basic_string@DU?$char_traits@D@std@@V?$allocator@D@2@@std@@QEAAAEAV12@AEBV12@_K1@Z 0000000180005cd0 f i NodeDOMModule.obj
 0001:00004e00       ?_Assign_rv@?$basic_string@DU?$char_traits@D@std@@V?$allocator@D@2@@std@@QEAAX$$QEAV12@@Z 0000000180005e00 f i NodeDOMModule.obj
 0001:00004e80       ?_Tidy@?$basic_stringbuf@DU?$char_traits@D@std@@V?$allocator@D@2@@std@@IEAAXXZ 0000000180005e80 f i NodeDOMModule.obj
 0001:00004f40       ?str@?$basic_stringbuf@DU?$char_traits@D@std@@V?$allocator@D@2@@std@@QEBA?AV?$basic_string@DU?$char_traits@D@std@@V?$allocator@D@2@@2@XZ 0000000180005f40 f i NodeDOMModule.obj
 0001:000050d0       ?allocate@?$allocator@D@std@@QEAAPEAD_K@Z 00000001800060d0 f i NodeDOMModule.obj
 0001:00005130       ?deallocate@?$allocator@D@std@@QEAAXPEAD_K@Z 0000000180006130 f i NodeDOMModule.obj
 0001:00005190       ??0?$basic_iostream@DU?$char_traits@D@std@@@std@@QEAA@PEAV?$basic_streambuf@DU?$char_traits@D@std@@@1@@Z 0000000180006190 f i NodeDOMModule.obj
 0001:00005220       ?_Pnavail@?$basic_streambuf@DU?$char_traits@D@std@@@std@@IEBA_JXZ 0000000180006220 f i NodeDOMModule.obj
 0001:00005240       ?_Gnavail@?$basic_streambuf@DU?$char_traits@D@std@@@std@@IEBA_JXZ 0000000180006240 f i NodeDOMModule.obj
 0001:00005260       ?allocate@?$_Wrap_alloc@V?$allocator@V?$basic_string@DU?$char_traits@D@std@@V?$allocator@D@2@@std@@@std@@@std@@QEAAPEAV?$basic_string@DU?$char_traits@D@std@@V?$allocator@D@2@@2@_K@Z 0000000180006260 f i NodeDOMModule.obj
 0001:000052d0       ?deallocate@?$_Wrap_alloc@V?$allocator@V?$sub_match@V?$_String_const_iterator@V?$_String_val@U?$_Simple_types@D@std@@@std@@@std@@@std@@@std@@@std@@QEAAXPEAV?$sub_match@V?$_String_const_iterator@V?$_String_val@U?$_Simple_types@D@std@@@std@@@std@@@2@_K@Z 00000001800062d0 f i NodeDOMModule.obj
 0001:00005340       ?_Reallocate@?$vector@V?$basic_string@DU?$char_traits@D@std@@V?$allocator@D@2@@std@@V?$allocator@V?$basic_string@DU?$char_traits@D@std@@V?$allocator@D@2@@std@@@2@@std@@IEAAX_K@Z 0000000180006340 f i NodeDOMModule.obj
 0001:000054c0       ?append@?$basic_string@DU?$char_traits@D@std@@V?$allocator@D@2@@std@@QEAAAEAV12@_KD@Z 00000001800064c0 f i NodeDOMModule.obj
 0001:000055d0       ??0?$basic_streambuf@DU?$char_traits@D@std@@@std@@IEAA@XZ 00000001800065d0 f i NodeDOMModule.obj
 0001:00005670       ?allocate@?$_Wrap_alloc@V?$allocator@V?$sub_match@V?$_String_const_iterator@V?$_String_val@U?$_Simple_types@D@std@@@std@@@std@@@std@@@std@@@std@@QEAAPEAV?$sub_match@V?$_String_const_iterator@V?$_String_val@U?$_Simple_types@D@std@@@std@@@std@@@2@_K@Z 0000000180006670 f i NodeDOMModule.obj
 0001:000056e0       ?do_hash@?$collate@D@std@@MEBAJPEBD0@Z 00000001800066e0 f i NodeDOMModule.obj
 0001:00005720       ?do_transform@?$collate@D@std@@MEBA?AV?$basic_string@DU?$char_traits@D@std@@V?$allocator@D@2@@2@PEBD0@Z 0000000180006720 f i NodeDOMModule.obj
 0001:00005840       ?do_compare@?$collate@D@std@@MEBAHPEBD000@Z 0000000180006840 f i NodeDOMModule.obj
 0001:00005890       ?_Copy@?$basic_string@DU?$char_traits@D@std@@V?$allocator@D@2@@std@@QEAAX_K0@Z 0000000180006890 f i NodeDOMModule.obj
 0001:00005a10       ?init@?$basic_ios@DU?$char_traits@D@std@@@std@@IEAAXPEAV?$basic_streambuf@DU?$char_traits@D@std@@@2@_N@Z 0000000180006a10 f i NodeDOMModule.obj
 0001:00005ab0       ??_G?$collate@D@std@@MEAAPEAXI@Z 0000000180006ab0 f i NodeDOMModule.obj
 0001:00005ab0       ??_E?$collate@D@std@@MEAAPEAXI@Z 0000000180006ab0 f i * CIL library *:* CIL module *
 0001:00005b00       ?widen@?$basic_ios@DU?$char_traits@D@std@@@std@@QEBADD@Z 0000000180006b00 f i NodeDOMModule.obj
 0001:00005b80       ??$use_facet@V?$ctype@D@std@@@std@@YAAEBV?$ctype@D@0@AEBVlocale@0@@Z 0000000180006b80 f i NodeDOMModule.obj
 0001:00005cb0       ??$_Immortalize@V_Iostream_error_category@std@@@std@@YAAEAV_Iostream_error_category@0@XZ 0000000180006cb0 f i NodeDOMModule.obj
 0001:00005d30       ??$?6U?$char_traits@D@std@@@std@@YAAEAV?$basic_ostream@DU?$char_traits@D@std@@@0@AEAV10@PEBD@Z 0000000180006d30 f i NodeDOMModule.obj
 0001:00005fb0       ??$?6DU?$char_traits@D@std@@V?$allocator@D@1@@std@@YAAEAV?$basic_ostream@DU?$char_traits@D@std@@@0@AEAV10@AEBV?$basic_string@DU?$char_traits@D@std@@V?$allocator@D@2@@0@@Z 0000000180006fb0 f i NodeDOMModule.obj
 0001:00006230       ??$_Regex_search1@V?$_String_const_iterator@V?$_String_val@U?$_Simple_types@D@std@@@std@@@std@@V?$allocator@V?$sub_match@V?$_String_const_iterator@V?$_String_val@U?$_Simple_types@D@std@@@std@@@std@@@std@@@2@DV?$regex_traits@D@2@V12@@std@@YA_NV?$_String_const_iterator@V?$_String_val@U?$_Simple_types@D@std@@@std@@@0@0PEAV?$match_results@V?$_String_const_iterator@V?$_String_val@U?$_Simple_types@D@std@@@std@@@std@@V?$allocator@V?$sub_match@V?$_String_const_iterator@V?$_String_val@U?$_Simple_types@D@std@@@std@@@std@@@std@@@2@@0@AEBV?$basic_regex@DV?$regex_traits@D@std@@@0@W4match_flag_type@regex_constants@0@0@Z 0000000180007230 f i NodeDOMModule.obj
 0001:00006420       ??$use_facet@V?$collate@D@std@@@std@@YAAEBV?$collate@D@0@AEBVlocale@0@@Z 0000000180007420 f i NodeDOMModule.obj
 0001:00006550       ??0?$_Matcher@V?$_String_const_iterator@V?$_String_val@U?$_Simple_types@D@std@@@std@@@std@@DV?$regex_traits@D@2@V12@@std@@QEAA@V?$_String_const_iterator@V?$_String_val@U?$_Simple_types@D@std@@@std@@@1@0AEBV?$regex_traits@D@1@PEAV_Root_node@1@IW4syntax_option_type@regex_constants@1@W4match_flag_type@61@@Z 0000000180007550 f i NodeDOMModule.obj
 0001:00006630       ??0sentry@?$basic_ostream@DU?$char_traits@D@std@@@std@@QEAA@AEAV12@@Z 0000000180007630 f i NodeDOMModule.obj
 0001:000066b0       ?_Getcat@?$collate@D@std@@SA_KPEAPEBVfacet@locale@2@PEBV42@@Z 00000001800076b0 f i NodeDOMModule.obj
 0001:000067f0       ?reserve@?$basic_string@DU?$char_traits@D@std@@V?$allocator@D@2@@std@@QEAAX_K@Z 00000001800077f0 f i NodeDOMModule.obj
 0001:000068a0       ?_Tidy@?$vector@U_Loop_vals_t@std@@V?$allocator@U_Loop_vals_t@std@@@2@@std@@IEAAXXZ 00000001800078a0 f i NodeDOMModule.obj
 0001:000068a0       ?_Tidy@?$vector@U_Grp_t@?$_Tgt_state_t@V?$_String_const_iterator@V?$_String_val@U?$_Simple_types@D@std@@@std@@@std@@@std@@V?$allocator@U_Grp_t@?$_Tgt_state_t@V?$_String_const_iterator@V?$_String_val@U?$_Simple_types@D@std@@@std@@@std@@@std@@@3@@std@@IEAAXXZ 00000001800078a0 f i NodeDOMModule.obj
 0001:00006930       ?resize@?$vector@U_Loop_vals_t@std@@V?$allocator@U_Loop_vals_t@std@@@2@@std@@QEAAX_K@Z 0000000180007930 f i NodeDOMModule.obj
 0001:00006a30       ?insert@?$basic_string@DU?$char_traits@D@std@@V?$allocator@D@2@@std@@QEAAAEAV12@_KPEBD0@Z 0000000180007a30 f i NodeDOMModule.obj
 0001:00006bb0       ?insert@?$basic_string@DU?$char_traits@D@std@@V?$allocator@D@2@@std@@QEAAAEAV12@_KAEBV12@00@Z 0000000180007bb0 f i NodeDOMModule.obj
 0001:00006d50       ?flush@?$basic_ostream@DU?$char_traits@D@std@@@std@@QEAAAEAV12@XZ 0000000180007d50 f i NodeDOMModule.obj
 0001:00006e70       ?deallocate@?$_Wrap_alloc@V?$allocator@U_Grp_t@?$_Tgt_state_t@V?$_String_const_iterator@V?$_String_val@U?$_Simple_types@D@std@@@std@@@std@@@std@@@std@@@std@@QEAAXPEAU_Grp_t@?$_Tgt_state_t@V?$_String_const_iterator@V?$_String_val@U?$_Simple_types@D@std@@@std@@@std@@@2@_K@Z 0000000180007e70 f i NodeDOMModule.obj
 0001:00006ee0       ?_Reallocate@?$vector@U_Loop_vals_t@std@@V?$allocator@U_Loop_vals_t@std@@@2@@std@@IEAAX_K@Z 0000000180007ee0 f i NodeDOMModule.obj
 0001:00007020       ?deallocate@?$_Wrap_alloc@V?$allocator@I@std@@@std@@QEAAXPEAI_K@Z 0000000180008020 f i NodeDOMModule.obj
 0001:00007090       ?_Buy@?$vector@IV?$allocator@_N@std@@@std@@IEAA_N_K@Z 0000000180008090 f i NodeDOMModule.obj
 0001:000070f0       ?allocate@?$_Wrap_alloc@V?$allocator@I@std@@@std@@QEAAPEAI_K@Z 00000001800080f0 f i NodeDOMModule.obj
 0001:00007160       ??$_Move_unchecked1@PEAV?$basic_string@DU?$char_traits@D@std@@V?$allocator@D@2@@std@@PEAV12@@std@@YAPEAV?$basic_string@DU?$char_traits@D@std@@V?$allocator@D@2@@0@PEAV10@00U_General_ptr_iterator_tag@0@@Z 0000000180008160 f i NodeDOMModule.obj
 0001:00007230       ?_Skip@?$_Matcher@V?$_String_const_iterator@V?$_String_val@U?$_Simple_types@D@std@@@std@@@std@@DV?$regex_traits@D@2@V12@@std@@QEAA?AV?$_String_const_iterator@V?$_String_val@U?$_Simple_types@D@std@@@std@@@2@V32@0PEAV_Node_base@2@@Z 0000000180008230 f i NodeDOMModule.obj
 0001:00007600       ??$_Match@V?$allocator@V?$sub_match@V?$_String_const_iterator@V?$_String_val@U?$_Simple_types@D@std@@@std@@@std@@@std@@@std@@@?$_Matcher@V?$_String_const_iterator@V?$_String_val@U?$_Simple_types@D@std@@@std@@@std@@DV?$regex_traits@D@2@V12@@std@@QEAA_NPEAV?$match_results@V?$_String_const_iterator@V?$_String_val@U?$_Simple_types@D@std@@@std@@@std@@V?$allocator@V?$sub_match@V?$_String_const_iterator@V?$_String_val@U?$_Simple_types@D@std@@@std@@@std@@@std@@@2@@1@_N@Z 0000000180008600 f i NodeDOMModule.obj
 0001:000077d0       ?_Compile@?$_Parser@PEBDDV?$regex_traits@D@std@@@std@@QEAAPEAV_Root_node@2@XZ 00000001800087d0 f i NodeDOMModule.obj
 0001:000078b0       ??$_Destroy_range1@V?$allocator@V?$basic_string@DU?$char_traits@D@std@@V?$allocator@D@2@@std@@@std@@PEAV?$basic_string@DU?$char_traits@D@std@@V?$allocator@D@2@@2@@std@@YAXPEAV?$basic_string@DU?$char_traits@D@std@@V?$allocator@D@2@@0@0AEAU?$_Wrap_alloc@V?$allocator@V?$basic_string@DU?$char_traits@D@std@@V?$allocator@D@2@@std@@@std@@@0@U?$integral_constant@_N$0A@@0@@Z 00000001800088b0 f i NodeDOMModule.obj
 0001:00007970       ??1?$_Node_class@DV?$regex_traits@D@std@@@std@@UEAA@XZ 0000000180008970 f i NodeDOMModule.obj
 0001:00007a60       ?resize@?$vector@U_Grp_t@?$_Tgt_state_t@V?$_String_const_iterator@V?$_String_val@U?$_Simple_types@D@std@@@std@@@std@@@std@@V?$allocator@U_Grp_t@?$_Tgt_state_t@V?$_String_const_iterator@V?$_String_val@U?$_Simple_types@D@std@@@std@@@std@@@std@@@3@@std@@QEAAX_K@Z 0000000180008a60 f i NodeDOMModule.obj
 0001:00007b70       ?resize@?$vector@_NV?$allocator@_N@std@@@std@@QEAAX_K_N@Z 0000000180008b70 f i NodeDOMModule.obj
 0001:00007d20       ?translate@?$_Regex_traits@D@std@@QEBADD@Z 0000000180008d20 f i NodeDOMModule.obj
 0001:00007de0       ??_G?$_Node_class@DV?$regex_traits@D@std@@@std@@UEAAPEAXI@Z 0000000180008de0 f i NodeDOMModule.obj
 0001:00007de0       ??_E?$_Node_class@DV?$regex_traits@D@std@@@std@@UEAAPEAXI@Z 0000000180008de0 f i * CIL library *:* CIL module *
 0001:00007e20       ?resize@?$vector@V?$sub_match@V?$_String_const_iterator@V?$_String_val@U?$_Simple_types@D@std@@@std@@@std@@@std@@V?$allocator@V?$sub_match@V?$_String_const_iterator@V?$_String_val@U?$_Simple_types@D@std@@@std@@@std@@@std@@@2@@std@@QEAAX_K@Z 0000000180008e20 f i NodeDOMModule.obj
 0001:00007f20       ?_Trim@?$vector@_NV?$allocator@_N@std@@@std@@QEAAX_K@Z 0000000180008f20 f i NodeDOMModule.obj
 0001:00007fe0       ?_Insert_n@?$vector@_NV?$allocator@_N@std@@@std@@QEAA?AV?$_Vb_iterator@U?$_Wrap_alloc@V?$allocator@I@std@@@std@@@2@V?$_Vb_const_iterator@U?$_Wrap_alloc@V?$allocator@I@std@@@std@@@2@_KAEB_N@Z 0000000180008fe0 f i NodeDOMModule.obj
 0001:00008190       ?erase@?$vector@_NV?$allocator@_N@std@@@std@@QEAA?AV?$_Vb_iterator@U?$_Wrap_alloc@V?$allocator@I@std@@@std@@@2@V?$_Vb_const_iterator@U?$_Wrap_alloc@V?$allocator@I@std@@@std@@@2@0@Z 0000000180009190 f i NodeDOMModule.obj
 0001:000083f0       ?_Reallocate@?$vector@U_Grp_t@?$_Tgt_state_t@V?$_String_const_iterator@V?$_String_val@U?$_Simple_types@D@std@@@std@@@std@@@std@@V?$allocator@U_Grp_t@?$_Tgt_state_t@V?$_String_const_iterator@V?$_String_val@U?$_Simple_types@D@std@@@std@@@std@@@std@@@3@@std@@IEAAX_K@Z 00000001800093f0 f i NodeDOMModule.obj
 0001:00008540       ?_Reserve@?$vector@V?$sub_match@V?$_String_const_iterator@V?$_String_val@U?$_Simple_types@D@std@@@std@@@std@@@std@@V?$allocator@V?$sub_match@V?$_String_const_iterator@V?$_String_val@U?$_Simple_types@D@std@@@std@@@std@@@std@@@2@@std@@IEAAX_K@Z 0000000180009540 f i NodeDOMModule.obj
 0001:00008610       ?_Insert_x@?$vector@_NV?$allocator@_N@std@@@std@@QEAA_KV?$_Vb_const_iterator@U?$_Wrap_alloc@V?$allocator@I@std@@@std@@@2@_K@Z 0000000180009610 f i NodeDOMModule.obj
 0001:00008830       ?allocate@?$_Wrap_alloc@V?$allocator@U_Grp_t@?$_Tgt_state_t@V?$_String_const_iterator@V?$_String_val@U?$_Simple_types@D@std@@@std@@@std@@@std@@@std@@@std@@QEAAPEAU_Grp_t@?$_Tgt_state_t@V?$_String_const_iterator@V?$_String_val@U?$_Simple_types@D@std@@@std@@@std@@@2@_K@Z 0000000180009830 f i NodeDOMModule.obj
 0001:000088a0       ?_Reallocate@?$vector@V?$sub_match@V?$_String_const_iterator@V?$_String_val@U?$_Simple_types@D@std@@@std@@@std@@@std@@V?$allocator@V?$sub_match@V?$_String_const_iterator@V?$_String_val@U?$_Simple_types@D@std@@@std@@@std@@@std@@@2@@std@@IEAAX_K@Z 00000001800098a0 f i NodeDOMModule.obj
 0001:000089e0       ?resize@?$vector@IV?$allocator@_N@std@@@std@@QEAAX_KAEBI@Z 00000001800099e0 f i NodeDOMModule.obj
 0001:00008b80       ?_Reallocate@?$vector@IV?$allocator@_N@std@@@std@@IEAAX_K@Z 0000000180009b80 f i NodeDOMModule.obj
 0001:00008c60       ?_Match_pat@?$_Matcher@V?$_String_const_iterator@V?$_String_val@U?$_Simple_types@D@std@@@std@@@std@@DV?$regex_traits@D@2@V12@@std@@AEAA_NPEAV_Node_base@2@@Z 0000000180009c60 f i NodeDOMModule.obj
 0001:00009220       ?_Trans@?$_Parser@PEBDDV?$regex_traits@D@std@@@std@@AEAAXXZ 000000018000a220 f i NodeDOMModule.obj
 0001:00009470       ?_Disjunction@?$_Parser@PEBDDV?$regex_traits@D@std@@@std@@AEAAXXZ 000000018000a470 f i NodeDOMModule.obj
 0001:00009650       ?_End_group@?$_Builder@PEBDDV?$regex_traits@D@std@@@std@@QEAAXPEAV_Node_base@2@@Z 000000018000a650 f i NodeDOMModule.obj
 0001:00009700       ?_Begin_capture_group@?$_Builder@PEBDDV?$regex_traits@D@std@@@std@@QEAAPEAV_Node_base@2@I@Z 000000018000a700 f i NodeDOMModule.obj
 0001:00009780       ??$_Uninitialized_copy_al_unchecked@PEBV?$basic_string@DU?$char_traits@D@std@@V?$allocator@D@2@@std@@PEAV12@V?$allocator@V?$basic_string@DU?$char_traits@D@std@@V?$allocator@D@2@@std@@@2@@std@@YAPEAV?$basic_string@DU?$char_traits@D@std@@V?$allocator@D@2@@0@PEBV10@0PEAV10@AEAU?$_Wrap_alloc@V?$allocator@V?$basic_string@DU?$char_traits@D@std@@V?$allocator@D@2@@std@@@std@@@0@@Z 000000018000a780 f i NodeDOMModule.obj
 0001:00009810       ??$_Compare@V?$_String_const_iterator@V?$_String_val@U?$_Simple_types@D@std@@@std@@@std@@PEBDV?$regex_traits@D@2@@std@@YA?AV?$_String_const_iterator@V?$_String_val@U?$_Simple_types@D@std@@@std@@@0@V10@0PEBD1AEBV?$regex_traits@D@0@W4syntax_option_type@regex_constants@0@@Z 000000018000a810 f i NodeDOMModule.obj
 0001:00009960       ??4?$_Tgt_state_t@V?$_String_const_iterator@V?$_String_val@U?$_Simple_types@D@std@@@std@@@std@@@std@@QEAAAEAV01@AEBV01@@Z 000000018000a960 f i NodeDOMModule.obj
 0001:000099b0       ??4?$vector@U_Grp_t@?$_Tgt_state_t@V?$_String_const_iterator@V?$_String_val@U?$_Simple_types@D@std@@@std@@@std@@@std@@V?$allocator@U_Grp_t@?$_Tgt_state_t@V?$_String_const_iterator@V?$_String_val@U?$_Simple_types@D@std@@@std@@@std@@@std@@@3@@std@@QEAAAEAV01@AEBV01@@Z 000000018000a9b0 f i NodeDOMModule.obj
 0001:00009ae0       ?_Buy@?$vector@U_Grp_t@?$_Tgt_state_t@V?$_String_const_iterator@V?$_String_val@U?$_Simple_types@D@std@@@std@@@std@@@std@@V?$allocator@U_Grp_t@?$_Tgt_state_t@V?$_String_const_iterator@V?$_String_val@U?$_Simple_types@D@std@@@std@@@std@@@std@@@3@@std@@IEAA_N_K@Z 000000018000aae0 f i NodeDOMModule.obj
 0001:00009b50       ??4?$vector@IV?$allocator@_N@std@@@std@@QEAAAEAV01@AEBV01@@Z 000000018000ab50 f i NodeDOMModule.obj
 0001:00009c80       ??0?$vector@IV?$allocator@_N@std@@@std@@QEAA@AEBV01@@Z 000000018000ac80 f i NodeDOMModule.obj
 0001:00009d30       ?_Do_if@?$_Matcher@V?$_String_const_iterator@V?$_String_val@U?$_Simple_types@D@std@@@std@@@std@@DV?$regex_traits@D@2@V12@@std@@AEAA_NPEAV_Node_if@2@@Z 000000018000ad30 f i NodeDOMModule.obj
 0001:0000a120       ?_Do_rep@?$_Matcher@V?$_String_const_iterator@V?$_String_val@U?$_Simple_types@D@std@@@std@@@std@@DV?$regex_traits@D@2@V12@@std@@AEAA_NPEAV_Node_rep@2@_NH@Z 000000018000b120 f i NodeDOMModule.obj
 0001:0000a3e0       ?_Do_class@?$_Matcher@V?$_String_const_iterator@V?$_String_val@U?$_Simple_types@D@std@@@std@@@std@@DV?$regex_traits@D@2@V12@@std@@AEAA_NPEAV_Node_base@2@@Z 000000018000b3e0 f i NodeDOMModule.obj
 0001:0000a5d0       ?_Better_match@?$_Matcher@V?$_String_const_iterator@V?$_String_val@U?$_Simple_types@D@std@@@std@@@std@@DV?$regex_traits@D@2@V12@@std@@AEAA_NXZ 000000018000b5d0 f i NodeDOMModule.obj
 0001:0000a6c0       ?_Is_esc@?$_Parser@PEBDDV?$regex_traits@D@std@@@std@@AEBA_NXZ 000000018000b6c0 f i NodeDOMModule.obj
 0001:0000a700       ?_Next@?$_Parser@PEBDDV?$regex_traits@D@std@@@std@@AEAAXXZ 000000018000b700 f i NodeDOMModule.obj
 0001:0000a750       ?_Alternative@?$_Parser@PEBDDV?$regex_traits@D@std@@@std@@AEAA_NXZ 000000018000b750 f i NodeDOMModule.obj
 0001:0000abf0       ?_Beg_expr@?$_Builder@PEBDDV?$regex_traits@D@std@@@std@@QEBA_NXZ 000000018000bbf0 f i NodeDOMModule.obj
 0001:0000ac30       ?_Begin_group@?$_Builder@PEBDDV?$regex_traits@D@std@@@std@@QEAAPEAV_Node_base@2@XZ 000000018000bc30 f i NodeDOMModule.obj
 0001:0000aca0       ?_Begin_if@?$_Builder@PEBDDV?$regex_traits@D@std@@@std@@QEAAPEAV_Node_base@2@PEAV32@@Z 000000018000bca0 f i NodeDOMModule.obj
 0001:0000ad80       ??$_Compare@V?$_String_const_iterator@V?$_String_val@U?$_Simple_types@D@std@@@std@@@std@@V12@V?$regex_traits@D@2@@std@@YA?AV?$_String_const_iterator@V?$_String_val@U?$_Simple_types@D@std@@@std@@@0@V10@000AEBV?$regex_traits@D@0@W4syntax_option_type@regex_constants@0@@Z 000000018000bd80 f i NodeDOMModule.obj
 0001:0000aec0       ??$_Cmp_chrange@V?$_String_const_iterator@V?$_String_val@U?$_Simple_types@D@std@@@std@@@std@@PEBDU?$_Cmp_icase@V?$regex_traits@D@std@@@2@@std@@YA?AV?$_String_const_iterator@V?$_String_val@U?$_Simple_types@D@std@@@std@@@0@V10@0PEBD1U?$_Cmp_icase@V?$regex_traits@D@std@@@0@@Z 000000018000bec0 f i NodeDOMModule.obj
 0001:0000afa0       ??0?$vector@U_Grp_t@?$_Tgt_state_t@V?$_String_const_iterator@V?$_String_val@U?$_Simple_types@D@std@@@std@@@std@@@std@@V?$allocator@U_Grp_t@?$_Tgt_state_t@V?$_String_const_iterator@V?$_String_val@U?$_Simple_types@D@std@@@std@@@std@@@std@@@3@@std@@QEAA@AEBV01@@Z 000000018000bfa0 f i NodeDOMModule.obj
 0001:0000b050       ?_Do_rep0@?$_Matcher@V?$_String_const_iterator@V?$_String_val@U?$_Simple_types@D@std@@@std@@@std@@DV?$regex_traits@D@2@V12@@std@@AEAA_NPEAV_Node_rep@2@_N@Z 000000018000c050 f i NodeDOMModule.obj
 0001:0000b4c0       ?_Expect@?$_Parser@PEBDDV?$regex_traits@D@std@@@std@@AEAAXW4_Meta_type@2@W4error_type@regex_constants@2@@Z 000000018000c4c0 f i NodeDOMModule.obj
 0001:0000b520       ?_CharacterClass@?$_Parser@PEBDDV?$regex_traits@D@std@@@std@@AEAAXXZ 000000018000c520 f i NodeDOMModule.obj
 0001:0000b610       ?_AtomEscape@?$_Parser@PEBDDV?$regex_traits@D@std@@@std@@AEAAXXZ 000000018000c610 f i NodeDOMModule.obj
 0001:0000b700       ?_Wrapped_disjunction@?$_Parser@PEBDDV?$regex_traits@D@std@@@std@@AEAA_NXZ 000000018000c700 f i NodeDOMModule.obj
 0001:0000b860       ?_Quantifier@?$_Parser@PEBDDV?$regex_traits@D@std@@@std@@AEAAXXZ 000000018000c860 f i NodeDOMModule.obj
 0001:0000b9f0       ?_Add_wbound@?$_Builder@PEBDDV?$regex_traits@D@std@@@std@@QEAAXXZ 000000018000c9f0 f i NodeDOMModule.obj
 0001:0000ba60       ?_Add_char@?$_Builder@PEBDDV?$regex_traits@D@std@@@std@@QEAAXD@Z 000000018000ca60 f i NodeDOMModule.obj
 0001:0000bb30       ??$_Cmp_chrange@V?$_String_const_iterator@V?$_String_val@U?$_Simple_types@D@std@@@std@@@std@@V12@U?$_Cmp_icase@V?$regex_traits@D@std@@@2@@std@@YA?AV?$_String_const_iterator@V?$_String_val@U?$_Simple_types@D@std@@@std@@@0@V10@000U?$_Cmp_icase@V?$regex_traits@D@std@@@0@@Z 000000018000cb30 f i NodeDOMModule.obj
 0001:0000bc00       ?_DecimalDigits@?$_Parser@PEBDDV?$regex_traits@D@std@@@std@@AEAA_NXZ 000000018000cc00 f i NodeDOMModule.obj
 0001:0000bcb0       ?_CharacterClassEscape@?$_Parser@PEBDDV?$regex_traits@D@std@@@std@@AEAA_N_N@Z 000000018000ccb0 f i NodeDOMModule.obj
 0001:0000bda0       ?_ClassRanges@?$_Parser@PEBDDV?$regex_traits@D@std@@@std@@AEAAXXZ 000000018000cda0 f i NodeDOMModule.obj
 0001:0000bf00       ?_CharacterEscape@?$_Parser@PEBDDV?$regex_traits@D@std@@@std@@AEAA_NXZ 000000018000cf00 f i NodeDOMModule.obj
 0001:0000c2b0       ?_Do_capture_group@?$_Parser@PEBDDV?$regex_traits@D@std@@@std@@AEAAXXZ 000000018000d2b0 f i NodeDOMModule.obj
 0001:0000c330       ?_Do_noncapture_group@?$_Parser@PEBDDV?$regex_traits@D@std@@@std@@AEAAXXZ 000000018000d330 f i NodeDOMModule.obj
 0001:0000c3c0       ?_Do_assert_group@?$_Parser@PEBDDV?$regex_traits@D@std@@@std@@AEAAX_N@Z 000000018000d3c0 f i NodeDOMModule.obj
 0001:0000c410       ?_Add_class@?$_Builder@PEBDDV?$regex_traits@D@std@@@std@@QEAAXXZ 000000018000d410 f i NodeDOMModule.obj
 0001:0000c4a0       ?_Add_backreference@?$_Builder@PEBDDV?$regex_traits@D@std@@@std@@QEAAXI@Z 000000018000d4a0 f i NodeDOMModule.obj
 0001:0000c520       ?_Add_rep@?$_Builder@PEBDDV?$regex_traits@D@std@@@std@@QEAAXHH_N@Z 000000018000d520 f i NodeDOMModule.obj
 0001:0000c7d0       ?_Add_str_node@?$_Builder@PEBDDV?$regex_traits@D@std@@@std@@AEAAXXZ 000000018000d7d0 f i NodeDOMModule.obj
 0001:0000c850       ??_E?$_Node_str@D@std@@UEAAPEAXI@Z 000000018000d850 f i * CIL library *:* CIL module *
 0001:0000c850       ??_G?$_Node_str@D@std@@UEAAPEAXI@Z 000000018000d850 f i NodeDOMModule.obj
 0001:0000c8a0       ?_OctalDigits@?$_Parser@PEBDDV?$regex_traits@D@std@@@std@@AEAA_NXZ 000000018000d8a0 f i NodeDOMModule.obj
 0001:0000c940       ?_ClassAtom@?$_Parser@PEBDDV?$regex_traits@D@std@@@std@@AEAA?AW4_Prs_ret@2@XZ 000000018000d940 f i NodeDOMModule.obj
 0001:0000cb90       ?_IdentityEscape@?$_Parser@PEBDDV?$regex_traits@D@std@@@std@@AEAA_NXZ 000000018000db90 f i NodeDOMModule.obj
 0001:0000cc10       ?_Do_ffn@?$_Parser@PEBDDV?$regex_traits@D@std@@@std@@AEAA_ND@Z 000000018000dc10 f i NodeDOMModule.obj
 0001:0000cc60       ?_Add_range@?$_Builder@PEBDDV?$regex_traits@D@std@@@std@@QEAAXDD@Z 000000018000dc60 f i NodeDOMModule.obj
 0001:0000ce30       ?_Begin_assert_group@?$_Builder@PEBDDV?$regex_traits@D@std@@@std@@QEAAPEAV_Node_base@2@_N@Z 000000018000de30 f i NodeDOMModule.obj
 0001:0000cf00       ?_Add_char_to_bitmap@?$_Builder@PEBDDV?$regex_traits@D@std@@@std@@AEAAXD@Z 000000018000df00 f i NodeDOMModule.obj
 0001:0000cfa0       ?_Add_char_to_array@?$_Builder@PEBDDV?$regex_traits@D@std@@@std@@AEAAXD@Z 000000018000dfa0 f i NodeDOMModule.obj
 0001:0000d060       ??$lookup_classname@PEBD@?$_Regex_traits@D@std@@QEBAFPEBD0_N@Z 000000018000e060 f i NodeDOMModule.obj
 0001:0000d130       ?_Do_ex_class@?$_Parser@PEBDDV?$regex_traits@D@std@@@std@@AEAAXW4_Meta_type@2@@Z 000000018000e130 f i NodeDOMModule.obj
 0001:0000d350       ?_ClassEscape@?$_Parser@PEBDDV?$regex_traits@D@std@@@std@@AEAA?AW4_Prs_ret@2@_N@Z 000000018000e350 f i NodeDOMModule.obj
 0001:0000d420       ?_IsIdentityEscape@?$_Parser@PEBDDV?$regex_traits@D@std@@@std@@AEBA_NXZ 000000018000e420 f i NodeDOMModule.obj
 0001:0000d540       ?_Add_elts@?$_Builder@PEBDDV?$regex_traits@D@std@@@std@@AEAAXPEAV?$_Node_class@DV?$regex_traits@D@std@@@2@F_N@Z 000000018000e540 f i NodeDOMModule.obj
 0001:0000d630       ?_Add_equiv@?$_Builder@PEBDDV?$regex_traits@D@std@@@std@@QEAAXPEBD0_J@Z 000000018000e630 f i NodeDOMModule.obj
 0001:0000d860       ?_Char_to_elts@?$_Builder@PEBDDV?$regex_traits@D@std@@@std@@AEAAXPEBD0_JPEAPEAU?$_Sequence@D@2@@Z 000000018000e860 f i NodeDOMModule.obj
 0001:0000d900       ??$transform_primary@PEBD@?$_Regex_traits@D@std@@QEBA?AV?$basic_string@DU?$char_traits@D@std@@V?$allocator@D@2@@1@PEBD0@Z 000000018000e900 f i NodeDOMModule.obj
 0001:0000d900       ??$transform_primary@PEAD@?$_Regex_traits@D@std@@QEBA?AV?$basic_string@DU?$char_traits@D@std@@V?$allocator@D@2@@1@PEAD0@Z 000000018000e900 f i NodeDOMModule.obj
 0001:0000db30       ??$_Insert@PEBD@?$_Buf@D@std@@QEAAXPEBD0@Z 000000018000eb30 f i NodeDOMModule.obj
 0001:0000dbc0       ??$_Equal_unchecked1@PEBDPEBDU?$_Cmp_icase@V?$_Regex_traits@D@std@@@std@@@std@@YA_NPEBD00AEAU?$_Cmp_icase@V?$_Regex_traits@D@std@@@0@U?$integral_constant@_N$0A@@0@@Z 000000018000ebc0 f i NodeDOMModule.obj
 0001:0000dc8c       ??_E?$basic_ostream@DU?$char_traits@D@std@@@std@@$4PPPPPPPM@A@EAAPEAXI@Z 000000018000ec8c f i NodeDOMModule.obj
 0001:0000dc98       ??_E?$basic_stringstream@DU?$char_traits@D@std@@V?$allocator@D@2@@std@@$4PPPPPPPM@A@EAAPEAXI@Z 000000018000ec98 f i NodeDOMModule.obj
 0001:0000dca4       ??_E?$basic_istream@DU?$char_traits@D@std@@@std@@$4PPPPPPPM@A@EAAPEAXI@Z 000000018000eca4 f i NodeDOMModule.obj
 0001:0000dcb0       ??_E?$basic_iostream@DU?$char_traits@D@std@@@std@@$4PPPPPPPM@A@EAAPEAXI@Z 000000018000ecb0 f i NodeDOMModule.obj
 0001:0000dd0c       __imp_load_?ThrowException@Isolate@v8@@QEAA?AV?$Local@VValue@v8@@@2@V32@@Z 000000018000ed0c f   node:node.exe
 0001:0000dd18       __tailMerge_node_exe       000000018000ed18 f i node:node.exe
 0001:0000dd91       __imp_load_?GetCurrent@Isolate@v8@@SAPEAV12@XZ 000000018000ed91 f   node:node.exe
 0001:0000dd9d       __imp_load_??1HandleScope@v8@@QEAA@XZ 000000018000ed9d f   node:node.exe
 0001:0000dda9       __imp_load_??0HandleScope@v8@@QEAA@PEAVIsolate@1@@Z 000000018000eda9 f   node:node.exe
 0001:0000ddb5       __imp_load_?Error@Exception@v8@@SA?AV?$Local@VValue@v8@@@2@V?$Local@VString@v8@@@2@@Z 000000018000edb5 f   node:node.exe
 0001:0000ddc1       __imp_load_?TypeError@Exception@v8@@SA?AV?$Local@VValue@v8@@@2@V?$Local@VString@v8@@@2@@Z 000000018000edc1 f   node:node.exe
 0001:0000ddcd       __imp_load_?Length@Array@v8@@QEBAIXZ 000000018000edcd f   node:node.exe
 0001:0000ddd9       __imp_load_?GetFunction@FunctionTemplate@v8@@QEAA?AV?$Local@VFunction@v8@@@2@XZ 000000018000edd9 f   node:node.exe
 0001:0000dde5       __imp_load_?New@FunctionTemplate@v8@@SA?AV?$Local@VFunctionTemplate@v8@@@2@PEAVIsolate@2@P6AXAEBV?$FunctionCallbackInfo@VValue@v8@@@2@@ZV?$Local@VValue@v8@@@2@V?$Local@VSignature@v8@@@2@HW4ConstructorBehavior@2@@Z 000000018000ede5 f   node:node.exe
 0001:0000ddf1       __imp_load_?IsNumber@Value@v8@@QEBA_NXZ 000000018000edf1 f   node:node.exe
 0001:0000ddfd       __imp_load_?IsArray@Value@v8@@QEBA_NXZ 000000018000edfd f   node:node.exe
 0001:0000de09       __imp_load_??1Utf8Value@String@v8@@QEAA@XZ 000000018000ee09 f   node:node.exe
 0001:0000de15       __imp_load_??0Utf8Value@String@v8@@QEAA@V?$Local@VValue@v8@@@2@@Z 000000018000ee15 f   node:node.exe
 0001:0000de21       __imp_load_?NewFromUtf8@String@v8@@SA?AV?$Local@VString@v8@@@2@PEAVIsolate@2@PEBDW4NewStringType@12@H@Z 000000018000ee21 f   node:node.exe
 0001:0000de2d       __imp_load_?Get@Object@v8@@QEAA?AV?$Local@VValue@v8@@@2@I@Z 000000018000ee2d f   node:node.exe
 0001:0000de39       __imp_load_?Set@Object@v8@@QEAA_NV?$Local@VValue@v8@@@2@0@Z 000000018000ee39 f   node:node.exe
 0001:0000de45       __imp_load_?SetName@Function@v8@@QEAAXV?$Local@VString@v8@@@2@@Z 000000018000ee45 f   node:node.exe
 0001:0000de51       __imp_load_node_module_register 000000018000ee51 f   node:node.exe
 0001:0000de5d       __imp_load_?ToString@Value@v8@@QEBA?AV?$Local@VString@v8@@@2@XZ 000000018000ee5d f   node:node.exe
 0001:0000de6c       _Strxfrm                   000000018000ee6c f   libcpmt:xstrxfrm.obj
 0001:0000df6c       ??0_Init_locks@std@@QEAA@XZ 000000018000ef6c f   libcpmt:xlock.obj
 0001:0000dfb8       ??0_Lockit@std@@QEAA@H@Z   000000018000efb8 f   libcpmt:xlock.obj
 0001:0000dff4       ??1_Init_locks@std@@QEAA@XZ 000000018000eff4 f   libcpmt:xlock.obj
 0001:0000e038       ??1_Lockit@std@@QEAA@XZ    000000018000f038 f   libcpmt:xlock.obj
 0001:0000e06c       ??4?$_Yarn@D@std@@QEAAAEAV01@PEBD@Z 000000018000f06c f i libcpmt:locale0.obj
 0001:0000e0e4       ??_G_Fac_node@std@@QEAAPEAXI@Z 000000018000f0e4 f i libcpmt:locale0.obj
 0001:0000e170       ??_G_Locimp@locale@std@@MEAAPEAXI@Z 000000018000f170 f i libcpmt:locale0.obj
 0001:0000e170       ??_E_Locimp@locale@std@@MEAAPEAXI@Z 000000018000f170 f i libcpmt:locale0.obj
 0001:0000e1dc       ?_Facet_Register@std@@YAXPEAV_Facet_base@1@@Z 000000018000f1dc f   libcpmt:locale0.obj
 0001:0000e214       ?_Getgloballocale@locale@std@@CAPEAV_Locimp@12@XZ 000000018000f214 f   libcpmt:locale0.obj
 0001:0000e21c       ?_Init@locale@std@@CAPEAV_Locimp@12@_N@Z 000000018000f21c f   libcpmt:locale0.obj
 0001:0000e2d8       ?_Locimp_dtor@_Locimp@locale@std@@CAXPEAV123@@Z 000000018000f2d8 f   libcpmt:locale0.obj
 0001:0000e380       ?_Locinfo_ctor@_Locinfo@std@@SAXPEAV12@PEBD@Z 000000018000f380 f   libcpmt:locale0.obj
 0001:0000e3ec       ?_Locinfo_dtor@_Locinfo@std@@SAXPEAV12@@Z 000000018000f3ec f   libcpmt:locale0.obj
 0001:0000e410       ?_New_Locimp@_Locimp@locale@std@@CAPEAV123@_N@Z 000000018000f410 f   libcpmt:locale0.obj
 0001:0000e480       ?_Setgloballocale@locale@std@@CAXPEAX@Z 000000018000f480 f   libcpmt:locale0.obj
 0001:0000e4b4       _Deletegloballocale        000000018000f4b4 f   libcpmt:locale0.obj
 0001:0000e53c       ??0bad_alloc@std@@QEAA@AEBV01@@Z 000000018000f53c f i libcpmt:xthrow.obj
 0001:0000e57c       ??0bad_alloc@std@@QEAA@XZ  000000018000f57c f i libcpmt:xthrow.obj
 0001:0000e59c       ??0exception@std@@QEAA@AEBV01@@Z 000000018000f59c f i libcpmt:xthrow.obj
 0001:0000e5d4       ??0length_error@std@@QEAA@AEBV01@@Z 000000018000f5d4 f i libcpmt:xthrow.obj
 0001:0000e614       ??0length_error@std@@QEAA@PEBD@Z 000000018000f614 f i libcpmt:xthrow.obj
 0001:0000e660       ??0logic_error@std@@QEAA@AEBV01@@Z 000000018000f660 f i libcpmt:xthrow.obj
 0001:0000e6a0       ??0out_of_range@std@@QEAA@AEBV01@@Z 000000018000f6a0 f i libcpmt:xthrow.obj
 0001:0000e6e0       ??0out_of_range@std@@QEAA@PEBD@Z 000000018000f6e0 f i libcpmt:xthrow.obj
 0001:0000e72c       ??0regex_error@std@@QEAA@AEBV01@@Z 000000018000f72c f i libcpmt:xthrow.obj
 0001:0000e77c       ??0regex_error@std@@QEAA@W4error_type@regex_constants@1@@Z 000000018000f77c f i libcpmt:xthrow.obj
 0001:0000e7e4       ??0runtime_error@std@@QEAA@AEBV01@@Z 000000018000f7e4 f i libcpmt:xthrow.obj
 0001:0000e824       ??_Elogic_error@std@@UEAAPEAXI@Z 000000018000f824 f i libcpmt:xthrow.obj
 0001:0000e824       ??_Gout_of_range@std@@UEAAPEAXI@Z 000000018000f824 f i libcpmt:xthrow.obj
 0001:0000e824       ??_Glength_error@std@@UEAAPEAXI@Z 000000018000f824 f i libcpmt:xthrow.obj
 0001:0000e824       ??_Gbad_exception@std@@UEAAPEAXI@Z 000000018000f824 f i libvcruntime:frame.obj
 0001:0000e824       ??_Ebad_exception@std@@UEAAPEAXI@Z 000000018000f824 f i libvcruntime:frame.obj
 0001:0000e824       ??_Ebad_alloc@std@@UEAAPEAXI@Z 000000018000f824 f i libcpmt:xthrow.obj
 0001:0000e824       ??_Eexception@std@@UEAAPEAXI@Z 000000018000f824 f i libcpmt:xthrow.obj
 0001:0000e824       ??_Glogic_error@std@@UEAAPEAXI@Z 000000018000f824 f i libcpmt:xthrow.obj
 0001:0000e824       ??_Elength_error@std@@UEAAPEAXI@Z 000000018000f824 f i libcpmt:xthrow.obj
 0001:0000e824       ??_Eout_of_range@std@@UEAAPEAXI@Z 000000018000f824 f i libcpmt:xthrow.obj
 0001:0000e824       ??_Gexception@std@@UEAAPEAXI@Z 000000018000f824 f i libcpmt:xthrow.obj
 0001:0000e824       ??_Gbad_array_new_length@std@@UEAAPEAXI@Z 000000018000f824 f i LIBCMT:throw_bad_alloc.obj
 0001:0000e824       ??_Gbad_alloc@std@@UEAAPEAXI@Z 000000018000f824 f i libcpmt:xthrow.obj
 0001:0000e824       ??_Ebad_array_new_length@std@@UEAAPEAXI@Z 000000018000f824 f i LIBCMT:throw_bad_alloc.obj
 0001:0000e868       ??_Eregex_error@std@@UEAAPEAXI@Z 000000018000f868 f i libcpmt:xthrow.obj
 0001:0000e868       ??_Gregex_error@std@@UEAAPEAXI@Z 000000018000f868 f i libcpmt:xthrow.obj
 0001:0000e8ac       ?_Stringify@regex_error@std@@CAPEBDW4error_type@regex_constants@2@@Z 000000018000f8ac f i libcpmt:xthrow.obj
 0001:0000e978       ?__scrt_throw_std_bad_alloc@@YAXXZ 000000018000f978 f   LIBCMT:throw_bad_alloc.obj
 0001:0000e978       ?_Xbad_alloc@std@@YAXXZ    000000018000f978 f   libcpmt:xthrow.obj
 0001:0000e998       ?_Xlength_error@std@@YAXPEBD@Z 000000018000f998 f   libcpmt:xthrow.obj
 0001:0000e9bc       ?_Xout_of_range@std@@YAXPEBD@Z 000000018000f9bc f   libcpmt:xthrow.obj
 0001:0000e9e0       ?_Xregex_error@std@@YAXW4error_type@regex_constants@1@@Z 000000018000f9e0 f   libcpmt:xthrow.obj
 0001:0000ea04       ?what@exception@std@@UEBAPEBDXZ 000000018000fa04 f i libcpmt:xthrow.obj
 0001:0000ea18       ?_Ios_base_dtor@ios_base@std@@CAXPEAV12@@Z 000000018000fa18 f   libcpmt:ios.obj
 0001:0000ea5c       ?_Tidy@ios_base@std@@AEAAXXZ 000000018000fa5c f i libcpmt:ios.obj
 0001:0000eaec       ?_Syserror_map@std@@YAPEBDH@Z 000000018000faec f   libcpmt:syserror.obj
 0001:0000eb14       _Getctype                  000000018000fb14 f   libcpmt:_tolower.obj
 0001:0000ebd4       _Tolower                   000000018000fbd4 f   libcpmt:_tolower.obj
 0001:0000ecfc       _Getcoll                   000000018000fcfc f   libcpmt:xstrcoll.obj
 0001:0000ed30       _Strcoll                   000000018000fd30 f   libcpmt:xstrcoll.obj
 0001:0000ee00       _Toupper                   000000018000fe00 f   libcpmt:_toupper.obj
 0001:0000ef38       __crtLCMapStringA          000000018000ff38 f   libcpmt:StlLCMapStringA.obj
 0001:0000f224       _Mtxdst                    0000000180010224 f   libcpmt:xmtx.obj
 0001:0000f22c       _Mtxinit                   000000018001022c f   libcpmt:xmtx.obj
 0001:0000f23c       _Mtxlock                   000000018001023c f   libcpmt:xmtx.obj
 0001:0000f244       _Mtxunlock                 0000000180010244 f   libcpmt:xmtx.obj
 0001:0000f24c       ?_Atexit@@YAXP6AXXZ@Z      000000018001024c f   libcpmt:iosptrs.obj
 0001:0000f28c       __local_stdio_printf_options 000000018001028c f i libcpmt:locale.obj
 0001:0000f294       __crtCompareStringA        0000000180010294 f   libcpmt:StlCompareStringA.obj
 0001:0000f5f4       GetTableIndexFromLocaleName 00000001800105f4 f   libcpmt:winapinls.obj
 0001:0000f680       __crtCompareStringEx       0000000180010680 f   libcpmt:winapinls.obj
 0001:0000f73c       __crtDownlevelLocaleNameToLCID 000000018001073c f   libcpmt:winapinls.obj
 0001:0000f770       __crtLCMapStringEx         0000000180010770 f   libcpmt:winapinls.obj
 0001:0000f82c       __wcsnicmp_ascii           000000018001082c f   libcpmt:winapinls.obj
 0001:0000fd54       __crtInitializeCriticalSectionEx 0000000180010d54 f   libcpmt:winapisupp.obj
 0001:0000fdd0       __security_check_cookie    0000000180010dd0 f   LIBCMT:_amdsecgs_.obj
 0001:0000ff3c       _Init_thread_footer        0000000180010f3c f   LIBCMT:thread_safe_statics.obj
 0001:0000ff9c       _Init_thread_header        0000000180010f9c f   LIBCMT:thread_safe_statics.obj
 0001:00010004       _Init_thread_notify        0000000180011004 f   LIBCMT:thread_safe_statics.obj
 0001:00010060       _Init_thread_wait          0000000180011060 f   LIBCMT:thread_safe_statics.obj
 0001:000100f8       ??2@YAPEAX_K@Z             00000001800110f8 f   LIBCMT:new_scalar.obj
 0001:00010134       __scrt_acquire_startup_lock 0000000180011134 f   LIBCMT:utility.obj
 0001:00010170       __scrt_dllmain_after_initialize_c 0000000180011170 f   LIBCMT:utility.obj
 0001:000101a4       __scrt_dllmain_before_initialize_c 00000001800111a4 f   LIBCMT:utility.obj
 0001:000101bc       __scrt_dllmain_crt_thread_attach 00000001800111bc f   LIBCMT:utility.obj
 0001:000101e4       __scrt_dllmain_crt_thread_detach 00000001800111e4 f   LIBCMT:utility.obj
 0001:000101fc       __scrt_dllmain_exception_filter 00000001800111fc f   LIBCMT:utility.obj
 0001:00010260       __scrt_dllmain_uninitialize_c 0000000180011260 f   LIBCMT:utility.obj
 0001:00010290       __scrt_dllmain_uninitialize_critical 0000000180011290 f   LIBCMT:utility.obj
 0001:000102a4       __scrt_initialize_crt      00000001800112a4 f   LIBCMT:utility.obj
 0001:000102f0       __scrt_initialize_onexit_tables 00000001800112f0 f   LIBCMT:utility.obj
 0001:000103bc       __scrt_is_nonwritable_in_current_image 00000001800113bc f   LIBCMT:utility.obj
 0001:00010458       __scrt_release_startup_lock 0000000180011458 f   LIBCMT:utility.obj
 0001:0001047c       __scrt_uninitialize_crt    000000018001147c f   LIBCMT:utility.obj
 0001:000104a8       _onexit                    00000001800114a8 f   LIBCMT:utility.obj
 0001:000104f8       atexit                     00000001800114f8 f   LIBCMT:utility.obj
 0001:00010510       ??3@YAXPEAX@Z              0000000180011510 f   LIBCMT:delete_scalar.obj
 0001:00010518       ??3@YAXPEAX_K@Z            0000000180011518 f   LIBCMT:delete_scalar_size.obj
 0001:00010518       ??_V@YAXPEAX@Z             0000000180011518 f   LIBCMT:delete_array.obj
 0001:0001086c       _DllMainCRTStartup         000000018001186c f   LIBCMT:dll_dllmain.obj
 0001:000108ac       _guard_check_icall         00000001800118ac f i LIBCMT:checkcfg.obj
 0001:000108b4       ??_Gtype_info@@UEAAPEAXI@Z 00000001800118b4 f i LIBCMT:std_type_info_static.obj
 0001:000108b4       ??_Etype_info@@UEAAPEAXI@Z 00000001800118b4 f i LIBCMT:std_type_info_static.obj
 0001:000108e0       __GSHandlerCheck           00000001800118e0 f   LIBCMT:_gshandler_.obj
 0001:00010900       __GSHandlerCheckCommon     0000000180011900 f   LIBCMT:_gshandler_.obj
 0001:00010970       __chkstk                   0000000180011970 f   LIBCMT:_chkstk_.obj
 0001:00010970       _alloca_probe              0000000180011970 f   LIBCMT:_chkstk_.obj
 0001:000109c4       __raise_securityfailure    00000001800119c4 f   LIBCMT:gs_report.obj
 0001:000109f8       __report_gsfailure         00000001800119f8 f   LIBCMT:gs_report.obj
 0001:00010acc       __report_rangecheckfailure 0000000180011acc f   LIBCMT:gs_report.obj
 0001:00010ae0       __report_securityfailure   0000000180011ae0 f   LIBCMT:gs_report.obj
 0001:00010c60       __crt_debugger_hook        0000000180011c60 f   LIBCMT:utility_desktop.obj
 0001:00010c68       __scrt_fastfail            0000000180011c68 f   LIBCMT:utility_desktop.obj
 0001:00010db0       ??0bad_array_new_length@std@@QEAA@AEBV01@@Z 0000000180011db0 f i LIBCMT:throw_bad_alloc.obj
 0001:00010df0       ??0bad_array_new_length@std@@QEAA@XZ 0000000180011df0 f i LIBCMT:throw_bad_alloc.obj
 0001:00010e10       ?__scrt_throw_std_bad_array_new_length@@YAXXZ 0000000180011e10 f   LIBCMT:throw_bad_alloc.obj
 0001:00010e30       __isa_available_init       0000000180011e30 f   LIBCMT:_cpu_disp_.obj
 0001:00010ff8       __scrt_is_ucrt_dll_in_use  0000000180011ff8 f   LIBCMT:ucrt_detection.obj
 0001:00011004       __security_init_cookie     0000000180012004 f   LIBCMT:gs_support.obj
 0001:000110b0       DllMain                    00000001800120b0 f   LIBCMT:dll_dllmain_stub.obj
 0001:000110b0       _get_startup_argv_mode     00000001800120b0 f   LIBCMT:argv_mode.obj
 0001:000110b8       ?__scrt_initialize_type_info@@YAXXZ 00000001800120b8 f   LIBCMT:tncleanup.obj
 0001:000110c8       ?__scrt_uninitialize_type_info@@YAXXZ 00000001800120c8 f   LIBCMT:tncleanup.obj
 0001:000110d4       __local_stdio_scanf_options 00000001800120d4 f i LIBCMT:default_local_stdio_options.obj
 0001:000110dc       __scrt_initialize_default_local_stdio_options 00000001800120dc f   LIBCMT:default_local_stdio_options.obj
 0001:000110f8       __scrt_get_dyn_tls_init_callback 00000001800120f8 f   LIBCMT:dyn_tls_init.obj
 0001:00011100       _RTC_Initialize            0000000180012100 f   LIBCMT:_initsect_.obj
 0001:0001114c       _RTC_Terminate             000000018001214c f   LIBCMT:_initsect_.obj
 0001:000111b0       memmove                    00000001800121b0 f   libvcruntime:memcpy.obj
 0001:000111b0       memcpy                     00000001800121b0 f   libvcruntime:memcpy.obj
 0001:000115e8       _purecall                  00000001800125e8 f   libvcruntime:purevirt.obj
 0001:00011624       memchr                     0000000180012624 f   libvcruntime:memchr.obj
 0001:00011640       strchr                     0000000180012640 f   libvcruntime:strchr.obj
 0001:000116cc       __DestructExceptionObject  00000001800126cc f   libvcruntime:frame.obj
 0001:00011754       ??0bad_exception@std@@QEAA@AEBV01@@Z 0000000180012754 f i libvcruntime:frame.obj
 0001:00011794       ??0bad_exception@std@@QEAA@XZ 0000000180012794 f i libvcruntime:frame.obj
 0001:000117b4       ??1bad_alloc@std@@UEAA@XZ  00000001800127b4 f i libcpmt:xthrow.obj
 0001:000117b4       ??1bad_exception@std@@UEAA@XZ 00000001800127b4 f i libvcruntime:frame.obj
 0001:000117b4       ??1out_of_range@std@@UEAA@XZ 00000001800127b4 f i libcpmt:xthrow.obj
 0001:000117b4       ??1bad_array_new_length@std@@UEAA@XZ 00000001800127b4 f i LIBCMT:throw_bad_alloc.obj
 0001:000117b4       ??1regex_error@std@@UEAA@XZ 00000001800127b4 f i libcpmt:xthrow.obj
 0001:000117b4       ??1length_error@std@@UEAA@XZ 00000001800127b4 f i libcpmt:xthrow.obj
 0001:00012124       ?_CallMemberFunction0@@YAXPEAXP6AX0@Z@Z 0000000180013124 f i libvcruntime:frame.obj
 0001:00012128       ?_CallMemberFunction1@@YAXPEAXP6AX0@Z0@Z 0000000180013128 f i libvcruntime:frame.obj
 0001:00012134       ?_CallMemberFunction2@@YAXPEAXP6AX0@Z0H@Z 0000000180013134 f i libvcruntime:frame.obj
 0001:00012144       __AdjustPointer            0000000180013144 f   libvcruntime:frame.obj
 0001:00012168       __BuildCatchObject         0000000180013168 f   libvcruntime:frame.obj
 0001:0001222c       __BuildCatchObjectHelper   000000018001322c f   libvcruntime:frame.obj
 0001:0001240c       __CxxCallCatchBlock        000000018001340c f   libvcruntime:frame.obj
 0001:000125f8       __FrameUnwindFilter        00000001800135f8 f   libvcruntime:frame.obj
 0001:00012644       __FrameUnwindToState       0000000180013644 f   libvcruntime:frame.obj
 0001:000127d8       __InternalCxxFrameHandler  00000001800137d8 f   libvcruntime:frame.obj
 0001:00012a30       __TypeMatch                0000000180013a30 f   libvcruntime:frame.obj
 0001:00012b70       __std_terminate            0000000180013b70 f   libvcruntime:frame.obj
 0001:00012b7c       ?_ExecutionInCatch@@YAHPEAU_xDISPATCHER_CONTEXT@@PEBU_s_FuncInfo@@@Z 0000000180013b7c f   libvcruntime:trnsctrl.obj
 0001:00012bf0       ?_GetEstablisherFrame@@YAPEA_KPEA_KPEAU_xDISPATCHER_CONTEXT@@PEBU_s_FuncInfo@@0@Z 0000000180013bf0 f   libvcruntime:trnsctrl.obj
 0001:00012cbc       ?_GetRangeOfTrysToCheck@@YAPEBU_s_TryBlockMapEntry@@PEA_KPEBU_s_FuncInfo@@HHPEAI2PEAU_xDISPATCHER_CONTEXT@@@Z 0000000180013cbc f   libvcruntime:trnsctrl.obj
 0001:00012de8       ?__FrameUnwindToEmptyState@@YAXPEA_KPEAU_xDISPATCHER_CONTEXT@@PEBU_s_FuncInfo@@@Z 0000000180013de8 f   libvcruntime:trnsctrl.obj
 0001:00012e7c       ?__SehTransFilter@@YAHPEAU_EXCEPTION_POINTERS@@PEAUEHExceptionRecord@@PEA_KPEAU_CONTEXT@@PEAU_xDISPATCHER_CONTEXT@@PEBU_s_FuncInfo@@PEAH@Z 0000000180013e7c f   libvcruntime:trnsctrl.obj
 0001:00012f14       _CallSETranslator          0000000180013f14 f   libvcruntime:trnsctrl.obj
 0001:00012f6c       _CreateFrameInfo           0000000180013f6c f   libvcruntime:trnsctrl.obj
 0001:00012fa8       _FindAndUnlinkFrame        0000000180013fa8 f   libvcruntime:trnsctrl.obj
 0001:00013000       _GetImageBase              0000000180014000 f   libvcruntime:trnsctrl.obj
 0001:00013014       _GetThrowImageBase         0000000180014014 f   libvcruntime:trnsctrl.obj
 0001:00013028       _IsExceptionObjectToBeDestroyed 0000000180014028 f   libvcruntime:trnsctrl.obj
 0001:00013058       _SetImageBase              0000000180014058 f   libvcruntime:trnsctrl.obj
 0001:00013070       _SetThrowImageBase         0000000180014070 f   libvcruntime:trnsctrl.obj
 0001:00013088       _UnwindNestedFrames        0000000180014088 f   libvcruntime:trnsctrl.obj
 0001:000131ac       __CxxFrameHandler3         00000001800141ac f   libvcruntime:trnsctrl.obj
 0001:0001322c       __std_exception_copy       000000018001422c f   libvcruntime:std_exception.obj
 0001:000132bc       __std_exception_destroy    00000001800142bc f   libvcruntime:std_exception.obj
 0001:000132e4       _CxxThrowException         00000001800142e4 f   libvcruntime:throw.obj
 0001:000133d0       memcmp                     00000001800143d0 f   libvcruntime:memcmp.obj
 0001:000134b0       memset                     00000001800144b0 f   libvcruntime:memset.obj
 0001:00013818       __vcrt_FlsAlloc            0000000180014818 f   libvcruntime:winapi_downlevel.obj
 0001:0001386c       __vcrt_FlsFree             000000018001486c f   libvcruntime:winapi_downlevel.obj
 0001:000138c0       __vcrt_FlsGetValue         00000001800148c0 f   libvcruntime:winapi_downlevel.obj
 0001:00013914       __vcrt_FlsSetValue         0000000180014914 f   libvcruntime:winapi_downlevel.obj
 0001:0001397c       __vcrt_InitializeCriticalSectionEx 000000018001497c f   libvcruntime:winapi_downlevel.obj
 0001:000139f4       __vcrt_initialize_winapi_thunks 00000001800149f4 f   libvcruntime:winapi_downlevel.obj
 0001:00013a40       __vcrt_uninitialize_winapi_thunks 0000000180014a40 f   libvcruntime:winapi_downlevel.obj
 0001:00013a80       __vcrt_initialize          0000000180014a80 f   libvcruntime:initialization.obj
 0001:00013ab4       __vcrt_thread_attach       0000000180014ab4 f   libvcruntime:initialization.obj
 0001:00013ac8       __vcrt_thread_detach       0000000180014ac8 f   libvcruntime:initialization.obj
 0001:00013adc       __vcrt_uninitialize        0000000180014adc f   libvcruntime:initialization.obj
 0001:00013afc       __vcrt_uninitialize_critical 0000000180014afc f   libvcruntime:initialization.obj
 0001:00013b0c       __C_specific_handler       0000000180014b0c f   libvcruntime:_chandler_.obj
 0001:00013d08       __std_type_info_compare    0000000180014d08 f   libvcruntime:std_type_info.obj
 0001:00013d30       __std_type_info_destroy_list 0000000180014d30 f   libvcruntime:std_type_info.obj
 0001:00013d5c       __vcrt_initialize_pure_virtual_call_handler 0000000180014d5c f   libvcruntime:purevirt_data.obj
 0001:00013d80       __vcrt_freefls             0000000180014d80 f   libvcruntime:per_thread_data.obj
 0001:00013da0       __vcrt_freeptd             0000000180014da0 f   libvcruntime:per_thread_data.obj
 0001:00013df0       __vcrt_getptd              0000000180014df0 f   libvcruntime:per_thread_data.obj
 0001:00013e0c       __vcrt_getptd_noexit       0000000180014e0c f   libvcruntime:per_thread_data.obj
 0001:00013ec4       __vcrt_initialize_ptd      0000000180014ec4 f   libvcruntime:per_thread_data.obj
 0001:00013f04       __vcrt_uninitialize_ptd    0000000180014f04 f   libvcruntime:per_thread_data.obj
 0001:00013f28       ?__GetCurrentState@@YAHPEA_KPEAU_xDISPATCHER_CONTEXT@@PEBU_s_FuncInfo@@@Z 0000000180014f28 f   libvcruntime:ehstate.obj
 0001:00013f50       ?__GetUnwindTryBlock@@YAHPEA_KPEAU_xDISPATCHER_CONTEXT@@PEBU_s_FuncInfo@@@Z 0000000180014f50 f   libvcruntime:ehstate.obj
 0001:00013f7c       ?__SetState@@YAXPEA_KPEAU_xDISPATCHER_CONTEXT@@PEBU_s_FuncInfo@@H@Z 0000000180014f7c f   libvcruntime:ehstate.obj
 0001:00013f88       ?__SetUnwindTryBlock@@YAXPEA_KPEAU_xDISPATCHER_CONTEXT@@PEBU_s_FuncInfo@@H@Z 0000000180014f88 f   libvcruntime:ehstate.obj
 0001:00013fc4       ?__StateFromControlPc@@YAHPEBU_s_FuncInfo@@PEAU_xDISPATCHER_CONTEXT@@@Z 0000000180014fc4 f   libvcruntime:ehstate.obj
 0001:00013fcc       ?__StateFromIp@@YAHPEBU_s_FuncInfo@@PEAU_xDISPATCHER_CONTEXT@@_J@Z 0000000180014fcc f   libvcruntime:ehstate.obj
 0001:00014050       _CallSettingFrame          0000000180015050 f   libvcruntime:handlers.obj
 0001:000140a0       _local_unwind              00000001800150a0 f   libvcruntime:_jmpuwind_.obj
 0001:000140d0       _NLG_Notify                00000001800150d0 f   libvcruntime:_jmpuwind_.obj
 0001:000140f0       __NLG_Dispatch2            00000001800150f0 f   libvcruntime:_jmpuwind_.obj
 0001:00014100       __NLG_Return2              0000000180015100 f   libvcruntime:_jmpuwind_.obj
 0001:00014104       __vcrt_initialize_locks    0000000180015104 f   libvcruntime:locks.obj
 0001:0001414c       __vcrt_uninitialize_locks  000000018001514c f   libvcruntime:locks.obj
 0001:00014184       abort                      0000000180015184 f   libucrt:abort.obj
 0001:000141dc       __acrt_call_reportfault    00000001800151dc f   libucrt:invalid_parameter.obj
 0001:00014338       __acrt_initialize_invalid_parameter_handler 0000000180015338 f   libucrt:invalid_parameter.obj
 0001:00014340       _invalid_parameter         0000000180015340 f   libucrt:invalid_parameter.obj
 0001:000143e8       _invalid_parameter_noinfo  00000001800153e8 f   libucrt:invalid_parameter.obj
 0001:00014408       _invalid_parameter_noinfo_noreturn 0000000180015408 f   libucrt:invalid_parameter.obj
 0001:00014438       _invoke_watson             0000000180015438 f   libucrt:invalid_parameter.obj
 0001:00014480       realloc                    0000000180015480 f   libucrt:realloc.obj
 0001:00014488       free                       0000000180015488 f   libucrt:free.obj
 0001:00014490       ??0_LocaleUpdate@@QEAA@QEAU__crt_locale_pointers@@@Z 0000000180015490 f i libucrt:stricmp.obj
 0001:00014520       __ascii_stricmp            0000000180015520 f   libucrt:stricmp.obj
 0001:0001455c       _stricmp                   000000018001555c f   libucrt:stricmp.obj
 0001:000145a4       _stricmp_l                 00000001800155a4 f   libucrt:stricmp.obj
 0001:00014658       ___lc_codepage_func        0000000180015658 f   libucrt:initctype.obj
 0001:00014688       ___lc_collate_cp_func      0000000180015688 f   libucrt:initctype.obj
 0001:000146b8       ___lc_locale_name_func     00000001800156b8 f   libucrt:initctype.obj
 0001:000146ec       __acrt_locale_initialize_ctype 00000001800156ec f   libucrt:initctype.obj
 0001:00014cc0       __acrt_initialize_locks    0000000180015cc0 f   libucrt:locks.obj
 0001:00014d08       __acrt_lock                0000000180015d08 f   libucrt:locks.obj
 0001:00014d24       __acrt_uninitialize_locks  0000000180015d24 f   libucrt:locks.obj
 0001:00014d5c       __acrt_unlock              0000000180015d5c f   libucrt:locks.obj
 0001:00014d78       _lock_locales              0000000180015d78 f   libucrt:locks.obj
 0001:00014d88       _unlock_locales            0000000180015d88 f   libucrt:locks.obj
 0001:00014d98       malloc                     0000000180015d98 f   libucrt:malloc.obj
 0001:00014e88       setlocale                  0000000180015e88 f   libucrt:setlocale.obj
 0001:00015054       _calloc_base               0000000180016054 f   libucrt:calloc_base.obj
 0001:000150cc       __pctype_func              00000001800160cc f   libucrt:ctype.obj
 0001:000150fc       islower                    00000001800160fc f i libucrt:_ctype.obj
 0001:00015170       isupper                    0000000180016170 f i libucrt:_ctype.obj
 0001:000151e4       _wcsdup                    00000001800161e4 f   libucrt:wcsdup.obj
 0001:00015268       __acrt_errno_from_os_error 0000000180016268 f   libucrt:errno.obj
 0001:000152b0       __acrt_errno_map_os_error  00000001800162b0 f   libucrt:errno.obj
 0001:00015300       __doserrno                 0000000180016300 f   libucrt:errno.obj
 0001:00015320       _errno                     0000000180016320 f   libucrt:errno.obj
 0001:00015340       __strncnt                  0000000180016340 f   libucrt:strncnt.obj
 0001:00015358       _free_base                 0000000180016358 f   libucrt:free_base.obj
 0001:00015398       _malloc_base               0000000180016398 f   libucrt:malloc_base.obj
 0001:000153f8       _realloc_base              00000001800163f8 f   libucrt:realloc_base.obj
 0001:00015480       pow                        0000000180016480 f   libucrt:pow.obj
 0001:00016b20       powf                       0000000180017b20 f   libucrt:powf.obj
 0001:000179e8       wcscpy_s                   00000001800189e8 f   libucrt:wcscpy_s.obj
 0001:00017a50       wcsnlen                    0000000180018a50 f   libucrt:strnlen.obj
 0001:00017cb8       _ismbblead                 0000000180018cb8 f   libucrt:ismbbyte.obj
 0001:00017d1c       _tolower_l                 0000000180018d1c f   libucrt:tolower_toupper.obj
 0001:00017e5c       __acrt_initialize_new_handler 0000000180018e5c f   libucrt:new_handler.obj
 0001:00017e64       _callnewh                  0000000180018e64 f   libucrt:new_handler.obj
 0001:00017ea4       _query_new_handler         0000000180018ea4 f   libucrt:new_handler.obj
 0001:00017ed8       _seh_filter_dll            0000000180018ed8 f   libucrt:exception_filter.obj
 0001:00017eec       _seh_filter_exe            0000000180018eec f   libucrt:exception_filter.obj
 0001:000182ac       __acrt_initialize_thread_local_exit_callback 00000001800192ac f   libucrt:exit.obj
 0001:000182b4       _cexit                     00000001800192b4 f   libucrt:exit.obj
 0001:000182c4       _exit                      00000001800192c4 f   libucrt:exit.obj
 0001:000182d0       _is_c_termination_complete 00000001800192d0 f   libucrt:exit.obj
 0001:00018494       __acrt_allocate_buffer_for_argv 0000000180019494 f   libucrt:argv_parsing.obj
 0001:000184f8       _configure_narrow_argv     00000001800194f8 f   libucrt:argv_parsing.obj
 0001:00018854       __dcrt_uninitialize_environments_nolock 0000000180019854 f   libucrt:environment_initialization.obj
 0001:0001888c       _initialize_narrow_environment 000000018001988c f   libucrt:environment_initialization.obj
 0001:00018894       ??$?RV<lambda_b8c45f8f788dd370798f47cfe8ac3a86>@@AEAV<lambda_4e60a939b0d047cfe11ddc22648dfba9>@@V<lambda_332c3edc96d0294ec56c57d38c1cdfd5>@@@?$__crt_seh_guarded_call@H@@QEAAH$$QEAV<lambda_b8c45f8f788dd370798f47cfe8ac3a86>@@AEAV<lambda_4e60a939b0d047cfe11ddc22648dfba9>@@$$QEAV<lambda_332c3edc96d0294ec56c57d38c1cdfd5>@@@Z 0000000180019894 f i libucrt:onexit.obj
 0001:000188d0       ??$?RV<lambda_e24bbb7b643b32fcea6fa61b31d4c984>@@AEAV<lambda_275893d493268fdec8709772e3fcec0e>@@V<lambda_9d71df4d7cf3f480f8d633942495c3b0>@@@?$__crt_seh_guarded_call@H@@QEAAH$$QEAV<lambda_e24bbb7b643b32fcea6fa61b31d4c984>@@AEAV<lambda_275893d493268fdec8709772e3fcec0e>@@$$QEAV<lambda_9d71df4d7cf3f480f8d633942495c3b0>@@@Z 00000001800198d0 f i libucrt:onexit.obj
 0001:00018c4c       _crt_atexit                0000000180019c4c f   libucrt:onexit.obj
 0001:00018c5c       _execute_onexit_table      0000000180019c5c f   libucrt:onexit.obj
 0001:00018c98       _initialize_onexit_table   0000000180019c98 f   libucrt:onexit.obj
 0001:00018cd8       _register_onexit_function  0000000180019cd8 f   libucrt:onexit.obj
 0001:00018d68       __acrt_uninitialize_command_line 0000000180019d68 f   libucrt:argv_data.obj
 0001:00018e58       __acrt_initialize          0000000180019e58 f   libucrt:initialization.obj
 0001:00018e6c       __acrt_thread_attach       0000000180019e6c f   libucrt:initialization.obj
 0001:00018e80       __acrt_thread_detach       0000000180019e80 f   libucrt:initialization.obj
 0001:00018e90       __acrt_uninitialize        0000000180019e90 f   libucrt:initialization.obj
 0001:00018ea4       __acrt_uninitialize_critical 0000000180019ea4 f   libucrt:initialization.obj
 0001:00018eb4       _initterm                  0000000180019eb4 f   libucrt:initterm.obj
 0001:00018f2c       _initterm_e                0000000180019f2c f   libucrt:initterm.obj
 0001:00018f78       terminate                  0000000180019f78 f   libucrt:terminate.obj
 0001:00018fa0       strcpy_s                   0000000180019fa0 f   libucrt:strcpy_s.obj
 0001:00019000       ??$is_overflow_condition@K@__crt_strtox@@YA_NIK@Z 000000018001a000 f i libucrt:atox.obj
 0001:0001902c       ??$make_c_string_character_source@_W$$T@__crt_strtox@@YA?AV?$c_string_character_source@_W@0@QEB_W$$T@Z 000000018001a02c f i libucrt:atox.obj
 0001:00019040       ??$parse_integer@KV?$c_string_character_source@_W@__crt_strtox@@@__crt_strtox@@YAKQEAU__crt_locale_pointers@@V?$c_string_character_source@_W@0@H_N@Z 000000018001a040 f i libucrt:atox.obj
 0001:00019714       _wtol                      000000018001a714 f   libucrt:atox.obj
 0001:00019740       ??$?RV<lambda_c36588078e9f5dfd39652860aa6b3aaf>@@AEAV<lambda_ec61778202f4f5fc7e7711acc23c3bca>@@V<lambda_dc9d2797ccde5d239b4a0efae8ebd7db>@@@?$__crt_seh_guarded_call@P6AXH@Z@@QEAAP6AXH@Z$$QEAV<lambda_c36588078e9f5dfd39652860aa6b3aaf>@@AEAV<lambda_ec61778202f4f5fc7e7711acc23c3bca>@@$$QEAV<lambda_dc9d2797ccde5d239b4a0efae8ebd7db>@@@Z 000000018001a740 f i libucrt:signal.obj
 0001:00019788       __acrt_get_sigabrt_handler 000000018001a788 f   libucrt:signal.obj
 0001:000197b8       __acrt_initialize_signal_handlers 000000018001a7b8 f   libucrt:signal.obj
 0001:000197d8       raise                      000000018001a7d8 f   libucrt:signal.obj
 0001:00019a74       ??$?RV<lambda_46352004c1216016012b18bd6f87e700>@@AEAV<lambda_3bd07e1a1191394380780325891bf33f>@@V<lambda_334532d3f185bcaa59b5be82d7d22bff>@@@?$__crt_seh_guarded_call@X@@QEAAX$$QEAV<lambda_46352004c1216016012b18bd6f87e700>@@AEAV<lambda_3bd07e1a1191394380780325891bf33f>@@$$QEAV<lambda_334532d3f185bcaa59b5be82d7d22bff>@@@Z 000000018001aa74 f i libucrt:per_thread_data.obj
 0001:00019ad4       ??$?RV<lambda_5e887d1dcbef67a5eb4283622ba103bf>@@AEAV<lambda_4466841279450cc726390878d4a41900>@@V<lambda_341c25c0346d94847f1f3c463c57e077>@@@?$__crt_seh_guarded_call@X@@QEAAX$$QEAV<lambda_5e887d1dcbef67a5eb4283622ba103bf>@@AEAV<lambda_4466841279450cc726390878d4a41900>@@$$QEAV<lambda_341c25c0346d94847f1f3c463c57e077>@@@Z 000000018001aad4 f i libucrt:per_thread_data.obj
 0001:00019b1c       ??$?RV<lambda_72d1df2b273a38828b1ce30cbf4cdab5>@@AEAV<lambda_876a65b173b8412d3a47c70a915b0cf4>@@V<lambda_41932305e351933ebe8f8be3ed8bb5dc>@@@?$__crt_seh_guarded_call@X@@QEAAX$$QEAV<lambda_72d1df2b273a38828b1ce30cbf4cdab5>@@AEAV<lambda_876a65b173b8412d3a47c70a915b0cf4>@@$$QEAV<lambda_41932305e351933ebe8f8be3ed8bb5dc>@@@Z 000000018001ab1c f i libucrt:per_thread_data.obj
 0001:00019b5c       ??$?RV<lambda_fb3a7dec4e47f37f22dae91bb15c9095>@@AEAV<lambda_698284760c8add0bfb0756c19673e34b>@@V<lambda_dfb8eca1e75fef3034a8fb18dd509707>@@@?$__crt_seh_guarded_call@X@@QEAAX$$QEAV<lambda_fb3a7dec4e47f37f22dae91bb15c9095>@@AEAV<lambda_698284760c8add0bfb0756c19673e34b>@@$$QEAV<lambda_dfb8eca1e75fef3034a8fb18dd509707>@@@Z 000000018001ab5c f i libucrt:per_thread_data.obj
 0001:00019dec       __acrt_freeptd             000000018001adec f   libucrt:per_thread_data.obj
 0001:00019e30       __acrt_getptd              000000018001ae30 f   libucrt:per_thread_data.obj
 0001:00019ec4       __acrt_getptd_noexit       000000018001aec4 f   libucrt:per_thread_data.obj
 0001:00019f64       __acrt_initialize_ptd      000000018001af64 f   libucrt:per_thread_data.obj
 0001:00019fa0       __acrt_uninitialize_ptd    000000018001afa0 f   libucrt:per_thread_data.obj
 0001:00019fc4       __acrt_update_locale_info  000000018001afc4 f   libucrt:locale_update.obj
 0001:00019ff8       __acrt_update_multibyte_info 000000018001aff8 f   libucrt:locale_update.obj
 0001:0001a02c       ??$?RV<lambda_5df02c53a8f32f81fd64e5bbb78039f1>@@AEAV<lambda_2af78c5f5901b1372d98f9ab3177dfa6>@@AEAV<lambda_f51fe5fd7c79a33db34fc9310f277369>@@@?$__crt_seh_guarded_call@X@@QEAAX$$QEAV<lambda_5df02c53a8f32f81fd64e5bbb78039f1>@@AEAV<lambda_2af78c5f5901b1372d98f9ab3177dfa6>@@AEAV<lambda_f51fe5fd7c79a33db34fc9310f277369>@@@Z 000000018001b02c f i libucrt:wsetlocale.obj
 0001:0001a058       ??$?RV<lambda_d67e8342c384adda8f857579ab50b2ae>@@AEAV<lambda_30712929f77e709619002f448b6a9510>@@V<lambda_4525336fd7e478d965fb7ca7a337cad8>@@@?$__crt_seh_guarded_call@X@@QEAAX$$QEAV<lambda_d67e8342c384adda8f857579ab50b2ae>@@AEAV<lambda_30712929f77e709619002f448b6a9510>@@$$QEAV<lambda_4525336fd7e478d965fb7ca7a337cad8>@@@Z 000000018001b058 f i libucrt:wsetlocale.obj
 0001:0001a224       __acrt_copy_locale_name    000000018001b224 f   libucrt:wsetlocale.obj
 0001:0001a2a8       __acrt_set_locale_changed  000000018001b2a8 f   libucrt:wsetlocale.obj
 0001:0001a2b4       __acrt_uninitialize_locale 000000018001b2b4 f   libucrt:wsetlocale.obj
 0001:0001a2fc       __lc_lctowcs               000000018001b2fc f   libucrt:wsetlocale.obj
[...]
 0004:00002370       $pdata$__acrt_lowio_destroy_handle_array 0000000180040370     libucrt:osfinfo.obj
 0004:0000237c       $pdata$__acrt_lowio_ensure_fh_exists 000000018004037c     libucrt:osfinfo.obj
 0004:00002388       $pdata$_free_osfhnd        0000000180040388     libucrt:osfinfo.obj
 0004:00002394       $pdata$_get_osfhandle      0000000180040394     libucrt:osfinfo.obj
 0004:000023a0       $pdata$_call_matherr       00000001800403a0     libucrt:libm_error.obj
 0004:000023ac       $pdata$_exception_enabled  00000001800403ac     libucrt:libm_error.obj
 0004:000023b8       $pdata$_handle_error       00000001800403b8     libucrt:libm_error.obj
 0004:000023c4       $pdata$_handle_errorf      00000001800403c4     libucrt:libm_error.obj
 0004:000023d0       $pdata$_towlower_l         00000001800403d0     libucrt:towlower.obj
 0004:000023dc       $pdata$?shortsort@@YAXPEAD0_KP6AHPEBX2@Z@Z 00000001800403dc     libucrt:qsort.obj
 0004:000023e8       $pdata$2$?shortsort@@YAXPEAD0_KP6AHPEBX2@Z@Z 00000001800403e8     libucrt:qsort.obj
 0004:000023f4       $pdata$3$?shortsort@@YAXPEAD0_KP6AHPEBX2@Z@Z 00000001800403f4     libucrt:qsort.obj
 0004:00002400       $pdata$qsort               0000000180040400     libucrt:qsort.obj
 0004:0000240c       $pdata$4$qsort             000000018004040c     libucrt:qsort.obj
 0004:00002418       $pdata$5$qsort             0000000180040418     libucrt:qsort.obj
 0004:00002424       $pdata$strpbrk             0000000180040424     libucrt:strpbrk.obj
 0004:00002430       $pdata$_mbsdec_l           0000000180040430     libucrt:mbsdec.obj
 0004:0000243c       $pdata$?initialize_multibyte@@YAHXZ 000000018004043c     libucrt:multibyte_initializer.obj
 0004:00002448       $pdata$_msize              0000000180040448     libucrt:msize.obj
 0004:00002454       $pdata$??$common_xtox@K_W@@YAHKQEA_W_KI_N@Z 0000000180040454     libucrt:xtoa.obj
 0004:00002460       $pdata$??$common_xtox_s@K_W@@YAHKQEA_W_KI_N@Z 0000000180040460     libucrt:xtoa.obj
 0004:0000246c       $pdata$_itow_s             000000018004046c     libucrt:xtoa.obj
 0004:00002478       $pdata$_wcsnicmp           0000000180040478     libucrt:wcsnicmp.obj
 0004:00002484       $pdata$_wcsnicmp_l         0000000180040484     libucrt:wcsnicmp.obj
 0004:0000249c       $pdata$?write_double_translated_ansi_nolock@@YA?AUwrite_result@?A0x9c548279@@HQEBDI@Z 000000018004049c     libucrt:write.obj
 0004:000024a8       $pdata$?write_text_ansi_nolock@@YA?AUwrite_result@?A0x9c548279@@HQEBDI@Z 00000001800404a8     libucrt:write.obj
 0004:000024b4       $pdata$?write_text_utf16le_nolock@@YA?AUwrite_result@?A0x9c548279@@HQEBDI@Z 00000001800404b4     libucrt:write.obj
 0004:000024c0       $pdata$?write_text_utf8_nolock@@YA?AUwrite_result@?A0x9c548279@@HQEBDI@Z 00000001800404c0     libucrt:write.obj
 0004:000024cc       $pdata$_write              00000001800404cc     libucrt:write.obj
 0004:000024d8       $pdata$_write_nolock       00000001800404d8     libucrt:write.obj
 0004:000024e4       $pdata$??$common_lseek_nolock@_J@@YA_JH_JH@Z 00000001800404e4     libucrt:lseek.obj
 0004:000024f0       $pdata$_fclose_nolock      00000001800404f0     libucrt:fclose.obj
 0004:000024fc       $pdata$fclose              00000001800404fc     libucrt:fclose.obj
 0004:00002508       $pdata$??$?RV<lambda_b521505b218e5242e90febf6bfebc422>@@AEAV<lambda_6978c1fb23f02e42e1d9e99668cc68aa>@@V<lambda_314360699dd331753a4119843814e9a7>@@@?$__crt_seh_guarded_call@H@@QEAAH$$QEAV<lambda_b521505b218e5242e90febf6bfebc422>@@AEAV<lambda_6978c1fb23f02e42e1d9e99668cc68aa>@@$$QEAV<lambda_314360699dd331753a4119843814e9a7>@@@Z 0000000180040508     libucrt:commit.obj
 0004:00002514       $pdata$_commit             0000000180040514     libucrt:commit.obj
 0004:00002520       $pdata$__acrt_LCMapStringW 0000000180040520     libucrt:lcmapstringw.obj
 0004:0000252c       $pdata$_log10_special      000000018004052c     libucrt:log_special.obj
 0004:00002538       $pdata$_log_special_common 0000000180040538     libucrt:log_special.obj
 0004:00002544       $pdata$_putwch_nolock      0000000180040544     libucrt:putwch.obj
 0004:00002550       $pdata$??$?RV<lambda_bfedae4ebbf01fab1bb6dcc6a9e276e0>@@AEAV<lambda_2fe9b910cf3cbf4a0ab98a02ba45b3ec>@@V<lambda_237c231691f317818eb88cc1d5d642d6>@@@?$__crt_seh_guarded_call@H@@QEAAH$$QEAV<lambda_bfedae4ebbf01fab1bb6dcc6a9e276e0>@@AEAV<lambda_2fe9b910cf3cbf4a0ab98a02ba45b3ec>@@$$QEAV<lambda_237c231691f317818eb88cc1d5d642d6>@@@Z 0000000180040550     libucrt:close.obj
 0004:0000255c       $pdata$_close              000000018004055c     libucrt:close.obj
 0004:00002568       $pdata$_close_nolock       0000000180040568     libucrt:close.obj
 0004:00002574       $pdata$__dcrt_lowio_initialize_console_output 0000000180040574     libucrt:initcon.obj
 0004:00002580       $pdata$__dcrt_terminate_console_output 0000000180040580     libucrt:initcon.obj
 0004:0000258c       $pdata$?DloadAcquireSectionWriteAccess@@YAXXZ 000000018004058c     DelayImp:delayhlp.obj
 0004:00002598       $pdata$?DloadGetSRWLockFunctionPointers@@YAEXZ 0000000180040598     DelayImp:delayhlp.obj
 0004:000025a4       $pdata$?DloadMakePermanentImageCommit@@YAXPEAX_K@Z 00000001800405a4     DelayImp:delayhlp.obj
 0004:000025b0       $pdata$?DloadObtainSection@@YAPEAXPEAK0@Z 00000001800405b0     DelayImp:delayhlp.obj
 0004:000025bc       $pdata$?DloadProtectSection@@YAXKPEAK@Z 00000001800405bc     DelayImp:delayhlp.obj
 0004:000025c8       $pdata$?DloadReleaseSectionWriteAccess@@YAXXZ 00000001800405c8     DelayImp:delayhlp.obj
 0004:000025d4       $pdata$__delayLoadHelper2  00000001800405d4     DelayImp:delayhlp.obj
 0004:000025e0       $pdata$_IsNonwritableInCurrentImage 00000001800405e0     LIBCMT:pesect.obj
 0004:000025ec       $pdata$wcschr              00000001800405ec     libvcruntime:wcschr.obj
 0004:00002604       $pdata$__scrt_is_nonwritable_in_current_image$filt$0 0000000180040604     LIBCMT:utility.obj
 0004:00002610       $pdata$?fin$0@?0??dllmain_crt_process_attach@@YAHQEAUHINSTANCE__@@QEAX@Z@4HA 0000000180040610     LIBCMT:dll_dllmain.obj
 0004:0000261c       $pdata$?fin$0@?0??dllmain_crt_process_detach@@YAH_N@Z@4HA 000000018004061c     LIBCMT:dll_dllmain.obj
 0004:00002628       $pdata$?filt$0@?0??dllmain_dispatch@@YAHQEAUHINSTANCE__@@KQEAX@Z@4HA 0000000180040628     LIBCMT:dll_dllmain.obj
 0004:00002634       $pdata$__CxxCallCatchBlock$filt$0 0000000180040634     libvcruntime:frame.obj
 0004:00002640       $pdata$__CxxCallCatchBlock$fin$1 0000000180040640     libvcruntime:frame.obj
 0004:0000264c       $pdata$__DestructExceptionObject$filt$0 000000018004064c     libvcruntime:frame.obj
 0004:00002658       $pdata$__FrameUnwindToState$filt$0 0000000180040658     libvcruntime:frame.obj
 0004:00002664       $pdata$__FrameUnwindToState$fin$1 0000000180040664     libvcruntime:frame.obj
 0004:00002670       $pdata$_CallSETranslator$filt$0 0000000180040670     libvcruntime:trnsctrl.obj
 0004:0000267c       $pdata$setlocale$fin$0     000000018004067c     libucrt:setlocale.obj
 0004:00002688       $pdata$_query_new_handler$fin$0 0000000180040688     libucrt:new_handler.obj
 0004:00002694       $pdata$?filt$0@?0??common_exit@@YAXHW4_crt_exit_cleanup_mode@@W4_crt_exit_return_mode@@@Z@4HA 0000000180040694     libucrt:exit.obj
 0004:000026a0       $pdata$?fin$1@?0??common_exit@@YAXHW4_crt_exit_cleanup_mode@@W4_crt_exit_return_mode@@@Z@4HA 00000001800406a0     libucrt:exit.obj
 0004:000026ac       $pdata$?fin$0@?0???$?RV<lambda_e24bbb7b643b32fcea6fa61b31d4c984>@@AEAV<lambda_275893d493268fdec8709772e3fcec0e>@@V<lambda_9d71df4d7cf3f480f8d633942495c3b0>@@@?$__crt_seh_guarded_call@H@@QEAAH$$QEAV<lambda_e24bbb7b643b32fcea6fa61b31d4c984>@@AEAV<lambda_275893d493268fdec8709772e3fcec0e>@@$$QEAV<lambda_9d71df4d7cf3f480f8d633942495c3b0>@@@Z@4HA 00000001800406ac     libucrt:onexit.obj
 0004:000026b8       $pdata$raise$fin$0         00000001800406b8     libucrt:signal.obj
 0004:000026c4       $pdata$?fin$0@?0???$?RV<lambda_5e887d1dcbef67a5eb4283622ba103bf>@@AEAV<lambda_4466841279450cc726390878d4a41900>@@V<lambda_341c25c0346d94847f1f3c463c57e077>@@@?$__crt_seh_guarded_call@X@@QEAAX$$QEAV<lambda_5e887d1dcbef67a5eb4283622ba103bf>@@AEAV<lambda_4466841279450cc726390878d4a41900>@@$$QEAV<lambda_341c25c0346d94847f1f3c463c57e077>@@@Z@4HA 00000001800406c4     libucrt:per_thread_data.obj
 0004:000026c4       $pdata$?fin$0@?0???$?RV<lambda_99476a1ad63dd22509b5d3e65b0ffc95>@@AEAV<lambda_ad1ced32f4ac17aa236e5ef05d6b3b7c>@@V<lambda_f7424dd8d45958661754dc4f2697e9c3>@@@?$__crt_seh_guarded_call@X@@QEAAX$$QEAV<lambda_99476a1ad63dd22509b5d3e65b0ffc95>@@AEAV<lambda_ad1ced32f4ac17aa236e5ef05d6b3b7c>@@$$QEAV<lambda_f7424dd8d45958661754dc4f2697e9c3>@@@Z@4HA 00000001800406c4     libucrt:mbctype.obj
 0004:000026c4       $pdata$?fin$0@?0???$?RV<lambda_72d1df2b273a38828b1ce30cbf4cdab5>@@AEAV<lambda_876a65b173b8412d3a47c70a915b0cf4>@@V<lambda_41932305e351933ebe8f8be3ed8bb5dc>@@@?$__crt_seh_guarded_call@X@@QEAAX$$QEAV<lambda_72d1df2b273a38828b1ce30cbf4cdab5>@@AEAV<lambda_876a65b173b8412d3a47c70a915b0cf4>@@$$QEAV<lambda_41932305e351933ebe8f8be3ed8bb5dc>@@@Z@4HA 00000001800406c4     libucrt:per_thread_data.obj
 0004:000026c4       $pdata$?fin$0@?0???$?RV<lambda_d67e8342c384adda8f857579ab50b2ae>@@AEAV<lambda_30712929f77e709619002f448b6a9510>@@V<lambda_4525336fd7e478d965fb7ca7a337cad8>@@@?$__crt_seh_guarded_call@X@@QEAAX$$QEAV<lambda_d67e8342c384adda8f857579ab50b2ae>@@AEAV<lambda_30712929f77e709619002f448b6a9510>@@$$QEAV<lambda_4525336fd7e478d965fb7ca7a337cad8>@@@Z@4HA 00000001800406c4     libucrt:wsetlocale.obj
 0004:000026c4       $pdata$?fin$0@?0???$?RV<lambda_c36588078e9f5dfd39652860aa6b3aaf>@@AEAV<lambda_ec61778202f4f5fc7e7711acc23c3bca>@@V<lambda_dc9d2797ccde5d239b4a0efae8ebd7db>@@@?$__crt_seh_guarded_call@P6AXH@Z@@QEAAP6AXH@Z$$QEAV<lambda_c36588078e9f5dfd39652860aa6b3aaf>@@AEAV<lambda_ec61778202f4f5fc7e7711acc23c3bca>@@$$QEAV<lambda_dc9d2797ccde5d239b4a0efae8ebd7db>@@@Z@4HA 00000001800406c4     libucrt:signal.obj
 0004:000026c4       $pdata$?fin$0@?0???$?RV<lambda_46352004c1216016012b18bd6f87e700>@@AEAV<lambda_3bd07e1a1191394380780325891bf33f>@@V<lambda_334532d3f185bcaa59b5be82d7d22bff>@@@?$__crt_seh_guarded_call@X@@QEAAX$$QEAV<lambda_46352004c1216016012b18bd6f87e700>@@AEAV<lambda_3bd07e1a1191394380780325891bf33f>@@$$QEAV<lambda_334532d3f185bcaa59b5be82d7d22bff>@@@Z@4HA 00000001800406c4     libucrt:per_thread_data.obj
 0004:000026c4       $pdata$?fin$0@?0???$?RV<lambda_630b2aca97f6d20d5b5ea6529ea6b6af>@@AEAV<lambda_af91936f1d075d609f72d9d8cba980af>@@V<lambda_e82fa975f615b5c7c7b0e4d178fdae67>@@@?$__crt_seh_guarded_call@H@@QEAAH$$QEAV<lambda_630b2aca97f6d20d5b5ea6529ea6b6af>@@AEAV<lambda_af91936f1d075d609f72d9d8cba980af>@@$$QEAV<lambda_e82fa975f615b5c7c7b0e4d178fdae67>@@@Z@4HA 00000001800406c4     libucrt:winapi_thunks.obj
 0004:000026c4       $pdata$?fin$0@?0???$?RV<lambda_b8c45f8f788dd370798f47cfe8ac3a86>@@AEAV<lambda_4e60a939b0d047cfe11ddc22648dfba9>@@V<lambda_332c3edc96d0294ec56c57d38c1cdfd5>@@@?$__crt_seh_guarded_call@H@@QEAAH$$QEAV<lambda_b8c45f8f788dd370798f47cfe8ac3a86>@@AEAV<lambda_4e60a939b0d047cfe11ddc22648dfba9>@@$$QEAV<lambda_332c3edc96d0294ec56c57d38c1cdfd5>@@@Z@4HA 00000001800406c4     libucrt:onexit.obj
 0004:000026c4       $pdata$?fin$0@?0???$?RV<lambda_fb3a7dec4e47f37f22dae91bb15c9095>@@AEAV<lambda_698284760c8add0bfb0756c19673e34b>@@V<lambda_dfb8eca1e75fef3034a8fb18dd509707>@@@?$__crt_seh_guarded_call@X@@QEAAX$$QEAV<lambda_fb3a7dec4e47f37f22dae91bb15c9095>@@AEAV<lambda_698284760c8add0bfb0756c19673e34b>@@$$QEAV<lambda_dfb8eca1e75fef3034a8fb18dd509707>@@@Z@4HA 00000001800406c4     libucrt:per_thread_data.obj
 0004:000026d0       $pdata$?fin$0@?0???$?RV<lambda_5df02c53a8f32f81fd64e5bbb78039f1>@@AEAV<lambda_2af78c5f5901b1372d98f9ab3177dfa6>@@AEAV<lambda_f51fe5fd7c79a33db34fc9310f277369>@@@?$__crt_seh_guarded_call@X@@QEAAX$$QEAV<lambda_5df02c53a8f32f81fd64e5bbb78039f1>@@AEAV<lambda_2af78c5f5901b1372d98f9ab3177dfa6>@@AEAV<lambda_f51fe5fd7c79a33db34fc9310f277369>@@@Z@4HA 00000001800406d0     libucrt:wsetlocale.obj
 0004:000026dc       $pdata$__acrt_update_thread_locale_data$fin$0 00000001800406dc     libucrt:locale_refcounting.obj
 0004:000026dc       $pdata$__acrt_uninitialize_locale$fin$0 00000001800406dc     libucrt:wsetlocale.obj
 0004:000026e8       $pdata$_ctrlfp$filt$0      00000001800406e8     libucrt:fpctrl.obj
 0004:000026f4       $pdata$__acrt_update_thread_multibyte_data$fin$0 00000001800406f4     libucrt:mbctype.obj
 0004:00002700       $pdata$_fcloseall$fin$0    0000000180040700     libucrt:closeall.obj
 0004:0000270c       $pdata$common_flush_all$fin$0 000000018004070c     libucrt:fflush.obj
 0004:00002718       $pdata$common_flush_all$fin$1 0000000180040718     libucrt:fflush.obj
 0004:00002724       $pdata$__acrt_initialize_lowio$fin$0 0000000180040724     libucrt:ioinit.obj
 0004:00002724       $pdata$__acrt_lowio_ensure_fh_exists$fin$0 0000000180040724     libucrt:osfinfo.obj
 0004:00002730       $pdata$_write$fin$0        0000000180040730     libucrt:write.obj
 0004:0000273c       $pdata$fclose$fin$0        000000018004073c     libucrt:fclose.obj
 0004:00002748       $pdata$?fin$0@?0???$?RV<lambda_bfedae4ebbf01fab1bb6dcc6a9e276e0>@@AEAV<lambda_2fe9b910cf3cbf4a0ab98a02ba45b3ec>@@V<lambda_237c231691f317818eb88cc1d5d642d6>@@@?$__crt_seh_guarded_call@H@@QEAAH$$QEAV<lambda_bfedae4ebbf01fab1bb6dcc6a9e276e0>@@AEAV<lambda_2fe9b910cf3cbf4a0ab98a02ba45b3ec>@@$$QEAV<lambda_237c231691f317818eb88cc1d5d642d6>@@@Z@4HA 0000000180040748     libucrt:close.obj
 0004:00002748       $pdata$?fin$0@?0???$?RV<lambda_b521505b218e5242e90febf6bfebc422>@@AEAV<lambda_6978c1fb23f02e42e1d9e99668cc68aa>@@V<lambda_314360699dd331753a4119843814e9a7>@@@?$__crt_seh_guarded_call@H@@QEAAH$$QEAV<lambda_b521505b218e5242e90febf6bfebc422>@@AEAV<lambda_6978c1fb23f02e42e1d9e99668cc68aa>@@$$QEAV<lambda_314360699dd331753a4119843814e9a7>@@@Z@4HA 0000000180040748     libucrt:commit.obj
 0004:00002754       $pdata$_IsNonwritableInCurrentImage$filt$0 0000000180040754     LIBCMT:pesect.obj
 0004:00002760       $pdata$??__F_Fac_tidy_reg@std@@YAXXZ 0000000180040760     libcpmt:locale0.obj
 0004:0000276c       $pdata$??__Fclassic_locale@std@@YAXXZ 000000018004076c     libcpmt:locale0.obj
 0004:00002778       $pdata$??__Finit_atexit@@YAXXZ 0000000180040778     libcpmt:iosptrs.obj
 0005:00000000       __guard_fids__             0000000180041000     libucrt:initialization.obj
 0005:00000060       __guard_fids___acrt_initialize_ptd 0000000180041060     libucrt:per_thread_data.obj
 0005:00000064       __guard_fids__             0000000180041064     libucrt:wsetlocale.obj
 0005:0000007c       __guard_fids_??$?RV<lambda_630b2aca97f6d20d5b5ea6529ea6b6af>@@AEAV<lambda_af91936f1d075d609f72d9d8cba980af>@@V<lambda_e82fa975f615b5c7c7b0e4d178fdae67>@@@?$__crt_seh_guarded_call@H@@QEAAH$$QEAV<lambda_630b2aca97f6d20d5b5ea6529ea6b6af>@@AEAV<lambda_af91936f1d075d609f72d9d8cba980af>@@$$QEAV<lambda_e82fa975f615b5c7c7b0e4d178fdae67>@@@Z 000000018004107c     libucrt:winapi_thunks.obj
 0005:00000080       __guard_fids_??$expand_argument_wildcards@D@@YAHQEAD0AEAV?$argument_list@D@?A0xca0879c4@@@Z 0000000180041080     libucrt:argv_wildcards.obj
 0005:00000084       __guard_fids__             0000000180041084     libucrt:locale_initializer.obj
 0005:00000088       __guard_fids_GetLocaleNameFromLangCountry 0000000180041088     libucrt:get_qualified_locale.obj
 0005:0000008c       __guard_fids_GetLocaleNameFromLanguage 000000018004108c     libucrt:get_qualified_locale.obj
 0005:00000090       __guard_fids___acrt_get_qualified_locale_downlevel 0000000180041090     libucrt:getqloc_downlevel.obj
 0005:00000094       __guard_fids_GetLcidFromLangCountry 0000000180041094     libucrt:getqloc_downlevel.obj
 0005:00000098       __guard_fids_GetLcidFromLanguage 0000000180041098     libucrt:getqloc_downlevel.obj
 0005:0000009c       __guard_fids__             000000018004109c     libucrt:stdio_initializer.obj
 0005:000000a0       __guard_fids__             00000001800410a0     libucrt:stdio_initializer.obj
 0005:000000a4       __guard_fids__             00000001800410a4     libucrt:fma3_initializer.obj
 0005:000000a8       __guard_fids__             00000001800410a8     libucrt:timeset_initializer.obj
 0005:000000ac       __guard_fids__             00000001800410ac     libucrt:multibyte_initializer.obj
 0005:000000b0       __guard_fids__             00000001800410b0     libucrt:console_output_initializer.obj
 0005:000000b4       __guard_fids_??__Einitlocks@std@@YAXXZ 00000001800410b4     libcpmt:xlock.obj
 0005:000000b8       __guard_fids__             00000001800410b8     libcpmt:xlock.obj
 0005:000000bc       __guard_fids_??__E_Fac_tidy_reg@std@@YAXXZ 00000001800410bc     libcpmt:locale0.obj
 0005:000000c0       __guard_fids_?_Setgloballocale@locale@std@@CAXPEAX@Z 00000001800410c0     libcpmt:locale0.obj
 0005:000000c4       __guard_fids_??__Eclassic_locale@std@@YAXXZ 00000001800410c4     libcpmt:locale0.obj
 0005:000000c8       __guard_fids__             00000001800410c8     libcpmt:locale0.obj
 0005:000000d4       __guard_fids__             00000001800410d4     libcpmt:locale0.obj
 0005:000000e0       __guard_fids__             00000001800410e0     libcpmt:locale0.obj
 0005:000000e4       __guard_fids__             00000001800410e4     libcpmt:locale0.obj
 0005:000000e8       __guard_fids__             00000001800410e8     libcpmt:xthrow.obj
 0005:000000f0       __guard_fids__             00000001800410f0     libcpmt:xthrow.obj
 0005:000000f8       __guard_fids__             00000001800410f8     libcpmt:xthrow.obj
 0005:00000100       __guard_fids__             0000000180041100     libcpmt:xthrow.obj
 0005:00000108       __guard_fids__             0000000180041108     libcpmt:xthrow.obj
 0005:00000110       __guard_fids__             0000000180041110     libcpmt:xthrow.obj
 0005:00000118       __guard_fids__             0000000180041118     libcpmt:xthrow.obj
 0005:00000120       __guard_fids_??__Einitlocks@std@@YAXXZ 0000000180041120     libcpmt:iosptrs.obj
 0005:00000124       __guard_fids_??__Einit_atexit@@YAXXZ 0000000180041124     libcpmt:iosptrs.obj
 0005:00000128       __guard_fids__             0000000180041128     libcpmt:iosptrs.obj
 0005:0000012c       __guard_fids__             000000018004112c     libcpmt:iosptrs.obj
 0005:00000130       __guard_fids__             0000000180041130     libcpmt:locale.obj
 0005:0000015c       __guard_fids__             000000018004115c     libcpmt:winapisupp.obj
 0005:00000160       __guard_fids__             0000000180041160     libcpmt:xlocale.obj
 0005:00000178       __guard_fids__             0000000180041178     LIBCMT:thread_safe_statics.obj
 0005:0000017c       __guard_fids_?__scrt_initialize_thread_safe_statics@@YAHXZ 000000018004117c     LIBCMT:thread_safe_statics.obj
 0005:00000180       __guard_fids_?dllmain_crt_process_attach@@YAHQEAUHINSTANCE__@@QEAX@Z 0000000180041180     LIBCMT:dll_dllmain.obj
 0005:00000188       __guard_fids_?dllmain_dispatch@@YAHQEAUHINSTANCE__@@KQEAX@Z 0000000180041188     LIBCMT:dll_dllmain.obj
 0005:0000018c       __guard_fids__             000000018004118c     LIBCMT:std_type_info_static.obj
 0005:00000190       __guard_fids__             0000000180041190     LIBCMT:throw_bad_alloc.obj
 0005:00000198       __guard_fids__             0000000180041198     LIBCMT:guard_support.obj
 0005:0000019c       __guard_fids__             000000018004119c     libvcruntime:frame.obj
 0005:000001a0       __guard_fids__             00000001800411a0     libvcruntime:frame.obj
 0005:000001a8       __guard_fids__UnwindNestedFrames 00000001800411a8     libvcruntime:trnsctrl.obj
 0005:000001ac       __guard_fids___vcrt_initialize_ptd 00000001800411ac     libvcruntime:per_thread_data.obj
 0007:00000060       $R000000                   0000000180043060     * linker generated manifest res *

 Exports

  ordinal    name

        1    _register_addon_
